Archive member included to satisfy reference by file (symbol)

/usr/local/gcc-arm-none-eabi-6-2017-q2-update/bin/../lib/gcc/arm-none-eabi/6.3.1/../../../../arm-none-eabi/lib/thumb/v7e-m/fpv4-sp/hard/libc_nano.a(lib_a-exit.o)
                              /usr/local/gcc-arm-none-eabi-6-2017-q2-update/bin/../lib/gcc/arm-none-eabi/6.3.1/../../../../arm-none-eabi/lib/thumb/v7e-m/fpv4-sp/hard/crt0.o (exit)
/usr/local/gcc-arm-none-eabi-6-2017-q2-update/bin/../lib/gcc/arm-none-eabi/6.3.1/../../../../arm-none-eabi/lib/thumb/v7e-m/fpv4-sp/hard/libc_nano.a(lib_a-impure.o)
                              /usr/local/gcc-arm-none-eabi-6-2017-q2-update/bin/../lib/gcc/arm-none-eabi/6.3.1/../../../../arm-none-eabi/lib/thumb/v7e-m/fpv4-sp/hard/libc_nano.a(lib_a-exit.o) (_global_impure_ptr)
/usr/local/gcc-arm-none-eabi-6-2017-q2-update/bin/../lib/gcc/arm-none-eabi/6.3.1/../../../../arm-none-eabi/lib/thumb/v7e-m/fpv4-sp/hard/libc_nano.a(lib_a-init.o)
                              /usr/local/gcc-arm-none-eabi-6-2017-q2-update/bin/../lib/gcc/arm-none-eabi/6.3.1/../../../../arm-none-eabi/lib/thumb/v7e-m/fpv4-sp/hard/crt0.o (__libc_init_array)
/usr/local/gcc-arm-none-eabi-6-2017-q2-update/bin/../lib/gcc/arm-none-eabi/6.3.1/../../../../arm-none-eabi/lib/thumb/v7e-m/fpv4-sp/hard/libc_nano.a(lib_a-memcpy-stub.o)
                              _build/nrf52832_xxaa/queue.c.o (memcpy)
/usr/local/gcc-arm-none-eabi-6-2017-q2-update/bin/../lib/gcc/arm-none-eabi/6.3.1/../../../../arm-none-eabi/lib/thumb/v7e-m/fpv4-sp/hard/libc_nano.a(lib_a-memset.o)
                              /usr/local/gcc-arm-none-eabi-6-2017-q2-update/bin/../lib/gcc/arm-none-eabi/6.3.1/../../../../arm-none-eabi/lib/thumb/v7e-m/fpv4-sp/hard/crt0.o (memset)
/usr/local/gcc-arm-none-eabi-6-2017-q2-update/bin/../lib/gcc/arm-none-eabi/6.3.1/../../../../arm-none-eabi/lib/thumb/v7e-m/fpv4-sp/hard/libnosys.a(_exit.o)
                              /usr/local/gcc-arm-none-eabi-6-2017-q2-update/bin/../lib/gcc/arm-none-eabi/6.3.1/../../../../arm-none-eabi/lib/thumb/v7e-m/fpv4-sp/hard/libc_nano.a(lib_a-exit.o) (_exit)

Allocating common symbols
Common symbol       size              file

led_toggle_timer_handle
                    0x4               _build/nrf52832_xxaa/main.c.o
led1_toggle_task_handle
                    0x4               _build/nrf52832_xxaa/main.c.o
xQueueRegistry      0x10              _build/nrf52832_xxaa/queue.c.o
led2_toggle_task_handle
                    0x4               _build/nrf52832_xxaa/main.c.o
led0_toggle_task_handle
                    0x4               _build/nrf52832_xxaa/main.c.o

Discarded input sections

 .text          0x0000000000000000        0x0 /usr/local/gcc-arm-none-eabi-6-2017-q2-update/bin/../lib/gcc/arm-none-eabi/6.3.1/thumb/v7e-m/fpv4-sp/hard/crti.o
 .data          0x0000000000000000        0x0 /usr/local/gcc-arm-none-eabi-6-2017-q2-update/bin/../lib/gcc/arm-none-eabi/6.3.1/thumb/v7e-m/fpv4-sp/hard/crti.o
 .bss           0x0000000000000000        0x0 /usr/local/gcc-arm-none-eabi-6-2017-q2-update/bin/../lib/gcc/arm-none-eabi/6.3.1/thumb/v7e-m/fpv4-sp/hard/crti.o
 .data          0x0000000000000000        0x4 /usr/local/gcc-arm-none-eabi-6-2017-q2-update/bin/../lib/gcc/arm-none-eabi/6.3.1/thumb/v7e-m/fpv4-sp/hard/crtbegin.o
 .data          0x0000000000000000        0x0 /usr/local/gcc-arm-none-eabi-6-2017-q2-update/bin/../lib/gcc/arm-none-eabi/6.3.1/../../../../arm-none-eabi/lib/thumb/v7e-m/fpv4-sp/hard/crt0.o
 .bss           0x0000000000000000        0x0 /usr/local/gcc-arm-none-eabi-6-2017-q2-update/bin/../lib/gcc/arm-none-eabi/6.3.1/../../../../arm-none-eabi/lib/thumb/v7e-m/fpv4-sp/hard/crt0.o
 .ARM.extab     0x0000000000000000        0x0 /usr/local/gcc-arm-none-eabi-6-2017-q2-update/bin/../lib/gcc/arm-none-eabi/6.3.1/../../../../arm-none-eabi/lib/thumb/v7e-m/fpv4-sp/hard/crt0.o
 .data          0x0000000000000000        0x0 _build/nrf52832_xxaa/gcc_startup_nrf52.S.o
 .bss           0x0000000000000000        0x0 _build/nrf52832_xxaa/gcc_startup_nrf52.S.o
 .group         0x0000000000000000        0x8 _build/nrf52832_xxaa/boards.c.o
 .group         0x0000000000000000        0x8 _build/nrf52832_xxaa/boards.c.o
 .group         0x0000000000000000        0x8 _build/nrf52832_xxaa/boards.c.o
 .group         0x0000000000000000        0x8 _build/nrf52832_xxaa/boards.c.o
 .group         0x0000000000000000        0x8 _build/nrf52832_xxaa/boards.c.o
 .group         0x0000000000000000        0x8 _build/nrf52832_xxaa/boards.c.o
 .group         0x0000000000000000        0x8 _build/nrf52832_xxaa/boards.c.o
 .group         0x0000000000000000        0x8 _build/nrf52832_xxaa/boards.c.o
 .group         0x0000000000000000        0x8 _build/nrf52832_xxaa/boards.c.o
 .group         0x0000000000000000        0x8 _build/nrf52832_xxaa/boards.c.o
 .group         0x0000000000000000        0x8 _build/nrf52832_xxaa/boards.c.o
 .group         0x0000000000000000        0x8 _build/nrf52832_xxaa/boards.c.o
[...]
Memory Configuration

Name             Origin             Length             Attributes
FLASH            0x0000000000000000 0x0000000000080000 xr
RAM              0x0000000020000000 0x0000000000010000 xrw
*default*        0x0000000000000000 0xffffffffffffffff

Linker script and memory map


.text           0x0000000000000000     0x2d00
 *(.isr_vector)
 .isr_vector    0x0000000000000000      0x200 _build/nrf52832_xxaa/gcc_startup_nrf52.S.o
                0x0000000000000000                __isr_vector
 *(.text*)
 .text          0x0000000000000200       0x6c /usr/local/gcc-arm-none-eabi-6-2017-q2-update/bin/../lib/gcc/arm-none-eabi/6.3.1/thumb/v7e-m/fpv4-sp/hard/crtbegin.o
 .text          0x000000000000026c       0x74 /usr/local/gcc-arm-none-eabi-6-2017-q2-update/bin/../lib/gcc/arm-none-eabi/6.3.1/../../../../arm-none-eabi/lib/thumb/v7e-m/fpv4-sp/hard/crt0.o
                0x000000000000026c                _mainCRTStartup
                0x000000000000026c                _start
 .text          0x00000000000002e0       0x3c _build/nrf52832_xxaa/gcc_startup_nrf52.S.o
                0x00000000000002e0                Reset_Handler
                0x0000000000000308                NMI_Handler
                0x000000000000030a                HardFault_Handler
                0x000000000000030c                MemoryManagement_Handler
                0x000000000000030e                BusFault_Handler
                0x0000000000000310                UsageFault_Handler
                0x0000000000000314                DebugMon_Handler
                0x0000000000000318                SysTick_Handler
                0x000000000000031a                TIMER2_IRQHandler
                0x000000000000031a                RTC0_IRQHandler
                0x000000000000031a                SWI0_EGU0_IRQHandler
                0x000000000000031a                SWI2_EGU2_IRQHandler
                0x000000000000031a                PWM1_IRQHandler
                0x000000000000031a                RADIO_IRQHandler
                0x000000000000031a                PDM_IRQHandler
                0x000000000000031a                TEMP_IRQHandler
                0x000000000000031a                QDEC_IRQHandler
                0x000000000000031a                TIMER3_IRQHandler
                0x000000000000031a                FPU_IRQHandler
                0x000000000000031a                SPIM0_SPIS0_TWIM0_TWIS0_SPI0_TWI0_IRQHandler
                0x000000000000031a                UARTE0_UART0_IRQHandler
                0x000000000000031a                TIMER4_IRQHandler
                0x000000000000031a                I2S_IRQHandler
                0x000000000000031a                SWI4_EGU4_IRQHandler
                0x000000000000031a                TIMER0_IRQHandler
                0x000000000000031a                TIMER1_IRQHandler
                0x000000000000031a                PWM2_IRQHandler
                0x000000000000031a                ECB_IRQHandler
                0x000000000000031a                SPIM1_SPIS1_TWIM1_TWIS1_SPI1_TWI1_IRQHandler
                0x000000000000031a                Default_Handler
                0x000000000000031a                SAADC_IRQHandler
                0x000000000000031a                CCM_AAR_IRQHandler
                0x000000000000031a                WDT_IRQHandler
                0x000000000000031a                SWI5_EGU5_IRQHandler
                0x000000000000031a                RNG_IRQHandler
                0x000000000000031a                RTC2_IRQHandler
                0x000000000000031a                PWM0_IRQHandler
                0x000000000000031a                SWI3_EGU3_IRQHandler
                0x000000000000031a                SWI1_EGU1_IRQHandler
                0x000000000000031a                SPIM2_SPIS2_SPI2_IRQHandler
                0x000000000000031a                NFCT_IRQHandler
                0x000000000000031a                MWU_IRQHandler
                0x000000000000031a                COMP_LPCOMP_IRQHandler
 .text.bsp_board_led_invert
                0x000000000000031c       0x24 _build/nrf52832_xxaa/boards.c.o
                0x000000000000031c                bsp_board_led_invert
 .text.bsp_board_init
                0x0000000000000340       0x5c _build/nrf52832_xxaa/boards.c.o
                0x0000000000000340                bsp_board_init
 .text.pvPortMalloc
                0x000000000000039c       0x58 _build/nrf52832_xxaa/heap_1.c.o
                0x000000000000039c                pvPortMalloc
 .text.vPortFree
                0x00000000000003f4        0x4 _build/nrf52832_xxaa/heap_1.c.o
                0x00000000000003f4                vPortFree
 .text.vListInitialise
                0x00000000000003f8       0x18 _build/nrf52832_xxaa/list.c.o
                0x00000000000003f8                vListInitialise
 .text.vListInitialiseItem
                0x0000000000000410        0x8 _build/nrf52832_xxaa/list.c.o
                0x0000000000000410                vListInitialiseItem
 .text.vListInsertEnd
                0x0000000000000418       0x18 _build/nrf52832_xxaa/list.c.o
                0x0000000000000418                vListInsertEnd
 .text.vListInsert
                0x0000000000000430       0x34 _build/nrf52832_xxaa/list.c.o
                0x0000000000000430                vListInsert
 .text.uxListRemove
                0x0000000000000464       0x28 _build/nrf52832_xxaa/list.c.o
                0x0000000000000464                uxListRemove
 .text.vPortStartFirstTask
                0x000000000000048c       0x1c _build/nrf52832_xxaa/port.c.o
                0x000000000000048c                vPortStartFirstTask
 .text.SVC_Handler
                0x00000000000004a8       0x20 _build/nrf52832_xxaa/port.c.o
                0x00000000000004a8                SVC_Handler
 .text.PendSV_Handler
                0x00000000000004c8       0x60 _build/nrf52832_xxaa/port.c.o
                0x00000000000004c8                PendSV_Handler
 .text.prvTaskExitError
                0x0000000000000528        0x8 _build/nrf52832_xxaa/port_cmsis.c.o
 .text.pxPortInitialiseStack
                0x0000000000000530       0x2c _build/nrf52832_xxaa/port_cmsis.c.o
                0x0000000000000530                pxPortInitialiseStack
 .text.xPortStartScheduler
                0x000000000000055c       0x4c _build/nrf52832_xxaa/port_cmsis.c.o
                0x000000000000055c                xPortStartScheduler
 .text.vPortEnterCritical
                0x00000000000005a8       0x14 _build/nrf52832_xxaa/port_cmsis.c.o
                0x00000000000005a8                vPortEnterCritical
 .text.vPortExitCritical
                0x00000000000005bc       0x14 _build/nrf52832_xxaa/port_cmsis.c.o
                0x00000000000005bc                vPortExitCritical
 .text.RTC1_IRQHandler
                0x00000000000005d0       0x88 _build/nrf52832_xxaa/port_cmsis_systick.c.o
                0x00000000000005d0                RTC1_IRQHandler
 .text.vPortSetupTimerInterrupt
                0x0000000000000658       0x40 _build/nrf52832_xxaa/port_cmsis_systick.c.o
                0x0000000000000658                vPortSetupTimerInterrupt
 .text.vPortSuppressTicksAndSleep
                0x0000000000000698       0xc0 _build/nrf52832_xxaa/port_cmsis_systick.c.o
                0x0000000000000698                vPortSuppressTicksAndSleep
 .text.xQueueGenericCreate
                0x0000000000000758       0x64 _build/nrf52832_xxaa/queue.c.o
                0x0000000000000758                xQueueGenericCreate
 .text.xQueueGenericSend
                0x00000000000007bc      0x388 _build/nrf52832_xxaa/queue.c.o
                0x00000000000007bc                xQueueGenericSend
 .text.xQueueGenericSendFromISR
                0x0000000000000b44       0xf4 _build/nrf52832_xxaa/queue.c.o
                0x0000000000000b44                xQueueGenericSendFromISR
 .text.xQueueReceive
                0x0000000000000c38      0x314 _build/nrf52832_xxaa/queue.c.o
                0x0000000000000c38                xQueueReceive
 .text.vQueueAddToRegistry
                0x0000000000000f4c       0x24 _build/nrf52832_xxaa/queue.c.o
                0x0000000000000f4c                vQueueAddToRegistry
 .text.vQueueWaitForMessageRestricted
                0x0000000000000f70       0xcc _build/nrf52832_xxaa/queue.c.o
                0x0000000000000f70                vQueueWaitForMessageRestricted
 .text.xTaskCreate
                0x000000000000103c      0x1ec _build/nrf52832_xxaa/tasks.c.o
                0x000000000000103c                xTaskCreate
 .text.vTaskStartScheduler
                0x0000000000001228      0x1d8 _build/nrf52832_xxaa/tasks.c.o
                0x0000000000001228                vTaskStartScheduler
 .text.vTaskSuspendAll
                0x0000000000001400       0x10 _build/nrf52832_xxaa/tasks.c.o
                0x0000000000001400                vTaskSuspendAll
 .text.xTaskGetTickCount
                0x0000000000001410        0xc _build/nrf52832_xxaa/tasks.c.o
                0x0000000000001410                xTaskGetTickCount
 .text.vTaskStepTick
                0x000000000000141c       0x10 _build/nrf52832_xxaa/tasks.c.o
                0x000000000000141c                vTaskStepTick
 .text.xTaskIncrementTick
                0x000000000000142c      0x128 _build/nrf52832_xxaa/tasks.c.o
                0x000000000000142c                xTaskIncrementTick
 .text.xTaskResumeAll
                0x0000000000001554      0x11c _build/nrf52832_xxaa/tasks.c.o
                0x0000000000001554                xTaskResumeAll
 .text.vTaskDelay
                0x0000000000001670       0x9c _build/nrf52832_xxaa/tasks.c.o
                0x0000000000001670                vTaskDelay
 .text.prvIdleTask
                0x000000000000170c       0xf0 _build/nrf52832_xxaa/tasks.c.o
 .text.vTaskSwitchContext
                0x00000000000017fc       0x58 _build/nrf52832_xxaa/tasks.c.o
                0x00000000000017fc                vTaskSwitchContext
 .text.vTaskPlaceOnEventList
                0x0000000000001854       0x90 _build/nrf52832_xxaa/tasks.c.o
                0x0000000000001854                vTaskPlaceOnEventList
 .text.vTaskPlaceOnEventListRestricted
                0x00000000000018e4       0xa8 _build/nrf52832_xxaa/tasks.c.o
                0x00000000000018e4                vTaskPlaceOnEventListRestricted
 .text.xTaskRemoveFromEventList
                0x000000000000198c       0xa0 _build/nrf52832_xxaa/tasks.c.o
                0x000000000000198c                xTaskRemoveFromEventList
 .text.vTaskInternalSetTimeOutState
                0x0000000000001a2c       0x18 _build/nrf52832_xxaa/tasks.c.o
                0x0000000000001a2c                vTaskInternalSetTimeOutState
 .text.xTaskCheckForTimeOut
                0x0000000000001a44       0x70 _build/nrf52832_xxaa/tasks.c.o
                0x0000000000001a44                xTaskCheckForTimeOut
 .text.vTaskMissedYield
                0x0000000000001ab4        0xc _build/nrf52832_xxaa/tasks.c.o
                0x0000000000001ab4                vTaskMissedYield
 .text.eTaskConfirmSleepModeStatus
                0x0000000000001ac0       0x34 _build/nrf52832_xxaa/tasks.c.o
                0x0000000000001ac0                eTaskConfirmSleepModeStatus
 .text.xTaskGetSchedulerState
                0x0000000000001af4       0x20 _build/nrf52832_xxaa/tasks.c.o
                0x0000000000001af4                xTaskGetSchedulerState
 .text.xTaskPriorityDisinherit
                0x0000000000001b14       0x84 _build/nrf52832_xxaa/tasks.c.o
                0x0000000000001b14                xTaskPriorityDisinherit
 .text.xTimerCreateTimerTask
                0x0000000000001b98       0x84 _build/nrf52832_xxaa/timers.c.o
                0x0000000000001b98                xTimerCreateTimerTask
 .text.xTimerCreate
                0x0000000000001c1c       0x9c _build/nrf52832_xxaa/timers.c.o
                0x0000000000001c1c                xTimerCreate
 .text.xTimerGenericCommand
                0x0000000000001cb8       0x58 _build/nrf52832_xxaa/timers.c.o
                0x0000000000001cb8                xTimerGenericCommand
 .text.prvTimerTask
                0x0000000000001d10      0x2bc _build/nrf52832_xxaa/timers.c.o
 .text.app_error_handler_bare
                0x0000000000001fcc       0x20 _build/nrf52832_xxaa/app_error.c.o
                0x0000000000001fcc                app_error_handler_bare
 .text.app_error_fault_handler
                0x0000000000001fec       0x34 _build/nrf52832_xxaa/app_error_weak.c.o
                0x0000000000001fec                app_error_fault_handler
 .text.app_util_critical_region_enter
                0x0000000000002020       0x10 _build/nrf52832_xxaa/app_util_platform.c.o
                0x0000000000002020                app_util_critical_region_enter
 .text.app_util_critical_region_exit
                0x0000000000002030       0x14 _build/nrf52832_xxaa/app_util_platform.c.o
                0x0000000000002030                app_util_critical_region_exit
 .text.clock_irq_handler
                0x0000000000002044       0x40 _build/nrf52832_xxaa/nrf_drv_clock.c.o
 .text.nrf_drv_clock_init
                0x0000000000002084       0x38 _build/nrf52832_xxaa/nrf_drv_clock.c.o
                0x0000000000002084                nrf_drv_clock_init
 .text.nrf_drv_clock_lfclk_request
                0x00000000000020bc       0x5c _build/nrf52832_xxaa/nrf_drv_clock.c.o
                0x00000000000020bc                nrf_drv_clock_lfclk_request
 .text.nrfx_clock_init
                0x0000000000002118       0x1c _build/nrf52832_xxaa/nrfx_clock.c.o
                0x0000000000002118                nrfx_clock_init
 .text.nrfx_clock_enable
                0x0000000000002134       0x28 _build/nrf52832_xxaa/nrfx_clock.c.o
                0x0000000000002134                nrfx_clock_enable
 .text.nrfx_clock_lfclk_start
                0x000000000000215c       0x60 _build/nrf52832_xxaa/nrfx_clock.c.o
                0x000000000000215c                nrfx_clock_lfclk_start
 .text.POWER_CLOCK_IRQHandler
                0x00000000000021bc       0x60 _build/nrf52832_xxaa/nrfx_clock.c.o
                0x00000000000021bc                POWER_CLOCK_IRQHandler
 .text.GPIOTE_IRQHandler
                0x000000000000221c      0x528 _build/nrf52832_xxaa/nrfx_gpiote.c.o
                0x000000000000221c                GPIOTE_IRQHandler
 .text.led_toggle_timer_callback
                0x0000000000002744        0x8 _build/nrf52832_xxaa/main.c.o
 .text.led2_toggle_task_function
                0x000000000000274c       0x14 _build/nrf52832_xxaa/main.c.o
 .text.led1_toggle_task_function
                0x0000000000002760       0x14 _build/nrf52832_xxaa/main.c.o
 .text.led0_toggle_task_function
                0x0000000000002774       0x10 _build/nrf52832_xxaa/main.c.o
 .text.startup.main
                0x0000000000002784       0xc0 _build/nrf52832_xxaa/main.c.o
                0x0000000000002784                main
 .text.SystemInit
                0x0000000000002844      0x3cc _build/nrf52832_xxaa/system_nrf52.c.o
                0x0000000000002844                SystemInit
 .text.exit     0x0000000000002c10       0x28 /usr/local/gcc-arm-none-eabi-6-2017-q2-update/bin/../lib/gcc/arm-none-eabi/6.3.1/../../../../arm-none-eabi/lib/thumb/v7e-m/fpv4-sp/hard/libc_nano.a(lib_a-exit.o)
                0x0000000000002c10                exit
 .text.__libc_init_array
                0x0000000000002c38       0x48 /usr/local/gcc-arm-none-eabi-6-2017-q2-update/bin/../lib/gcc/arm-none-eabi/6.3.1/../../../../arm-none-eabi/lib/thumb/v7e-m/fpv4-sp/hard/libc_nano.a(lib_a-init.o)
                0x0000000000002c38                __libc_init_array
 .text.memcpy   0x0000000000002c80       0x16 /usr/local/gcc-arm-none-eabi-6-2017-q2-update/bin/../lib/gcc/arm-none-eabi/6.3.1/../../../../arm-none-eabi/lib/thumb/v7e-m/fpv4-sp/hard/libc_nano.a(lib_a-memcpy-stub.o)
                0x0000000000002c80                memcpy
 .text.memset   0x0000000000002c96       0x10 /usr/local/gcc-arm-none-eabi-6-2017-q2-update/bin/../lib/gcc/arm-none-eabi/6.3.1/../../../../arm-none-eabi/lib/thumb/v7e-m/fpv4-sp/hard/libc_nano.a(lib_a-memset.o)
                0x0000000000002c96                memset
 *fill*         0x0000000000002ca6        0x2 
 .text._exit    0x0000000000002ca8        0x4 /usr/local/gcc-arm-none-eabi-6-2017-q2-update/bin/../lib/gcc/arm-none-eabi/6.3.1/../../../../arm-none-eabi/lib/thumb/v7e-m/fpv4-sp/hard/libnosys.a(_exit.o)
                0x0000000000002ca8                _exit
 *(.init)
 .init          0x0000000000002cac        0x4 /usr/local/gcc-arm-none-eabi-6-2017-q2-update/bin/../lib/gcc/arm-none-eabi/6.3.1/thumb/v7e-m/fpv4-sp/hard/crti.o
                0x0000000000002cac                _init
 .init          0x0000000000002cb0        0x8 /usr/local/gcc-arm-none-eabi-6-2017-q2-update/bin/../lib/gcc/arm-none-eabi/6.3.1/thumb/v7e-m/fpv4-sp/hard/crtn.o
 *(.fini)
 .fini          0x0000000000002cb8        0x4 /usr/local/gcc-arm-none-eabi-6-2017-q2-update/bin/../lib/gcc/arm-none-eabi/6.3.1/thumb/v7e-m/fpv4-sp/hard/crti.o
                0x0000000000002cb8                _fini
 .fini          0x0000000000002cbc        0x8 /usr/local/gcc-arm-none-eabi-6-2017-q2-update/bin/../lib/gcc/arm-none-eabi/6.3.1/thumb/v7e-m/fpv4-sp/hard/crtn.o
 *crtbegin.o(.ctors)
 *crtbegin?.o(.ctors)
 *(EXCLUDE_FILE(*crtend.o *crtend?.o) .ctors)
 *(SORT(.ctors.*))
 *(.ctors)
 *crtbegin.o(.dtors)
 *crtbegin?.o(.dtors)
 *(EXCLUDE_FILE(*crtend.o *crtend?.o) .dtors)
 *(SORT(.dtors.*))
 *(.dtors)
 *(.rodata*)
 .rodata.m_board_led_list
                0x0000000000002cc4        0x4 _build/nrf52832_xxaa/boards.c.o
 .rodata.xTimerCreateTimerTask.str1.4
                0x0000000000002cc8       0x10 _build/nrf52832_xxaa/timers.c.o
 .rodata.main.str1.4
                0x0000000000002cd8       0x20 _build/nrf52832_xxaa/main.c.o
                                         0x1d (size before relaxing)
 .rodata._global_impure_ptr
                0x0000000000002cf8        0x4 /usr/local/gcc-arm-none-eabi-6-2017-q2-update/bin/../lib/gcc/arm-none-eabi/6.3.1/../../../../arm-none-eabi/lib/thumb/v7e-m/fpv4-sp/hard/libc_nano.a(lib_a-impure.o)
                0x0000000000002cf8                _global_impure_ptr
 *(.eh_frame*)
 .eh_frame      0x0000000000002cfc        0x0 /usr/local/gcc-arm-none-eabi-6-2017-q2-update/bin/../lib/gcc/arm-none-eabi/6.3.1/thumb/v7e-m/fpv4-sp/hard/crtbegin.o
 .eh_frame      0x0000000000002cfc        0x4 /usr/local/gcc-arm-none-eabi-6-2017-q2-update/bin/../lib/gcc/arm-none-eabi/6.3.1/thumb/v7e-m/fpv4-sp/hard/crtend.o

.glue_7         0x0000000000002d00        0x0
 .glue_7        0x0000000000002d00        0x0 linker stubs

.glue_7t        0x0000000000002d00        0x0
 .glue_7t       0x0000000000002d00        0x0 linker stubs

.vfp11_veneer   0x0000000000002d00        0x0
 .vfp11_veneer  0x0000000000002d00        0x0 linker stubs

.v4_bx          0x0000000000002d00        0x0
 .v4_bx         0x0000000000002d00        0x0 linker stubs

.iplt           0x0000000000002d00        0x0
 .iplt          0x0000000000002d00        0x0 /usr/local/gcc-arm-none-eabi-6-2017-q2-update/bin/../lib/gcc/arm-none-eabi/6.3.1/thumb/v7e-m/fpv4-sp/hard/crtbegin.o

.mem_section_dummy_rom

.log_const_data
                0x0000000000002d00        0x0
                [!provide]                        PROVIDE (__start_log_const_data, .)
 *(SORT(.log_const_data*))
                [!provide]                        PROVIDE (__stop_log_const_data, .)

.nrf_balloc     0x0000000000002d00        0x0
                [!provide]                        PROVIDE (__start_nrf_balloc, .)
 *(.nrf_balloc)
                [!provide]                        PROVIDE (__stop_nrf_balloc, .)

.ARM.extab
 *(.ARM.extab* .gnu.linkonce.armextab.*)
                0x0000000000002d00                __exidx_start = .

.ARM.exidx      0x0000000000002d00        0x8
 *(.ARM.exidx* .gnu.linkonce.armexidx.*)
 .ARM.exidx     0x0000000000002d00        0x8 /usr/local/gcc-arm-none-eabi-6-2017-q2-update/bin/../lib/gcc/arm-none-eabi/6.3.1/../../../../arm-none-eabi/lib/thumb/v7e-m/fpv4-sp/hard/crt0.o
                0x0000000000002d08                __exidx_end = .
                0x0000000000002d08                __etext = .

.rel.dyn        0x0000000000002d08        0x0
 .rel.iplt      0x0000000000002d08        0x0 /usr/local/gcc-arm-none-eabi-6-2017-q2-update/bin/../lib/gcc/arm-none-eabi/6.3.1/thumb/v7e-m/fpv4-sp/hard/crtbegin.o

.data           0x0000000020000000       0x70 load address 0x0000000000002d08
                0x0000000020000000                __data_start__ = .
 *(vtable)
 *(.data*)
 .data.SystemCoreClock
                0x0000000020000000        0x4 _build/nrf52832_xxaa/system_nrf52.c.o
                0x0000000020000000                SystemCoreClock
 .data.impure_data
                0x0000000020000004       0x60 /usr/local/gcc-arm-none-eabi-6-2017-q2-update/bin/../lib/gcc/arm-none-eabi/6.3.1/../../../../arm-none-eabi/lib/thumb/v7e-m/fpv4-sp/hard/libc_nano.a(lib_a-impure.o)
                0x0000000020000064                . = ALIGN (0x4)
                0x0000000020000064                PROVIDE (__preinit_array_start, .)
 *(.preinit_array)
                0x0000000020000064                PROVIDE (__preinit_array_end, .)
                0x0000000020000064                . = ALIGN (0x4)
                0x0000000020000064                PROVIDE (__init_array_start, .)
 *(SORT(.init_array.*))
 *(.init_array)
 .init_array    0x0000000020000064        0x4 /usr/local/gcc-arm-none-eabi-6-2017-q2-update/bin/../lib/gcc/arm-none-eabi/6.3.1/thumb/v7e-m/fpv4-sp/hard/crtbegin.o
                0x0000000020000068                PROVIDE (__init_array_end, .)
                0x0000000020000068                . = ALIGN (0x4)
                [!provide]                        PROVIDE (__fini_array_start, .)
 *(SORT(.fini_array.*))
 *(.fini_array)
 .fini_array    0x0000000020000068        0x4 /usr/local/gcc-arm-none-eabi-6-2017-q2-update/bin/../lib/gcc/arm-none-eabi/6.3.1/thumb/v7e-m/fpv4-sp/hard/crtbegin.o
                [!provide]                        PROVIDE (__fini_array_end, .)
 *(.jcr*)
 .jcr           0x000000002000006c        0x0 /usr/local/gcc-arm-none-eabi-6-2017-q2-update/bin/../lib/gcc/arm-none-eabi/6.3.1/thumb/v7e-m/fpv4-sp/hard/crtbegin.o
 .jcr           0x000000002000006c        0x4 /usr/local/gcc-arm-none-eabi-6-2017-q2-update/bin/../lib/gcc/arm-none-eabi/6.3.1/thumb/v7e-m/fpv4-sp/hard/crtend.o
                0x0000000020000070                . = ALIGN (0x4)
                0x0000000020000070                __data_end__ = .
LOAD /usr/local/gcc-arm-none-eabi-6-2017-q2-update/bin/../lib/gcc/arm-none-eabi/6.3.1/thumb/v7e-m/fpv4-sp/hard/crti.o
LOAD /usr/local/gcc-arm-none-eabi-6-2017-q2-update/bin/../lib/gcc/arm-none-eabi/6.3.1/thumb/v7e-m/fpv4-sp/hard/crtbegin.o
LOAD /usr/local/gcc-arm-none-eabi-6-2017-q2-update/bin/../lib/gcc/arm-none-eabi/6.3.1/../../../../arm-none-eabi/lib/thumb/v7e-m/fpv4-sp/hard/crt0.o
LOAD _build/nrf52832_xxaa/gcc_startup_nrf52.S.o
LOAD _build/nrf52832_xxaa/boards.c.o
LOAD _build/nrf52832_xxaa/croutine.c.o
LOAD _build/nrf52832_xxaa/event_groups.c.o
LOAD _build/nrf52832_xxaa/heap_1.c.o
LOAD _build/nrf52832_xxaa/list.c.o
LOAD _build/nrf52832_xxaa/port.c.o
LOAD _build/nrf52832_xxaa/port_cmsis.c.o
LOAD _build/nrf52832_xxaa/port_cmsis_systick.c.o
LOAD _build/nrf52832_xxaa/queue.c.o
LOAD _build/nrf52832_xxaa/stream_buffer.c.o
LOAD _build/nrf52832_xxaa/tasks.c.o
LOAD _build/nrf52832_xxaa/timers.c.o
LOAD _build/nrf52832_xxaa/app_button.c.o
LOAD _build/nrf52832_xxaa/app_error.c.o
LOAD _build/nrf52832_xxaa/app_error_handler_gcc.c.o
LOAD _build/nrf52832_xxaa/app_error_weak.c.o
LOAD _build/nrf52832_xxaa/app_timer_freertos.c.o
LOAD _build/nrf52832_xxaa/app_util_platform.c.o
LOAD _build/nrf52832_xxaa/nrf_assert.c.o
LOAD _build/nrf52832_xxaa/nrf_strerror.c.o
LOAD _build/nrf52832_xxaa/nrf_drv_clock.c.o
LOAD _build/nrf52832_xxaa/nrf_nvic.c.o
LOAD _build/nrf52832_xxaa/nrf_soc.c.o
LOAD _build/nrf52832_xxaa/nrfx_clock.c.o
LOAD _build/nrf52832_xxaa/nrfx_gpiote.c.o
LOAD _build/nrf52832_xxaa/nrfx_power_clock.c.o
LOAD _build/nrf52832_xxaa/bsp.c.o
LOAD _build/nrf52832_xxaa/main.c.o
LOAD _build/nrf52832_xxaa/system_nrf52.c.o
LOAD /usr/local/gcc-arm-none-eabi-6-2017-q2-update/bin/../lib/gcc/arm-none-eabi/6.3.1/../../../../arm-none-eabi/lib/thumb/v7e-m/fpv4-sp/hard/libc_nano.a
LOAD /usr/local/gcc-arm-none-eabi-6-2017-q2-update/bin/../lib/gcc/arm-none-eabi/6.3.1/../../../../arm-none-eabi/lib/thumb/v7e-m/fpv4-sp/hard/libnosys.a
LOAD /usr/local/gcc-arm-none-eabi-6-2017-q2-update/bin/../lib/gcc/arm-none-eabi/6.3.1/../../../../arm-none-eabi/lib/thumb/v7e-m/fpv4-sp/hard/libm.a
START GROUP
LOAD /usr/local/gcc-arm-none-eabi-6-2017-q2-update/bin/../lib/gcc/arm-none-eabi/6.3.1/thumb/v7e-m/fpv4-sp/hard/libgcc.a
LOAD /usr/local/gcc-arm-none-eabi-6-2017-q2-update/bin/../lib/gcc/arm-none-eabi/6.3.1/../../../../arm-none-eabi/lib/thumb/v7e-m/fpv4-sp/hard/libg_nano.a
LOAD /usr/local/gcc-arm-none-eabi-6-2017-q2-update/bin/../lib/gcc/arm-none-eabi/6.3.1/../../../../arm-none-eabi/lib/thumb/v7e-m/fpv4-sp/hard/libc_nano.a
END GROUP
START GROUP
LOAD /usr/local/gcc-arm-none-eabi-6-2017-q2-update/bin/../lib/gcc/arm-none-eabi/6.3.1/thumb/v7e-m/fpv4-sp/hard/libgcc.a
LOAD /usr/local/gcc-arm-none-eabi-6-2017-q2-update/bin/../lib/gcc/arm-none-eabi/6.3.1/../../../../arm-none-eabi/lib/thumb/v7e-m/fpv4-sp/hard/libc_nano.a
END GROUP
LOAD /usr/local/gcc-arm-none-eabi-6-2017-q2-update/bin/../lib/gcc/arm-none-eabi/6.3.1/thumb/v7e-m/fpv4-sp/hard/crtend.o
LOAD /usr/local/gcc-arm-none-eabi-6-2017-q2-update/bin/../lib/gcc/arm-none-eabi/6.3.1/thumb/v7e-m/fpv4-sp/hard/crtn.o
START GROUP
LOAD /usr/local/gcc-arm-none-eabi-6-2017-q2-update/bin/../lib/gcc/arm-none-eabi/6.3.1/thumb/v7e-m/fpv4-sp/hard/libgcc.a
LOAD /usr/local/gcc-arm-none-eabi-6-2017-q2-update/bin/../lib/gcc/arm-none-eabi/6.3.1/../../../../arm-none-eabi/lib/thumb/v7e-m/fpv4-sp/hard/libc.a
LOAD /usr/local/gcc-arm-none-eabi-6-2017-q2-update/bin/../lib/gcc/arm-none-eabi/6.3.1/../../../../arm-none-eabi/lib/thumb/v7e-m/fpv4-sp/hard/libnosys.a
END GROUP

.igot.plt       0x0000000020000070        0x0 load address 0x0000000000002d78
 .igot.plt      0x0000000020000070        0x0 /usr/local/gcc-arm-none-eabi-6-2017-q2-update/bin/../lib/gcc/arm-none-eabi/6.3.1/thumb/v7e-m/fpv4-sp/hard/crtbegin.o
                0x0000000020000070                . = ALIGN (0x4)

.mem_section_dummy_ram

.log_dynamic_data
                0x0000000020000070        0x0
                [!provide]                        PROVIDE (__start_log_dynamic_data, .)
 *(SORT(.log_dynamic_data*))
                [!provide]                        PROVIDE (__stop_log_dynamic_data, .)

.bss            0x0000000020000070     0x11dc load address 0x0000000000002d78
                0x0000000020000070                . = ALIGN (0x4)
                0x0000000020000070                __bss_start__ = .
 *(.bss*)
 .bss           0x0000000020000070       0x1c /usr/local/gcc-arm-none-eabi-6-2017-q2-update/bin/../lib/gcc/arm-none-eabi/6.3.1/thumb/v7e-m/fpv4-sp/hard/crtbegin.o
 .bss.pucAlignedHeap.8306
                0x000000002000008c        0x4 _build/nrf52832_xxaa/heap_1.c.o
 .bss.ucHeap    0x0000000020000090     0x1000 _build/nrf52832_xxaa/heap_1.c.o
 .bss.xNextFreeByte
                0x0000000020001090        0x4 _build/nrf52832_xxaa/heap_1.c.o
 .bss.uxCriticalNesting
                0x0000000020001094        0x4 _build/nrf52832_xxaa/port_cmsis.c.o
 .bss.pxCurrentTCB
                0x0000000020001098        0x4 _build/nrf52832_xxaa/tasks.c.o
                0x0000000020001098                pxCurrentTCB
 .bss.pxDelayedTaskList
                0x000000002000109c        0x4 _build/nrf52832_xxaa/tasks.c.o
 .bss.pxOverflowDelayedTaskList
                0x00000000200010a0        0x4 _build/nrf52832_xxaa/tasks.c.o
 .bss.pxReadyTasksLists
                0x00000000200010a4       0x3c _build/nrf52832_xxaa/tasks.c.o
 .bss.uxCurrentNumberOfTasks
                0x00000000200010e0        0x4 _build/nrf52832_xxaa/tasks.c.o
 .bss.uxDeletedTasksWaitingCleanUp
                0x00000000200010e4        0x4 _build/nrf52832_xxaa/tasks.c.o
 .bss.uxPendedTicks
                0x00000000200010e8        0x4 _build/nrf52832_xxaa/tasks.c.o
 .bss.uxSchedulerSuspended
                0x00000000200010ec        0x4 _build/nrf52832_xxaa/tasks.c.o
 .bss.uxTaskNumber
                0x00000000200010f0        0x4 _build/nrf52832_xxaa/tasks.c.o
 .bss.uxTopReadyPriority
                0x00000000200010f4        0x4 _build/nrf52832_xxaa/tasks.c.o
 .bss.xDelayedTaskList1
                0x00000000200010f8       0x14 _build/nrf52832_xxaa/tasks.c.o
 .bss.xDelayedTaskList2
                0x000000002000110c       0x14 _build/nrf52832_xxaa/tasks.c.o
 .bss.xIdleTaskHandle
                0x0000000020001120        0x4 _build/nrf52832_xxaa/tasks.c.o
 .bss.xNextTaskUnblockTime
                0x0000000020001124        0x4 _build/nrf52832_xxaa/tasks.c.o
 .bss.xNumOfOverflows
                0x0000000020001128        0x4 _build/nrf52832_xxaa/tasks.c.o
 .bss.xPendingReadyList
                0x000000002000112c       0x14 _build/nrf52832_xxaa/tasks.c.o
 .bss.xSchedulerRunning
                0x0000000020001140        0x4 _build/nrf52832_xxaa/tasks.c.o
 .bss.xSuspendedTaskList
                0x0000000020001144       0x14 _build/nrf52832_xxaa/tasks.c.o
 .bss.xTasksWaitingTermination
                0x0000000020001158       0x14 _build/nrf52832_xxaa/tasks.c.o
 .bss.xTickCount
                0x000000002000116c        0x4 _build/nrf52832_xxaa/tasks.c.o
 .bss.xYieldPending
                0x0000000020001170        0x4 _build/nrf52832_xxaa/tasks.c.o
 .bss.pxCurrentTimerList
                0x0000000020001174        0x4 _build/nrf52832_xxaa/timers.c.o
 .bss.pxOverflowTimerList
                0x0000000020001178        0x4 _build/nrf52832_xxaa/timers.c.o
 .bss.xActiveTimerList1
                0x000000002000117c       0x14 _build/nrf52832_xxaa/timers.c.o
 .bss.xActiveTimerList2
                0x0000000020001190       0x14 _build/nrf52832_xxaa/timers.c.o
 .bss.xLastTime.8598
                0x00000000200011a4        0x4 _build/nrf52832_xxaa/timers.c.o
 .bss.xTimerQueue
                0x00000000200011a8        0x4 _build/nrf52832_xxaa/timers.c.o
 .bss.xTimerTaskHandle
                0x00000000200011ac        0x4 _build/nrf52832_xxaa/timers.c.o
 .bss.m_in_critical_region
                0x00000000200011b0        0x4 _build/nrf52832_xxaa/app_util_platform.c.o
 .bss.m_clock_cb
                0x00000000200011b4       0x14 _build/nrf52832_xxaa/nrf_drv_clock.c.o
 .bss.m_clock_cb
                0x00000000200011c8        0x8 _build/nrf52832_xxaa/nrfx_clock.c.o
 .bss.m_cb      0x00000000200011d0       0x5c _build/nrf52832_xxaa/nrfx_gpiote.c.o
 *(COMMON)
 COMMON         0x000000002000122c       0x10 _build/nrf52832_xxaa/queue.c.o
                0x000000002000122c                xQueueRegistry
 COMMON         0x000000002000123c       0x10 _build/nrf52832_xxaa/main.c.o
                0x000000002000123c                led_toggle_timer_handle
                0x0000000020001240                led1_toggle_task_handle
                0x0000000020001244                led2_toggle_task_handle
                0x0000000020001248                led0_toggle_task_handle
                0x000000002000124c                . = ALIGN (0x4)
                0x000000002000124c                __bss_end__ = .

.heap           0x0000000020001250     0x2000
                0x0000000020001250                __HeapBase = .
                0x0000000020001250                __end__ = .
                [!provide]                        PROVIDE (end, .)
 *(.heap*)
 .heap          0x0000000020001250     0x2000 _build/nrf52832_xxaa/gcc_startup_nrf52.S.o
                0x0000000020003250                __HeapLimit = .

.stack_dummy    0x0000000020001250     0x2000
 *(.stack*)
 .stack         0x0000000020001250     0x2000 _build/nrf52832_xxaa/gcc_startup_nrf52.S.o
                0x0000000020010000                __StackTop = (ORIGIN (RAM) + LENGTH (RAM))
                0x000000002000e000                __StackLimit = (__StackTop - SIZEOF (.stack_dummy))
                0x0000000020010000                PROVIDE (__stack, __StackTop)
                0x0000000000000001                ASSERT ((__StackLimit >= __HeapLimit), region RAM overflowed with stack)
                0x0000000000000070                DataInitFlashUsed = (__bss_start__ - __data_start__)
                0x0000000000002d08                CodeFlashUsed = (__etext - ORIGIN (FLASH))
                0x0000000000002d78                TotalFlashUsed = (CodeFlashUsed + DataInitFlashUsed)
                0x0000000000000001                ASSERT ((TotalFlashUsed <= LENGTH (FLASH)), region FLASH overflowed with .data and user data)
OUTPUT(_build/nrf52832_xxaa.out elf32-littlearm)

.ARM.attributes
                0x0000000000000000       0x30
 .ARM.attributes
                0x0000000000000000       0x22 /usr/local/gcc-arm-none-eabi-6-2017-q2-update/bin/../lib/gcc/arm-none-eabi/6.3.1/thumb/v7e-m/fpv4-sp/hard/crti.o
 .ARM.attributes
                0x0000000000000022       0x34 /usr/local/gcc-arm-none-eabi-6-2017-q2-update/bin/../lib/gcc/arm-none-eabi/6.3.1/thumb/v7e-m/fpv4-sp/hard/crtbegin.o
 .ARM.attributes
                0x0000000000000056       0x20 /usr/local/gcc-arm-none-eabi-6-2017-q2-update/bin/../lib/gcc/arm-none-eabi/6.3.1/../../../../arm-none-eabi/lib/thumb/v7e-m/fpv4-sp/hard/crt0.o
 .ARM.attributes
                0x0000000000000076       0x20 _build/nrf52832_xxaa/gcc_startup_nrf52.S.o
 .ARM.attributes
                0x0000000000000096       0x39 _build/nrf52832_xxaa/boards.c.o
 .ARM.attributes
                0x00000000000000cf       0x39 _build/nrf52832_xxaa/heap_1.c.o
 .ARM.attributes
                0x0000000000000108       0x39 _build/nrf52832_xxaa/list.c.o
 .ARM.attributes
                0x0000000000000141       0x39 _build/nrf52832_xxaa/port.c.o
 .ARM.attributes
                0x000000000000017a       0x39 _build/nrf52832_xxaa/port_cmsis.c.o
 .ARM.attributes
                0x00000000000001b3       0x39 _build/nrf52832_xxaa/port_cmsis_systick.c.o
 .ARM.attributes
                0x00000000000001ec       0x39 _build/nrf52832_xxaa/queue.c.o
 .ARM.attributes
                0x0000000000000225       0x39 _build/nrf52832_xxaa/tasks.c.o
 .ARM.attributes
                0x000000000000025e       0x39 _build/nrf52832_xxaa/timers.c.o
 .ARM.attributes
                0x0000000000000297       0x39 _build/nrf52832_xxaa/app_error.c.o
 .ARM.attributes
                0x00000000000002d0       0x39 _build/nrf52832_xxaa/app_error_weak.c.o
 .ARM.attributes
                0x0000000000000309       0x39 _build/nrf52832_xxaa/app_util_platform.c.o
 .ARM.attributes
                0x0000000000000342       0x39 _build/nrf52832_xxaa/nrf_drv_clock.c.o
 .ARM.attributes
                0x000000000000037b       0x39 _build/nrf52832_xxaa/nrfx_clock.c.o
 .ARM.attributes
                0x00000000000003b4       0x39 _build/nrf52832_xxaa/nrfx_gpiote.c.o
 .ARM.attributes
                0x00000000000003ed       0x39 _build/nrf52832_xxaa/main.c.o
 .ARM.attributes
                0x0000000000000426       0x39 _build/nrf52832_xxaa/system_nrf52.c.o
 .ARM.attributes
                0x000000000000045f       0x34 /usr/local/gcc-arm-none-eabi-6-2017-q2-update/bin/../lib/gcc/arm-none-eabi/6.3.1/../../../../arm-none-eabi/lib/thumb/v7e-m/fpv4-sp/hard/libc_nano.a(lib_a-exit.o)
 .ARM.attributes
                0x0000000000000493       0x34 /usr/local/gcc-arm-none-eabi-6-2017-q2-update/bin/../lib/gcc/arm-none-eabi/6.3.1/../../../../arm-none-eabi/lib/thumb/v7e-m/fpv4-sp/hard/libc_nano.a(lib_a-impure.o)
 .ARM.attributes
                0x00000000000004c7       0x34 /usr/local/gcc-arm-none-eabi-6-2017-q2-update/bin/../lib/gcc/arm-none-eabi/6.3.1/../../../../arm-none-eabi/lib/thumb/v7e-m/fpv4-sp/hard/libc_nano.a(lib_a-init.o)
 .ARM.attributes
                0x00000000000004fb       0x34 /usr/local/gcc-arm-none-eabi-6-2017-q2-update/bin/../lib/gcc/arm-none-eabi/6.3.1/../../../../arm-none-eabi/lib/thumb/v7e-m/fpv4-sp/hard/libc_nano.a(lib_a-memcpy-stub.o)
 .ARM.attributes
                0x000000000000052f       0x34 /usr/local/gcc-arm-none-eabi-6-2017-q2-update/bin/../lib/gcc/arm-none-eabi/6.3.1/../../../../arm-none-eabi/lib/thumb/v7e-m/fpv4-sp/hard/libc_nano.a(lib_a-memset.o)
 .ARM.attributes
                0x0000000000000563       0x34 /usr/local/gcc-arm-none-eabi-6-2017-q2-update/bin/../lib/gcc/arm-none-eabi/6.3.1/../../../../arm-none-eabi/lib/thumb/v7e-m/fpv4-sp/hard/libnosys.a(_exit.o)
 .ARM.attributes
                0x0000000000000597       0x34 /usr/local/gcc-arm-none-eabi-6-2017-q2-update/bin/../lib/gcc/arm-none-eabi/6.3.1/thumb/v7e-m/fpv4-sp/hard/crtend.o
 .ARM.attributes
                0x00000000000005cb       0x22 /usr/local/gcc-arm-none-eabi-6-2017-q2-update/bin/../lib/gcc/arm-none-eabi/6.3.1/thumb/v7e-m/fpv4-sp/hard/crtn.o

.comment        0x0000000000000000       0x7f
 .comment       0x0000000000000000       0x7f _build/nrf52832_xxaa/boards.c.o
                                         0x80 (size before relaxing)
 .comment       0x000000000000007f       0x80 _build/nrf52832_xxaa/heap_1.c.o
 .comment       0x000000000000007f       0x80 _build/nrf52832_xxaa/list.c.o
 .comment       0x000000000000007f       0x80 _build/nrf52832_xxaa/port.c.o
 .comment       0x000000000000007f       0x80 _build/nrf52832_xxaa/port_cmsis.c.o
 .comment       0x000000000000007f       0x80 _build/nrf52832_xxaa/port_cmsis_systick.c.o
 .comment       0x000000000000007f       0x80 _build/nrf52832_xxaa/queue.c.o
 .comment       0x000000000000007f       0x80 _build/nrf52832_xxaa/tasks.c.o
 .comment       0x000000000000007f       0x80 _build/nrf52832_xxaa/timers.c.o
 .comment       0x000000000000007f       0x80 _build/nrf52832_xxaa/app_error.c.o
 .comment       0x000000000000007f       0x80 _build/nrf52832_xxaa/app_error_weak.c.o
 .comment       0x000000000000007f       0x80 _build/nrf52832_xxaa/app_util_platform.c.o
 .comment       0x000000000000007f       0x80 _build/nrf52832_xxaa/nrf_drv_clock.c.o
 .comment       0x000000000000007f       0x80 _build/nrf52832_xxaa/nrfx_clock.c.o
 .comment       0x000000000000007f       0x80 _build/nrf52832_xxaa/nrfx_gpiote.c.o
 .comment       0x000000000000007f       0x80 _build/nrf52832_xxaa/main.c.o
 .comment       0x000000000000007f       0x80 _build/nrf52832_xxaa/system_nrf52.c.o

.debug_line     0x0000000000000000     0x9f8c
 .debug_line    0x0000000000000000       0x86 _build/nrf52832_xxaa/gcc_startup_nrf52.S.o
 .debug_line    0x0000000000000086      0x84e _build/nrf52832_xxaa/boards.c.o
 .debug_line    0x00000000000008d4      0x6ad _build/nrf52832_xxaa/heap_1.c.o
 .debug_line    0x0000000000000f81      0x6b0 _build/nrf52832_xxaa/list.c.o
 .debug_line    0x0000000000001631      0x625 _build/nrf52832_xxaa/port.c.o
 .debug_line    0x0000000000001c56      0x6a6 _build/nrf52832_xxaa/port_cmsis.c.o
 .debug_line    0x00000000000022fc      0xb22 _build/nrf52832_xxaa/port_cmsis_systick.c.o
 .debug_line    0x0000000000002e1e      0xf47 _build/nrf52832_xxaa/queue.c.o
 .debug_line    0x0000000000003d65     0x12d7 _build/nrf52832_xxaa/tasks.c.o
 .debug_line    0x000000000000503c      0x8f6 _build/nrf52832_xxaa/timers.c.o
 .debug_line    0x0000000000005932      0x4bf _build/nrf52832_xxaa/app_error.c.o
 .debug_line    0x0000000000005df1      0x77b _build/nrf52832_xxaa/app_error_weak.c.o
 .debug_line    0x000000000000656c      0x54d _build/nrf52832_xxaa/app_util_platform.c.o
 .debug_line    0x0000000000006ab9      0x9ec _build/nrf52832_xxaa/nrf_drv_clock.c.o
 .debug_line    0x00000000000074a5      0xaec _build/nrf52832_xxaa/nrfx_clock.c.o
 .debug_line    0x0000000000007f91     0x121f _build/nrf52832_xxaa/nrfx_gpiote.c.o
 .debug_line    0x00000000000091b0      0x98b _build/nrf52832_xxaa/main.c.o
 .debug_line    0x0000000000009b3b      0x451 _build/nrf52832_xxaa/system_nrf52.c.o

.debug_info     0x0000000000000000    0x191c8
 .debug_info    0x0000000000000000       0xbe _build/nrf52832_xxaa/gcc_startup_nrf52.S.o
 .debug_info    0x00000000000000be     0x1486 _build/nrf52832_xxaa/boards.c.o
 .debug_info    0x0000000000001544      0xa2b _build/nrf52832_xxaa/heap_1.c.o
 .debug_info    0x0000000000001f6f      0xb1a _build/nrf52832_xxaa/list.c.o
 .debug_info    0x0000000000002a89      0x940 _build/nrf52832_xxaa/port.c.o
 .debug_info    0x00000000000033c9     0x1091 _build/nrf52832_xxaa/port_cmsis.c.o
 .debug_info    0x000000000000445a     0x17b0 _build/nrf52832_xxaa/port_cmsis_systick.c.o
 .debug_info    0x0000000000005c0a     0x31d4 _build/nrf52832_xxaa/queue.c.o
 .debug_info    0x0000000000008dde     0x3765 _build/nrf52832_xxaa/tasks.c.o
 .debug_info    0x000000000000c543     0x1e59 _build/nrf52832_xxaa/timers.c.o
 .debug_info    0x000000000000e39c      0xaf2 _build/nrf52832_xxaa/app_error.c.o
 .debug_info    0x000000000000ee8e      0xc4d _build/nrf52832_xxaa/app_error_weak.c.o
 .debug_info    0x000000000000fadb      0xfaa _build/nrf52832_xxaa/app_util_platform.c.o
 .debug_info    0x0000000000010a85     0x1401 _build/nrf52832_xxaa/nrf_drv_clock.c.o
 .debug_info    0x0000000000011e86     0x1b86 _build/nrf52832_xxaa/nrfx_clock.c.o
 .debug_info    0x0000000000013a0c     0x3855 _build/nrf52832_xxaa/nrfx_gpiote.c.o
 .debug_info    0x0000000000017261      0xe46 _build/nrf52832_xxaa/main.c.o
 .debug_info    0x00000000000180a7     0x1121 _build/nrf52832_xxaa/system_nrf52.c.o

.debug_abbrev   0x0000000000000000     0x3896
 .debug_abbrev  0x0000000000000000       0x14 _build/nrf52832_xxaa/gcc_startup_nrf52.S.o
 .debug_abbrev  0x0000000000000014      0x3b3 _build/nrf52832_xxaa/boards.c.o
 .debug_abbrev  0x00000000000003c7      0x262 _build/nrf52832_xxaa/heap_1.c.o
 .debug_abbrev  0x0000000000000629      0x223 _build/nrf52832_xxaa/list.c.o
 .debug_abbrev  0x000000000000084c      0x1b1 _build/nrf52832_xxaa/port.c.o
 .debug_abbrev  0x00000000000009fd      0x36b _build/nrf52832_xxaa/port_cmsis.c.o
 .debug_abbrev  0x0000000000000d68      0x3f8 _build/nrf52832_xxaa/port_cmsis_systick.c.o
 .debug_abbrev  0x0000000000001160      0x45b _build/nrf52832_xxaa/queue.c.o
 .debug_abbrev  0x00000000000015bb      0x4d5 _build/nrf52832_xxaa/tasks.c.o
 .debug_abbrev  0x0000000000001a90      0x3f8 _build/nrf52832_xxaa/timers.c.o
 .debug_abbrev  0x0000000000001e88      0x235 _build/nrf52832_xxaa/app_error.c.o
 .debug_abbrev  0x00000000000020bd      0x252 _build/nrf52832_xxaa/app_error_weak.c.o
 .debug_abbrev  0x000000000000230f      0x324 _build/nrf52832_xxaa/app_util_platform.c.o
 .debug_abbrev  0x0000000000002633      0x4a4 _build/nrf52832_xxaa/nrf_drv_clock.c.o
 .debug_abbrev  0x0000000000002ad7      0x480 _build/nrf52832_xxaa/nrfx_clock.c.o
 .debug_abbrev  0x0000000000002f57      0x4ea _build/nrf52832_xxaa/nrfx_gpiote.c.o
 .debug_abbrev  0x0000000000003441      0x273 _build/nrf52832_xxaa/main.c.o
 .debug_abbrev  0x00000000000036b4      0x1e2 _build/nrf52832_xxaa/system_nrf52.c.o

.debug_aranges  0x0000000000000000      0x768
 .debug_aranges
                0x0000000000000000       0x20 _build/nrf52832_xxaa/gcc_startup_nrf52.S.o
 .debug_aranges
                0x0000000000000020       0x78 _build/nrf52832_xxaa/boards.c.o
 .debug_aranges
                0x0000000000000098       0x38 _build/nrf52832_xxaa/heap_1.c.o
 .debug_aranges
                0x00000000000000d0       0x40 _build/nrf52832_xxaa/list.c.o
 .debug_aranges
                0x0000000000000110       0x30 _build/nrf52832_xxaa/port.c.o
 .debug_aranges
                0x0000000000000140       0x48 _build/nrf52832_xxaa/port_cmsis.c.o
 .debug_aranges
                0x0000000000000188       0x30 _build/nrf52832_xxaa/port_cmsis_systick.c.o
 .debug_aranges
                0x00000000000001b8       0xd8 _build/nrf52832_xxaa/queue.c.o
 .debug_aranges
                0x0000000000000290      0x190 _build/nrf52832_xxaa/tasks.c.o
 .debug_aranges
                0x0000000000000420       0x80 _build/nrf52832_xxaa/timers.c.o
 .debug_aranges
                0x00000000000004a0       0x28 _build/nrf52832_xxaa/app_error.c.o
 .debug_aranges
                0x00000000000004c8       0x20 _build/nrf52832_xxaa/app_error_weak.c.o
 .debug_aranges
                0x00000000000004e8       0x48 _build/nrf52832_xxaa/app_util_platform.c.o
 .debug_aranges
                0x0000000000000530       0x80 _build/nrf52832_xxaa/nrf_drv_clock.c.o
 .debug_aranges
                0x00000000000005b0       0x78 _build/nrf52832_xxaa/nrfx_clock.c.o
 .debug_aranges
                0x0000000000000628       0xd8 _build/nrf52832_xxaa/nrfx_gpiote.c.o
 .debug_aranges
                0x0000000000000700       0x40 _build/nrf52832_xxaa/main.c.o
 .debug_aranges
                0x0000000000000740       0x28 _build/nrf52832_xxaa/system_nrf52.c.o

.debug_loc      0x0000000000000000     0x9187
 .debug_loc     0x0000000000000000      0x801 _build/nrf52832_xxaa/boards.c.o
 .debug_loc     0x0000000000000801       0xae _build/nrf52832_xxaa/heap_1.c.o
 .debug_loc     0x00000000000008af       0x70 _build/nrf52832_xxaa/list.c.o
 .debug_loc     0x000000000000091f       0xa5 _build/nrf52832_xxaa/port_cmsis.c.o
 .debug_loc     0x00000000000009c4      0x545 _build/nrf52832_xxaa/port_cmsis_systick.c.o
 .debug_loc     0x0000000000000f09     0x1b60 _build/nrf52832_xxaa/queue.c.o
 .debug_loc     0x0000000000002a69     0x276d _build/nrf52832_xxaa/tasks.c.o
 .debug_loc     0x00000000000051d6      0xe72 _build/nrf52832_xxaa/timers.c.o
 .debug_loc     0x0000000000006048       0xca _build/nrf52832_xxaa/app_error.c.o
 .debug_loc     0x0000000000006112       0x42 _build/nrf52832_xxaa/app_error_weak.c.o
 .debug_loc     0x0000000000006154       0xae _build/nrf52832_xxaa/app_util_platform.c.o
 .debug_loc     0x0000000000006202      0x2c2 _build/nrf52832_xxaa/nrf_drv_clock.c.o
 .debug_loc     0x00000000000064c4      0x329 _build/nrf52832_xxaa/nrfx_clock.c.o
 .debug_loc     0x00000000000067ed     0x28f8 _build/nrf52832_xxaa/nrfx_gpiote.c.o
 .debug_loc     0x00000000000090e5       0xa2 _build/nrf52832_xxaa/main.c.o

.debug_ranges   0x0000000000000000     0x21c0
 .debug_ranges  0x0000000000000000      0x170 _build/nrf52832_xxaa/boards.c.o
 .debug_ranges  0x0000000000000170       0x28 _build/nrf52832_xxaa/heap_1.c.o
 .debug_ranges  0x0000000000000198       0x30 _build/nrf52832_xxaa/list.c.o
 .debug_ranges  0x00000000000001c8       0x20 _build/nrf52832_xxaa/port.c.o
 .debug_ranges  0x00000000000001e8       0x50 _build/nrf52832_xxaa/port_cmsis.c.o
 .debug_ranges  0x0000000000000238      0x258 _build/nrf52832_xxaa/port_cmsis_systick.c.o
 .debug_ranges  0x0000000000000490      0x3e8 _build/nrf52832_xxaa/queue.c.o
 .debug_ranges  0x0000000000000878      0x670 _build/nrf52832_xxaa/tasks.c.o
 .debug_ranges  0x0000000000000ee8      0x240 _build/nrf52832_xxaa/timers.c.o
 .debug_ranges  0x0000000000001128       0x18 _build/nrf52832_xxaa/app_error.c.o
 .debug_ranges  0x0000000000001140       0x10 _build/nrf52832_xxaa/app_error_weak.c.o
 .debug_ranges  0x0000000000001150       0x50 _build/nrf52832_xxaa/app_util_platform.c.o
 .debug_ranges  0x00000000000011a0       0xf0 _build/nrf52832_xxaa/nrf_drv_clock.c.o
 .debug_ranges  0x0000000000001290      0x2a0 _build/nrf52832_xxaa/nrfx_clock.c.o
 .debug_ranges  0x0000000000001530      0xae8 _build/nrf52832_xxaa/nrfx_gpiote.c.o
 .debug_ranges  0x0000000000002018       0x48 _build/nrf52832_xxaa/main.c.o
 .debug_ranges  0x0000000000002060      0x160 _build/nrf52832_xxaa/system_nrf52.c.o

.debug_macro    0x0000000000000000    0x164fd
 .debug_macro   0x0000000000000000      0x327 _build/nrf52832_xxaa/boards.c.o
 .debug_macro   0x0000000000000327      0x8d4 _build/nrf52832_xxaa/boards.c.o
 .debug_macro   0x0000000000000bfb      0x65a _build/nrf52832_xxaa/boards.c.o
 .debug_macro   0x0000000000001255       0x22 _build/nrf52832_xxaa/boards.c.o
 .debug_macro   0x0000000000001277       0x4f _build/nrf52832_xxaa/boards.c.o
 .debug_macro   0x00000000000012c6       0x51 _build/nrf52832_xxaa/boards.c.o
 .debug_macro   0x0000000000001317       0xef _build/nrf52832_xxaa/boards.c.o
 .debug_macro   0x0000000000001406       0x6a _build/nrf52832_xxaa/boards.c.o
 .debug_macro   0x0000000000001470      0x1df _build/nrf52832_xxaa/boards.c.o
 .debug_macro   0x000000000000164f      0x16d _build/nrf52832_xxaa/boards.c.o
 .debug_macro   0x00000000000017bc       0x22 _build/nrf52832_xxaa/boards.c.o
 .debug_macro   0x00000000000017de       0x22 _build/nrf52832_xxaa/boards.c.o
 .debug_macro   0x0000000000001800       0x2d _build/nrf52832_xxaa/boards.c.o
 .debug_macro   0x000000000000182d       0x3b _build/nrf52832_xxaa/boards.c.o
 .debug_macro   0x0000000000001868       0x50 _build/nrf52832_xxaa/boards.c.o
 .debug_macro   0x00000000000018b8      0xe66 _build/nrf52832_xxaa/boards.c.o
 .debug_macro   0x000000000000271e      0x392 _build/nrf52832_xxaa/boards.c.o
 .debug_macro   0x0000000000002ab0     0xccbe _build/nrf52832_xxaa/boards.c.o
 .debug_macro   0x000000000000f76e     0x1313 _build/nrf52832_xxaa/boards.c.o
 .debug_macro   0x0000000000010a81       0x82 _build/nrf52832_xxaa/boards.c.o
 .debug_macro   0x0000000000010b03       0x22 _build/nrf52832_xxaa/boards.c.o
 .debug_macro   0x0000000000010b25      0x3a3 _build/nrf52832_xxaa/boards.c.o
 .debug_macro   0x0000000000010ec8       0x36 _build/nrf52832_xxaa/boards.c.o
 .debug_macro   0x0000000000010efe       0xd5 _build/nrf52832_xxaa/boards.c.o
 .debug_macro   0x0000000000010fd3      0x125 _build/nrf52832_xxaa/boards.c.o
 .debug_macro   0x00000000000110f8       0x16 _build/nrf52832_xxaa/boards.c.o
 .debug_macro   0x000000000001110e      0x16d _build/nrf52832_xxaa/boards.c.o
 .debug_macro   0x000000000001127b      0x4e4 _build/nrf52832_xxaa/boards.c.o
 .debug_macro   0x000000000001175f       0x3f _build/nrf52832_xxaa/boards.c.o
 .debug_macro   0x000000000001179e       0x58 _build/nrf52832_xxaa/boards.c.o
 .debug_macro   0x00000000000117f6       0x35 _build/nrf52832_xxaa/boards.c.o
 .debug_macro   0x000000000001182b       0x9c _build/nrf52832_xxaa/boards.c.o
 .debug_macro   0x00000000000118c7       0x16 _build/nrf52832_xxaa/boards.c.o
 .debug_macro   0x00000000000118dd       0x35 _build/nrf52832_xxaa/boards.c.o
 .debug_macro   0x0000000000011912      0x353 _build/nrf52832_xxaa/boards.c.o
 .debug_macro   0x0000000000011c65       0x10 _build/nrf52832_xxaa/boards.c.o
 .debug_macro   0x0000000000011c75       0x58 _build/nrf52832_xxaa/boards.c.o
 .debug_macro   0x0000000000011ccd       0x1f _build/nrf52832_xxaa/boards.c.o
 .debug_macro   0x0000000000011cec       0x43 _build/nrf52832_xxaa/boards.c.o
 .debug_macro   0x0000000000011d2f       0x20 _build/nrf52832_xxaa/boards.c.o
 .debug_macro   0x0000000000011d4f      0x187 _build/nrf52832_xxaa/boards.c.o
 .debug_macro   0x0000000000011ed6       0x10 _build/nrf52832_xxaa/boards.c.o
 .debug_macro   0x0000000000011ee6       0xb6 _build/nrf52832_xxaa/boards.c.o
 .debug_macro   0x0000000000011f9c       0x16 _build/nrf52832_xxaa/boards.c.o
 .debug_macro   0x0000000000011fb2      0x145 _build/nrf52832_xxaa/boards.c.o
 .debug_macro   0x00000000000120f7       0x8e _build/nrf52832_xxaa/boards.c.o
 .debug_macro   0x0000000000012185       0xa7 _build/nrf52832_xxaa/boards.c.o
 .debug_macro   0x000000000001222c       0x49 _build/nrf52832_xxaa/boards.c.o
 .debug_macro   0x0000000000012275       0x8c _build/nrf52832_xxaa/boards.c.o
 .debug_macro   0x0000000000012301       0x19 _build/nrf52832_xxaa/boards.c.o
 .debug_macro   0x000000000001231a       0x16 _build/nrf52832_xxaa/boards.c.o
 .debug_macro   0x0000000000012330       0x7b _build/nrf52832_xxaa/boards.c.o
 .debug_macro   0x00000000000123ab       0x64 _build/nrf52832_xxaa/boards.c.o
 .debug_macro   0x000000000001240f       0x20 _build/nrf52832_xxaa/boards.c.o
 .debug_macro   0x000000000001242f       0x16 _build/nrf52832_xxaa/boards.c.o
 .debug_macro   0x0000000000012445      0x25a _build/nrf52832_xxaa/boards.c.o
 .debug_macro   0x000000000001269f      0x16d _build/nrf52832_xxaa/boards.c.o
 .debug_macro   0x000000000001280c      0x302 _build/nrf52832_xxaa/heap_1.c.o
 .debug_macro   0x0000000000012b0e      0x2e1 _build/nrf52832_xxaa/list.c.o
 .debug_macro   0x0000000000012def      0x2d1 _build/nrf52832_xxaa/port.c.o
 .debug_macro   0x00000000000130c0      0x2fb _build/nrf52832_xxaa/port_cmsis.c.o
 .debug_macro   0x00000000000133bb      0x436 _build/nrf52832_xxaa/port_cmsis_systick.c.o
 .debug_macro   0x00000000000137f1       0x16 _build/nrf52832_xxaa/port_cmsis_systick.c.o
 .debug_macro   0x0000000000013807       0x22 _build/nrf52832_xxaa/port_cmsis_systick.c.o
 .debug_macro   0x0000000000013829       0x54 _build/nrf52832_xxaa/port_cmsis_systick.c.o
 .debug_macro   0x000000000001387d       0x31 _build/nrf52832_xxaa/port_cmsis_systick.c.o
 .debug_macro   0x00000000000138ae       0x16 _build/nrf52832_xxaa/port_cmsis_systick.c.o
 .debug_macro   0x00000000000138c4       0x49 _build/nrf52832_xxaa/port_cmsis_systick.c.o
 .debug_macro   0x000000000001390d      0x17d _build/nrf52832_xxaa/port_cmsis_systick.c.o
 .debug_macro   0x0000000000013a8a       0x9a _build/nrf52832_xxaa/port_cmsis_systick.c.o
 .debug_macro   0x0000000000013b24       0x5a _build/nrf52832_xxaa/port_cmsis_systick.c.o
 .debug_macro   0x0000000000013b7e       0x28 _build/nrf52832_xxaa/port_cmsis_systick.c.o
 .debug_macro   0x0000000000013ba6       0x16 _build/nrf52832_xxaa/port_cmsis_systick.c.o
 .debug_macro   0x0000000000013bbc       0x10 _build/nrf52832_xxaa/port_cmsis_systick.c.o
 .debug_macro   0x0000000000013bcc      0x353 _build/nrf52832_xxaa/queue.c.o
 .debug_macro   0x0000000000013f1f       0x86 _build/nrf52832_xxaa/queue.c.o
 .debug_macro   0x0000000000013fa5      0x3bb _build/nrf52832_xxaa/tasks.c.o
 .debug_macro   0x0000000000014360       0x10 _build/nrf52832_xxaa/tasks.c.o
 .debug_macro   0x0000000000014370      0x324 _build/nrf52832_xxaa/timers.c.o
 .debug_macro   0x0000000000014694      0x220 _build/nrf52832_xxaa/app_error.c.o
 .debug_macro   0x00000000000148b4       0x35 _build/nrf52832_xxaa/app_error.c.o
 .debug_macro   0x00000000000148e9       0x97 _build/nrf52832_xxaa/app_error.c.o
 .debug_macro   0x0000000000014980       0xf6 _build/nrf52832_xxaa/app_error.c.o
 .debug_macro   0x0000000000014a76      0x359 _build/nrf52832_xxaa/app_error_weak.c.o
 .debug_macro   0x0000000000014dcf       0x28 _build/nrf52832_xxaa/app_error_weak.c.o
 .debug_macro   0x0000000000014df7       0x92 _build/nrf52832_xxaa/app_error_weak.c.o
 .debug_macro   0x0000000000014e89       0x98 _build/nrf52832_xxaa/app_error_weak.c.o
 .debug_macro   0x0000000000014f21       0x10 _build/nrf52832_xxaa/app_error_weak.c.o
 .debug_macro   0x0000000000014f31       0x1c _build/nrf52832_xxaa/app_error_weak.c.o
 .debug_macro   0x0000000000014f4d      0x236 _build/nrf52832_xxaa/app_util_platform.c.o
 .debug_macro   0x0000000000015183      0x3e8 _build/nrf52832_xxaa/nrf_drv_clock.c.o
 .debug_macro   0x000000000001556b       0x37 _build/nrf52832_xxaa/nrf_drv_clock.c.o
 .debug_macro   0x00000000000155a2       0x10 _build/nrf52832_xxaa/nrf_drv_clock.c.o
 .debug_macro   0x00000000000155b2      0x177 _build/nrf52832_xxaa/nrf_drv_clock.c.o
 .debug_macro   0x0000000000015729      0x405 _build/nrf52832_xxaa/nrfx_clock.c.o
 .debug_macro   0x0000000000015b2e       0x1c _build/nrf52832_xxaa/nrfx_clock.c.o
 .debug_macro   0x0000000000015b4a       0x42 _build/nrf52832_xxaa/nrfx_clock.c.o
 .debug_macro   0x0000000000015b8c      0x3fe _build/nrf52832_xxaa/nrfx_gpiote.c.o
 .debug_macro   0x0000000000015f8a       0x1c _build/nrf52832_xxaa/nrfx_gpiote.c.o
 .debug_macro   0x0000000000015fa6       0x16 _build/nrf52832_xxaa/nrfx_gpiote.c.o
 .debug_macro   0x0000000000015fbc      0x40b _build/nrf52832_xxaa/main.c.o
 .debug_macro   0x00000000000163c7       0x45 _build/nrf52832_xxaa/main.c.o
 .debug_macro   0x000000000001640c       0xf1 _build/nrf52832_xxaa/system_nrf52.c.o

.debug_str      0x0000000000000000    0x778c9
 .debug_str     0x0000000000000000    0x6902a _build/nrf52832_xxaa/boards.c.o
                                      0x69e8e (size before relaxing)
 .debug_str     0x000000000006902a     0x3d85 _build/nrf52832_xxaa/heap_1.c.o
                                      0x687a7 (size before relaxing)
 .debug_str     0x000000000006cdaf      0x154 _build/nrf52832_xxaa/list.c.o
                                      0x681e3 (size before relaxing)
 .debug_str     0x000000000006cf03       0x52 _build/nrf52832_xxaa/port.c.o
                                      0x685f5 (size before relaxing)
 .debug_str     0x000000000006cf55      0x501 _build/nrf52832_xxaa/port_cmsis.c.o
                                      0x68bdb (size before relaxing)
 .debug_str     0x000000000006d456     0x3067 _build/nrf52832_xxaa/port_cmsis_systick.c.o
                                      0x6f8c1 (size before relaxing)
 .debug_str     0x00000000000704bd     0x100e _build/nrf52832_xxaa/queue.c.o
                                      0x698e5 (size before relaxing)
 .debug_str     0x00000000000714cb     0x1979 _build/nrf52832_xxaa/tasks.c.o
                                      0x6a580 (size before relaxing)
 .debug_str     0x0000000000072e44      0x4e9 _build/nrf52832_xxaa/timers.c.o
                                      0x69d7a (size before relaxing)
 .debug_str     0x000000000007332d      0x104 _build/nrf52832_xxaa/app_error.c.o
                                      0x602f7 (size before relaxing)
 .debug_str     0x0000000000073431     0x10cb _build/nrf52832_xxaa/app_error_weak.c.o
                                      0x6a039 (size before relaxing)
 .debug_str     0x00000000000744fc      0x1f0 _build/nrf52832_xxaa/app_util_platform.c.o
                                      0x60ae9 (size before relaxing)
 .debug_str     0x00000000000746ec      0x89e _build/nrf52832_xxaa/nrf_drv_clock.c.o
                                      0x6bcaf (size before relaxing)
 .debug_str     0x0000000000074f8a      0x8a1 _build/nrf52832_xxaa/nrfx_clock.c.o
                                      0x6c4c8 (size before relaxing)
 .debug_str     0x000000000007582b     0x1892 _build/nrf52832_xxaa/nrfx_gpiote.c.o
                                      0x6d647 (size before relaxing)
 .debug_str     0x00000000000770bd      0x4ad _build/nrf52832_xxaa/main.c.o
                                      0x6e2ef (size before relaxing)
 .debug_str     0x000000000007756a      0x35f _build/nrf52832_xxaa/system_nrf52.c.o
                                      0x5bd54 (size before relaxing)

.debug_frame    0x0000000000000000     0x149c
 .debug_frame   0x0000000000000000       0xf8 _build/nrf52832_xxaa/boards.c.o
 .debug_frame   0x00000000000000f8       0x5c _build/nrf52832_xxaa/heap_1.c.o
 .debug_frame   0x0000000000000154       0x70 _build/nrf52832_xxaa/list.c.o
 .debug_frame   0x00000000000001c4       0x40 _build/nrf52832_xxaa/port.c.o
 .debug_frame   0x0000000000000204       0x84 _build/nrf52832_xxaa/port_cmsis.c.o
 .debug_frame   0x0000000000000288       0x80 _build/nrf52832_xxaa/port_cmsis_systick.c.o
 .debug_frame   0x0000000000000308      0x304 _build/nrf52832_xxaa/queue.c.o
 .debug_frame   0x000000000000060c      0x5ac _build/nrf52832_xxaa/tasks.c.o
 .debug_frame   0x0000000000000bb8      0x198 _build/nrf52832_xxaa/timers.c.o
 .debug_frame   0x0000000000000d50       0x54 _build/nrf52832_xxaa/app_error.c.o
 .debug_frame   0x0000000000000da4       0x20 _build/nrf52832_xxaa/app_error_weak.c.o
 .debug_frame   0x0000000000000dc4       0x70 _build/nrf52832_xxaa/app_util_platform.c.o
 .debug_frame   0x0000000000000e34      0x160 _build/nrf52832_xxaa/nrf_drv_clock.c.o
 .debug_frame   0x0000000000000f94      0x118 _build/nrf52832_xxaa/nrfx_clock.c.o
 .debug_frame   0x00000000000010ac      0x268 _build/nrf52832_xxaa/nrfx_gpiote.c.o
 .debug_frame   0x0000000000001314       0x84 _build/nrf52832_xxaa/main.c.o
 .debug_frame   0x0000000000001398       0x48 _build/nrf52832_xxaa/system_nrf52.c.o
 .debug_frame   0x00000000000013e0       0x28 /usr/local/gcc-arm-none-eabi-6-2017-q2-update/bin/../lib/gcc/arm-none-eabi/6.3.1/../../../../arm-none-eabi/lib/thumb/v7e-m/fpv4-sp/hard/libc_nano.a(lib_a-exit.o)
 .debug_frame   0x0000000000001408       0x2c /usr/local/gcc-arm-none-eabi-6-2017-q2-update/bin/../lib/gcc/arm-none-eabi/6.3.1/../../../../arm-none-eabi/lib/thumb/v7e-m/fpv4-sp/hard/libc_nano.a(lib_a-init.o)
 .debug_frame   0x0000000000001434       0x28 /usr/local/gcc-arm-none-eabi-6-2017-q2-update/bin/../lib/gcc/arm-none-eabi/6.3.1/../../../../arm-none-eabi/lib/thumb/v7e-m/fpv4-sp/hard/libc_nano.a(lib_a-memcpy-stub.o)
 .debug_frame   0x000000000000145c       0x20 /usr/local/gcc-arm-none-eabi-6-2017-q2-update/bin/../lib/gcc/arm-none-eabi/6.3.1/../../../../arm-none-eabi/lib/thumb/v7e-m/fpv4-sp/hard/libc_nano.a(lib_a-memset.o)
 .debug_frame   0x000000000000147c       0x20 /usr/local/gcc-arm-none-eabi-6-2017-q2-update/bin/../lib/gcc/arm-none-eabi/6.3.1/../../../../arm-none-eabi/lib/thumb/v7e-m/fpv4-sp/hard/libnosys.a(_exit.o)
