Archive member included to satisfy reference by file (symbol)

/usr/local/gcc-arm-none-eabi-6-2017-q2-update/bin/../lib/gcc/arm-none-eabi/6.3.1/../../../../arm-none-eabi/lib/thumb/v7e-m/fpv4-sp/hard/libc_nano.a(lib_a-exit.o)
                              /usr/local/gcc-arm-none-eabi-6-2017-q2-update/bin/../lib/gcc/arm-none-eabi/6.3.1/../../../../arm-none-eabi/lib/thumb/v7e-m/fpv4-sp/hard/crt0.o (exit)
/usr/local/gcc-arm-none-eabi-6-2017-q2-update/bin/../lib/gcc/arm-none-eabi/6.3.1/../../../../arm-none-eabi/lib/thumb/v7e-m/fpv4-sp/hard/libc_nano.a(lib_a-impure.o)
                              /usr/local/gcc-arm-none-eabi-6-2017-q2-update/bin/../lib/gcc/arm-none-eabi/6.3.1/../../../../arm-none-eabi/lib/thumb/v7e-m/fpv4-sp/hard/libc_nano.a(lib_a-exit.o) (_global_impure_ptr)
/usr/local/gcc-arm-none-eabi-6-2017-q2-update/bin/../lib/gcc/arm-none-eabi/6.3.1/../../../../arm-none-eabi/lib/thumb/v7e-m/fpv4-sp/hard/libc_nano.a(lib_a-init.o)
                              /usr/local/gcc-arm-none-eabi-6-2017-q2-update/bin/../lib/gcc/arm-none-eabi/6.3.1/../../../../arm-none-eabi/lib/thumb/v7e-m/fpv4-sp/hard/crt0.o (__libc_init_array)
/usr/local/gcc-arm-none-eabi-6-2017-q2-update/bin/../lib/gcc/arm-none-eabi/6.3.1/../../../../arm-none-eabi/lib/thumb/v7e-m/fpv4-sp/hard/libc_nano.a(lib_a-memcpy-stub.o)
                              _build/nrf52832_xxaa/queue.c.o (memcpy)
/usr/local/gcc-arm-none-eabi-6-2017-q2-update/bin/../lib/gcc/arm-none-eabi/6.3.1/../../../../arm-none-eabi/lib/thumb/v7e-m/fpv4-sp/hard/libc_nano.a(lib_a-memset.o)
                              /usr/local/gcc-arm-none-eabi-6-2017-q2-update/bin/../lib/gcc/arm-none-eabi/6.3.1/../../../../arm-none-eabi/lib/thumb/v7e-m/fpv4-sp/hard/crt0.o (memset)
/usr/local/gcc-arm-none-eabi-6-2017-q2-update/bin/../lib/gcc/arm-none-eabi/6.3.1/../../../../arm-none-eabi/lib/thumb/v7e-m/fpv4-sp/hard/libnosys.a(_exit.o)
                              /usr/local/gcc-arm-none-eabi-6-2017-q2-update/bin/../lib/gcc/arm-none-eabi/6.3.1/../../../../arm-none-eabi/lib/thumb/v7e-m/fpv4-sp/hard/libc_nano.a(lib_a-exit.o) (_exit)

Allocating common symbols
Common symbol       size              file

led_toggle_timer_handle
                    0x4               _build/nrf52832_xxaa/main.c.o
led1_toggle_task_handle
                    0x4               _build/nrf52832_xxaa/main.c.o
xQueueRegistry      0x10              _build/nrf52832_xxaa/queue.c.o
led2_toggle_task_handle
                    0x4               _build/nrf52832_xxaa/main.c.o
led0_toggle_task_handle
                    0x4               _build/nrf52832_xxaa/main.c.o

Discarded input sections

 .text          0x0000000000000000        0x0 /usr/local/gcc-arm-none-eabi-6-2017-q2-update/bin/../lib/gcc/arm-none-eabi/6.3.1/thumb/v7e-m/fpv4-sp/hard/crti.o
 .data          0x0000000000000000        0x0 /usr/local/gcc-arm-none-eabi-6-2017-q2-update/bin/../lib/gcc/arm-none-eabi/6.3.1/thumb/v7e-m/fpv4-sp/hard/crti.o
 .bss           0x0000000000000000        0x0 /usr/local/gcc-arm-none-eabi-6-2017-q2-update/bin/../lib/gcc/arm-none-eabi/6.3.1/thumb/v7e-m/fpv4-sp/hard/crti.o
 .data          0x0000000000000000        0x4 /usr/local/gcc-arm-none-eabi-6-2017-q2-update/bin/../lib/gcc/arm-none-eabi/6.3.1/thumb/v7e-m/fpv4-sp/hard/crtbegin.o
 .data          0x0000000000000000        0x0 /usr/local/gcc-arm-none-eabi-6-2017-q2-update/bin/../lib/gcc/arm-none-eabi/6.3.1/../../../../arm-none-eabi/lib/thumb/v7e-m/fpv4-sp/hard/crt0.o
 .bss           0x0000000000000000        0x0 /usr/local/gcc-arm-none-eabi-6-2017-q2-update/bin/../lib/gcc/arm-none-eabi/6.3.1/../../../../arm-none-eabi/lib/thumb/v7e-m/fpv4-sp/hard/crt0.o
 .ARM.extab     0x0000000000000000        0x0 /usr/local/gcc-arm-none-eabi-6-2017-q2-update/bin/../lib/gcc/arm-none-eabi/6.3.1/../../../../arm-none-eabi/lib/thumb/v7e-m/fpv4-sp/hard/crt0.o
 .data          0x0000000000000000        0x0 _build/nrf52832_xxaa/gcc_startup_nrf52.S.o
 .bss           0x0000000000000000        0x0 _build/nrf52832_xxaa/gcc_startup_nrf52.S.o
 .group         0x0000000000000000        0x8 _build/nrf52832_xxaa/boards.c.o
 .group         0x0000000000000000        0x8 _build/nrf52832_xxaa/boards.c.o
 .group         0x0000000000000000        0x8 _build/nrf52832_xxaa/boards.c.o
 .group         0x0000000000000000        0x8 _build/nrf52832_xxaa/boards.c.o
 .group         0x0000000000000000        0x8 _build/nrf52832_xxaa/boards.c.o
 .group         0x0000000000000000        0x8 _build/nrf52832_xxaa/boards.c.o
 .group         0x0000000000000000        0x8 _build/nrf52832_xxaa/boards.c.o
 .group         0x0000000000000000        0x8 _build/nrf52832_xxaa/boards.c.o
 .group         0x0000000000000000        0x8 _build/nrf52832_xxaa/boards.c.o
 .group         0x0000000000000000        0x8 _build/nrf52832_xxaa/boards.c.o
 .group         0x0000000000000000        0x8 _build/nrf52832_xxaa/boards.c.o
 .group         0x0000000000000000        0x8 _build/nrf52832_xxaa/boards.c.o
[...]
Memory Configuration

Name             Origin             Length             Attributes
FLASH            0x0000000000000000 0x0000000000080000 xr
RAM              0x0000000020000000 0x0000000000010000 xrw
*default*        0x0000000000000000 0xffffffffffffffff

Linker script and memory map


.text           0x0000000000000000     0x2e30
 *(.isr_vector)
 .isr_vector    0x0000000000000000      0x200 _build/nrf52832_xxaa/gcc_startup_nrf52.S.o
                0x0000000000000000                __isr_vector
 *(.text*)
 .text          0x0000000000000200       0x6c /usr/local/gcc-arm-none-eabi-6-2017-q2-update/bin/../lib/gcc/arm-none-eabi/6.3.1/thumb/v7e-m/fpv4-sp/hard/crtbegin.o
 .text          0x000000000000026c       0x74 /usr/local/gcc-arm-none-eabi-6-2017-q2-update/bin/../lib/gcc/arm-none-eabi/6.3.1/../../../../arm-none-eabi/lib/thumb/v7e-m/fpv4-sp/hard/crt0.o
                0x000000000000026c                _mainCRTStartup
                0x000000000000026c                _start
 .text          0x00000000000002e0       0x3c _build/nrf52832_xxaa/gcc_startup_nrf52.S.o
                0x00000000000002e0                Reset_Handler
                0x0000000000000308                NMI_Handler
                0x000000000000030a                HardFault_Handler
                0x000000000000030c                MemoryManagement_Handler
                0x000000000000030e                BusFault_Handler
                0x0000000000000310                UsageFault_Handler
                0x0000000000000314                DebugMon_Handler
                0x0000000000000318                SysTick_Handler
                0x000000000000031a                TIMER2_IRQHandler
                0x000000000000031a                RTC0_IRQHandler
                0x000000000000031a                SWI0_EGU0_IRQHandler
                0x000000000000031a                SWI2_EGU2_IRQHandler
                0x000000000000031a                PWM1_IRQHandler
                0x000000000000031a                RADIO_IRQHandler
                0x000000000000031a                PDM_IRQHandler
                0x000000000000031a                TEMP_IRQHandler
                0x000000000000031a                QDEC_IRQHandler
                0x000000000000031a                TIMER3_IRQHandler
                0x000000000000031a                FPU_IRQHandler
                0x000000000000031a                SPIM0_SPIS0_TWIM0_TWIS0_SPI0_TWI0_IRQHandler
                0x000000000000031a                UARTE0_UART0_IRQHandler
                0x000000000000031a                TIMER4_IRQHandler
                0x000000000000031a                I2S_IRQHandler
                0x000000000000031a                SWI4_EGU4_IRQHandler
                0x000000000000031a                TIMER0_IRQHandler
                0x000000000000031a                TIMER1_IRQHandler
                0x000000000000031a                PWM2_IRQHandler
                0x000000000000031a                ECB_IRQHandler
                0x000000000000031a                SPIM1_SPIS1_TWIM1_TWIS1_SPI1_TWI1_IRQHandler
                0x000000000000031a                Default_Handler
                0x000000000000031a                SAADC_IRQHandler
                0x000000000000031a                CCM_AAR_IRQHandler
                0x000000000000031a                WDT_IRQHandler
                0x000000000000031a                SWI5_EGU5_IRQHandler
                0x000000000000031a                RNG_IRQHandler
                0x000000000000031a                RTC2_IRQHandler
                0x000000000000031a                PWM0_IRQHandler
                0x000000000000031a                SWI3_EGU3_IRQHandler
                0x000000000000031a                SWI1_EGU1_IRQHandler
                0x000000000000031a                SPIM2_SPIS2_SPI2_IRQHandler
                0x000000000000031a                NFCT_IRQHandler
                0x000000000000031a                MWU_IRQHandler
                0x000000000000031a                COMP_LPCOMP_IRQHandler
 .text.bsp_board_led_invert
                0x000000000000031c       0x24 _build/nrf52832_xxaa/boards.c.o
                0x000000000000031c                bsp_board_led_invert
 .text.bsp_board_init
                0x0000000000000340       0x40 _build/nrf52832_xxaa/boards.c.o
                0x0000000000000340                bsp_board_init
 .text.pvPortMalloc
                0x0000000000000380       0x58 _build/nrf52832_xxaa/heap_1.c.o
                0x0000000000000380                pvPortMalloc
 .text.vPortFree
                0x00000000000003d8        0x4 _build/nrf52832_xxaa/heap_1.c.o
                0x00000000000003d8                vPortFree
 .text.vListInitialise
                0x00000000000003dc       0x18 _build/nrf52832_xxaa/list.c.o
                0x00000000000003dc                vListInitialise
 .text.vListInitialiseItem
                0x00000000000003f4        0x8 _build/nrf52832_xxaa/list.c.o
                0x00000000000003f4                vListInitialiseItem
 .text.vListInsertEnd
                0x00000000000003fc       0x18 _build/nrf52832_xxaa/list.c.o
                0x00000000000003fc                vListInsertEnd
 .text.vListInsert
                0x0000000000000414       0x34 _build/nrf52832_xxaa/list.c.o
                0x0000000000000414                vListInsert
 .text.uxListRemove
                0x0000000000000448       0x28 _build/nrf52832_xxaa/list.c.o
                0x0000000000000448                uxListRemove
 .text.vPortStartFirstTask
                0x0000000000000470       0x1c _build/nrf52832_xxaa/port.c.o
                0x0000000000000470                vPortStartFirstTask
 .text.SVC_Handler
                0x000000000000048c       0x20 _build/nrf52832_xxaa/port.c.o
                0x000000000000048c                SVC_Handler
 .text.PendSV_Handler
                0x00000000000004ac       0x60 _build/nrf52832_xxaa/port.c.o
                0x00000000000004ac                PendSV_Handler
 .text.prvTaskExitError
                0x000000000000050c        0x8 _build/nrf52832_xxaa/port_cmsis.c.o
 .text.pxPortInitialiseStack
                0x0000000000000514       0x2c _build/nrf52832_xxaa/port_cmsis.c.o
                0x0000000000000514                pxPortInitialiseStack
 .text.xPortStartScheduler
                0x0000000000000540       0x4c _build/nrf52832_xxaa/port_cmsis.c.o
                0x0000000000000540                xPortStartScheduler
 .text.vPortEnterCritical
                0x000000000000058c       0x14 _build/nrf52832_xxaa/port_cmsis.c.o
                0x000000000000058c                vPortEnterCritical
 .text.vPortExitCritical
                0x00000000000005a0       0x14 _build/nrf52832_xxaa/port_cmsis.c.o
                0x00000000000005a0                vPortExitCritical
 .text.RTC1_IRQHandler
                0x00000000000005b4       0x88 _build/nrf52832_xxaa/port_cmsis_systick.c.o
                0x00000000000005b4                RTC1_IRQHandler
 .text.vPortSetupTimerInterrupt
                0x000000000000063c       0x40 _build/nrf52832_xxaa/port_cmsis_systick.c.o
                0x000000000000063c                vPortSetupTimerInterrupt
 .text.vPortSuppressTicksAndSleep
                0x000000000000067c       0xc0 _build/nrf52832_xxaa/port_cmsis_systick.c.o
                0x000000000000067c                vPortSuppressTicksAndSleep
 .text.xQueueGenericCreate
                0x000000000000073c       0x64 _build/nrf52832_xxaa/queue.c.o
                0x000000000000073c                xQueueGenericCreate
 .text.xQueueGenericSend
                0x00000000000007a0      0x388 _build/nrf52832_xxaa/queue.c.o
                0x00000000000007a0                xQueueGenericSend
 .text.xQueueGenericSendFromISR
                0x0000000000000b28       0xf4 _build/nrf52832_xxaa/queue.c.o
                0x0000000000000b28                xQueueGenericSendFromISR
 .text.xQueueReceive
                0x0000000000000c1c      0x314 _build/nrf52832_xxaa/queue.c.o
                0x0000000000000c1c                xQueueReceive
 .text.vQueueAddToRegistry
                0x0000000000000f30       0x24 _build/nrf52832_xxaa/queue.c.o
                0x0000000000000f30                vQueueAddToRegistry
 .text.vQueueWaitForMessageRestricted
                0x0000000000000f54       0xcc _build/nrf52832_xxaa/queue.c.o
                0x0000000000000f54                vQueueWaitForMessageRestricted
 .text.xTaskCreate
                0x0000000000001020      0x1ec _build/nrf52832_xxaa/tasks.c.o
                0x0000000000001020                xTaskCreate
 .text.vTaskStartScheduler
                0x000000000000120c      0x1d8 _build/nrf52832_xxaa/tasks.c.o
                0x000000000000120c                vTaskStartScheduler
 .text.vTaskSuspendAll
                0x00000000000013e4       0x10 _build/nrf52832_xxaa/tasks.c.o
                0x00000000000013e4                vTaskSuspendAll
 .text.xTaskGetTickCount
                0x00000000000013f4        0xc _build/nrf52832_xxaa/tasks.c.o
                0x00000000000013f4                xTaskGetTickCount
 .text.vTaskStepTick
                0x0000000000001400       0x10 _build/nrf52832_xxaa/tasks.c.o
                0x0000000000001400                vTaskStepTick
 .text.xTaskIncrementTick
                0x0000000000001410      0x128 _build/nrf52832_xxaa/tasks.c.o
                0x0000000000001410                xTaskIncrementTick
 .text.xTaskResumeAll
                0x0000000000001538      0x11c _build/nrf52832_xxaa/tasks.c.o
                0x0000000000001538                xTaskResumeAll
 .text.vTaskDelay
                0x0000000000001654       0x9c _build/nrf52832_xxaa/tasks.c.o
                0x0000000000001654                vTaskDelay
 .text.prvIdleTask
                0x00000000000016f0       0xf0 _build/nrf52832_xxaa/tasks.c.o
 .text.vTaskSwitchContext
                0x00000000000017e0       0x58 _build/nrf52832_xxaa/tasks.c.o
                0x00000000000017e0                vTaskSwitchContext
 .text.vTaskPlaceOnEventList
                0x0000000000001838       0x90 _build/nrf52832_xxaa/tasks.c.o
                0x0000000000001838                vTaskPlaceOnEventList
 .text.vTaskPlaceOnEventListRestricted
                0x00000000000018c8       0xa8 _build/nrf52832_xxaa/tasks.c.o
                0x00000000000018c8                vTaskPlaceOnEventListRestricted
 .text.xTaskRemoveFromEventList
                0x0000000000001970       0xa0 _build/nrf52832_xxaa/tasks.c.o
                0x0000000000001970                xTaskRemoveFromEventList
 .text.vTaskInternalSetTimeOutState
                0x0000000000001a10       0x18 _build/nrf52832_xxaa/tasks.c.o
                0x0000000000001a10                vTaskInternalSetTimeOutState
 .text.xTaskCheckForTimeOut
                0x0000000000001a28       0x70 _build/nrf52832_xxaa/tasks.c.o
                0x0000000000001a28                xTaskCheckForTimeOut
 .text.vTaskMissedYield
                0x0000000000001a98        0xc _build/nrf52832_xxaa/tasks.c.o
                0x0000000000001a98                vTaskMissedYield
 .text.eTaskConfirmSleepModeStatus
                0x0000000000001aa4       0x34 _build/nrf52832_xxaa/tasks.c.o
                0x0000000000001aa4                eTaskConfirmSleepModeStatus
 .text.xTaskGetSchedulerState
                0x0000000000001ad8       0x20 _build/nrf52832_xxaa/tasks.c.o
                0x0000000000001ad8                xTaskGetSchedulerState
 .text.xTaskPriorityDisinherit
                0x0000000000001af8       0x84 _build/nrf52832_xxaa/tasks.c.o
                0x0000000000001af8                xTaskPriorityDisinherit
 .text.xTimerCreateTimerTask
                0x0000000000001b7c       0x84 _build/nrf52832_xxaa/timers.c.o
                0x0000000000001b7c                xTimerCreateTimerTask
 .text.xTimerCreate
                0x0000000000001c00       0x9c _build/nrf52832_xxaa/timers.c.o
                0x0000000000001c00                xTimerCreate
 .text.xTimerGenericCommand
                0x0000000000001c9c       0x58 _build/nrf52832_xxaa/timers.c.o
                0x0000000000001c9c                xTimerGenericCommand
 .text.prvTimerTask
                0x0000000000001cf4      0x2bc _build/nrf52832_xxaa/timers.c.o
 .text.app_error_handler_bare
                0x0000000000001fb0       0x20 _build/nrf52832_xxaa/app_error.c.o
                0x0000000000001fb0                app_error_handler_bare
 .text.app_error_fault_handler
                0x0000000000001fd0       0x34 _build/nrf52832_xxaa/app_error_weak.c.o
                0x0000000000001fd0                app_error_fault_handler
 .text.app_util_critical_region_enter
                0x0000000000002004       0x10 _build/nrf52832_xxaa/app_util_platform.c.o
                0x0000000000002004                app_util_critical_region_enter
 .text.app_util_critical_region_exit
                0x0000000000002014       0x14 _build/nrf52832_xxaa/app_util_platform.c.o
                0x0000000000002014                app_util_critical_region_exit
 .text.clock_irq_handler
                0x0000000000002028       0xe0 _build/nrf52832_xxaa/nrf_drv_clock.c.o
 .text.nrf_drv_clock_init
                0x0000000000002108       0x3c _build/nrf52832_xxaa/nrf_drv_clock.c.o
                0x0000000000002108                nrf_drv_clock_init
 .text.nrf_drv_clock_lfclk_request
                0x0000000000002144       0x5c _build/nrf52832_xxaa/nrf_drv_clock.c.o
                0x0000000000002144                nrf_drv_clock_lfclk_request
 .text.nrfx_clock_init
                0x00000000000021a0       0x1c _build/nrf52832_xxaa/nrfx_clock.c.o
                0x00000000000021a0                nrfx_clock_init
 .text.nrfx_clock_enable
                0x00000000000021bc       0x28 _build/nrf52832_xxaa/nrfx_clock.c.o
                0x00000000000021bc                nrfx_clock_enable
 .text.nrfx_clock_lfclk_start
                0x00000000000021e4       0x60 _build/nrf52832_xxaa/nrfx_clock.c.o
                0x00000000000021e4                nrfx_clock_lfclk_start
 .text.nrfx_clock_hfclk_start
                0x0000000000002244       0x24 _build/nrf52832_xxaa/nrfx_clock.c.o
                0x0000000000002244                nrfx_clock_hfclk_start
 .text.nrfx_clock_hfclk_stop
                0x0000000000002268       0x28 _build/nrf52832_xxaa/nrfx_clock.c.o
                0x0000000000002268                nrfx_clock_hfclk_stop
 .text.POWER_CLOCK_IRQHandler
                0x0000000000002290       0xbc _build/nrf52832_xxaa/nrfx_clock.c.o
                0x0000000000002290                POWER_CLOCK_IRQHandler
 .text.GPIOTE_IRQHandler
                0x000000000000234c      0x528 _build/nrf52832_xxaa/nrfx_gpiote.c.o
                0x000000000000234c                GPIOTE_IRQHandler
 .text.led_toggle_timer_callback
                0x0000000000002874        0x8 _build/nrf52832_xxaa/main.c.o
 .text.led2_toggle_task_function
                0x000000000000287c       0x14 _build/nrf52832_xxaa/main.c.o
 .text.led1_toggle_task_function
                0x0000000000002890       0x14 _build/nrf52832_xxaa/main.c.o
 .text.led0_toggle_task_function
                0x00000000000028a4       0x10 _build/nrf52832_xxaa/main.c.o
 .text.startup.main
                0x00000000000028b4       0xc0 _build/nrf52832_xxaa/main.c.o
                0x00000000000028b4                main
 .text.SystemInit
                0x0000000000002974      0x3cc _build/nrf52832_xxaa/system_nrf52.c.o
                0x0000000000002974                SystemInit
 .text.exit     0x0000000000002d40       0x28 /usr/local/gcc-arm-none-eabi-6-2017-q2-update/bin/../lib/gcc/arm-none-eabi/6.3.1/../../../../arm-none-eabi/lib/thumb/v7e-m/fpv4-sp/hard/libc_nano.a(lib_a-exit.o)
                0x0000000000002d40                exit
 .text.__libc_init_array
                0x0000000000002d68       0x48 /usr/local/gcc-arm-none-eabi-6-2017-q2-update/bin/../lib/gcc/arm-none-eabi/6.3.1/../../../../arm-none-eabi/lib/thumb/v7e-m/fpv4-sp/hard/libc_nano.a(lib_a-init.o)
                0x0000000000002d68                __libc_init_array
 .text.memcpy   0x0000000000002db0       0x16 /usr/local/gcc-arm-none-eabi-6-2017-q2-update/bin/../lib/gcc/arm-none-eabi/6.3.1/../../../../arm-none-eabi/lib/thumb/v7e-m/fpv4-sp/hard/libc_nano.a(lib_a-memcpy-stub.o)
                0x0000000000002db0                memcpy
 .text.memset   0x0000000000002dc6       0x10 /usr/local/gcc-arm-none-eabi-6-2017-q2-update/bin/../lib/gcc/arm-none-eabi/6.3.1/../../../../arm-none-eabi/lib/thumb/v7e-m/fpv4-sp/hard/libc_nano.a(lib_a-memset.o)
                0x0000000000002dc6                memset
 *fill*         0x0000000000002dd6        0x2 
 .text._exit    0x0000000000002dd8        0x4 /usr/local/gcc-arm-none-eabi-6-2017-q2-update/bin/../lib/gcc/arm-none-eabi/6.3.1/../../../../arm-none-eabi/lib/thumb/v7e-m/fpv4-sp/hard/libnosys.a(_exit.o)
                0x0000000000002dd8                _exit
 *(.init)
 .init          0x0000000000002ddc        0x4 /usr/local/gcc-arm-none-eabi-6-2017-q2-update/bin/../lib/gcc/arm-none-eabi/6.3.1/thumb/v7e-m/fpv4-sp/hard/crti.o
                0x0000000000002ddc                _init
 .init          0x0000000000002de0        0x8 /usr/local/gcc-arm-none-eabi-6-2017-q2-update/bin/../lib/gcc/arm-none-eabi/6.3.1/thumb/v7e-m/fpv4-sp/hard/crtn.o
 *(.fini)
 .fini          0x0000000000002de8        0x4 /usr/local/gcc-arm-none-eabi-6-2017-q2-update/bin/../lib/gcc/arm-none-eabi/6.3.1/thumb/v7e-m/fpv4-sp/hard/crti.o
                0x0000000000002de8                _fini
 .fini          0x0000000000002dec        0x8 /usr/local/gcc-arm-none-eabi-6-2017-q2-update/bin/../lib/gcc/arm-none-eabi/6.3.1/thumb/v7e-m/fpv4-sp/hard/crtn.o
 *crtbegin.o(.ctors)
 *crtbegin?.o(.ctors)
 *(EXCLUDE_FILE(*crtend.o *crtend?.o) .ctors)
 *(SORT(.ctors.*))
 *(.ctors)
 *crtbegin.o(.dtors)
 *crtbegin?.o(.dtors)
 *(EXCLUDE_FILE(*crtend.o *crtend?.o) .dtors)
 *(SORT(.dtors.*))
 *(.dtors)
 *(.rodata*)
 .rodata.m_board_led_list
                0x0000000000002df4        0x4 _build/nrf52832_xxaa/boards.c.o
 .rodata.xTimerCreateTimerTask.str1.4
                0x0000000000002df8       0x10 _build/nrf52832_xxaa/timers.c.o
 .rodata.main.str1.4
                0x0000000000002e08       0x20 _build/nrf52832_xxaa/main.c.o
                                         0x1d (size before relaxing)
 .rodata._global_impure_ptr
                0x0000000000002e28        0x4 /usr/local/gcc-arm-none-eabi-6-2017-q2-update/bin/../lib/gcc/arm-none-eabi/6.3.1/../../../../arm-none-eabi/lib/thumb/v7e-m/fpv4-sp/hard/libc_nano.a(lib_a-impure.o)
                0x0000000000002e28                _global_impure_ptr
 *(.eh_frame*)
 .eh_frame      0x0000000000002e2c        0x0 /usr/local/gcc-arm-none-eabi-6-2017-q2-update/bin/../lib/gcc/arm-none-eabi/6.3.1/thumb/v7e-m/fpv4-sp/hard/crtbegin.o
 .eh_frame      0x0000000000002e2c        0x4 /usr/local/gcc-arm-none-eabi-6-2017-q2-update/bin/../lib/gcc/arm-none-eabi/6.3.1/thumb/v7e-m/fpv4-sp/hard/crtend.o

.glue_7         0x0000000000002e30        0x0
 .glue_7        0x0000000000002e30        0x0 linker stubs

.glue_7t        0x0000000000002e30        0x0
 .glue_7t       0x0000000000002e30        0x0 linker stubs

.vfp11_veneer   0x0000000000002e30        0x0
 .vfp11_veneer  0x0000000000002e30        0x0 linker stubs

.v4_bx          0x0000000000002e30        0x0
 .v4_bx         0x0000000000002e30        0x0 linker stubs

.iplt           0x0000000000002e30        0x0
 .iplt          0x0000000000002e30        0x0 /usr/local/gcc-arm-none-eabi-6-2017-q2-update/bin/../lib/gcc/arm-none-eabi/6.3.1/thumb/v7e-m/fpv4-sp/hard/crtbegin.o

.mem_section_dummy_rom

.log_const_data
                0x0000000000002e30        0x0
                [!provide]                        PROVIDE (__start_log_const_data, .)
 *(SORT(.log_const_data*))
                [!provide]                        PROVIDE (__stop_log_const_data, .)

.nrf_balloc     0x0000000000002e30        0x0
                [!provide]                        PROVIDE (__start_nrf_balloc, .)
 *(.nrf_balloc)
                [!provide]                        PROVIDE (__stop_nrf_balloc, .)

.ARM.extab
 *(.ARM.extab* .gnu.linkonce.armextab.*)
                0x0000000000002e30                __exidx_start = .

.ARM.exidx      0x0000000000002e30        0x8
 *(.ARM.exidx* .gnu.linkonce.armexidx.*)
 .ARM.exidx     0x0000000000002e30        0x8 /usr/local/gcc-arm-none-eabi-6-2017-q2-update/bin/../lib/gcc/arm-none-eabi/6.3.1/../../../../arm-none-eabi/lib/thumb/v7e-m/fpv4-sp/hard/crt0.o
                0x0000000000002e38                __exidx_end = .
                0x0000000000002e38                __etext = .

.rel.dyn        0x0000000000002e38        0x0
 .rel.iplt      0x0000000000002e38        0x0 /usr/local/gcc-arm-none-eabi-6-2017-q2-update/bin/../lib/gcc/arm-none-eabi/6.3.1/thumb/v7e-m/fpv4-sp/hard/crtbegin.o

.data           0x0000000020000000       0x70 load address 0x0000000000002e38
                0x0000000020000000                __data_start__ = .
 *(vtable)
 *(.data*)
 .data.SystemCoreClock
                0x0000000020000000        0x4 _build/nrf52832_xxaa/system_nrf52.c.o
                0x0000000020000000                SystemCoreClock
 .data.impure_data
                0x0000000020000004       0x60 /usr/local/gcc-arm-none-eabi-6-2017-q2-update/bin/../lib/gcc/arm-none-eabi/6.3.1/../../../../arm-none-eabi/lib/thumb/v7e-m/fpv4-sp/hard/libc_nano.a(lib_a-impure.o)
                0x0000000020000064                . = ALIGN (0x4)
                0x0000000020000064                PROVIDE (__preinit_array_start, .)
 *(.preinit_array)
                0x0000000020000064                PROVIDE (__preinit_array_end, .)
                0x0000000020000064                . = ALIGN (0x4)
                0x0000000020000064                PROVIDE (__init_array_start, .)
 *(SORT(.init_array.*))
 *(.init_array)
 .init_array    0x0000000020000064        0x4 /usr/local/gcc-arm-none-eabi-6-2017-q2-update/bin/../lib/gcc/arm-none-eabi/6.3.1/thumb/v7e-m/fpv4-sp/hard/crtbegin.o
                0x0000000020000068                PROVIDE (__init_array_end, .)
                0x0000000020000068                . = ALIGN (0x4)
                [!provide]                        PROVIDE (__fini_array_start, .)
 *(SORT(.fini_array.*))
 *(.fini_array)
 .fini_array    0x0000000020000068        0x4 /usr/local/gcc-arm-none-eabi-6-2017-q2-update/bin/../lib/gcc/arm-none-eabi/6.3.1/thumb/v7e-m/fpv4-sp/hard/crtbegin.o
                [!provide]                        PROVIDE (__fini_array_end, .)
 *(.jcr*)
 .jcr           0x000000002000006c        0x0 /usr/local/gcc-arm-none-eabi-6-2017-q2-update/bin/../lib/gcc/arm-none-eabi/6.3.1/thumb/v7e-m/fpv4-sp/hard/crtbegin.o
 .jcr           0x000000002000006c        0x4 /usr/local/gcc-arm-none-eabi-6-2017-q2-update/bin/../lib/gcc/arm-none-eabi/6.3.1/thumb/v7e-m/fpv4-sp/hard/crtend.o
                0x0000000020000070                . = ALIGN (0x4)
                0x0000000020000070                __data_end__ = .
LOAD /usr/local/gcc-arm-none-eabi-6-2017-q2-update/bin/../lib/gcc/arm-none-eabi/6.3.1/thumb/v7e-m/fpv4-sp/hard/crti.o
LOAD /usr/local/gcc-arm-none-eabi-6-2017-q2-update/bin/../lib/gcc/arm-none-eabi/6.3.1/thumb/v7e-m/fpv4-sp/hard/crtbegin.o
LOAD /usr/local/gcc-arm-none-eabi-6-2017-q2-update/bin/../lib/gcc/arm-none-eabi/6.3.1/../../../../arm-none-eabi/lib/thumb/v7e-m/fpv4-sp/hard/crt0.o
LOAD _build/nrf52832_xxaa/gcc_startup_nrf52.S.o
LOAD _build/nrf52832_xxaa/boards.c.o
LOAD _build/nrf52832_xxaa/croutine.c.o
LOAD _build/nrf52832_xxaa/event_groups.c.o
LOAD _build/nrf52832_xxaa/heap_1.c.o
LOAD _build/nrf52832_xxaa/list.c.o
LOAD _build/nrf52832_xxaa/port.c.o
LOAD _build/nrf52832_xxaa/port_cmsis.c.o
LOAD _build/nrf52832_xxaa/port_cmsis_systick.c.o
LOAD _build/nrf52832_xxaa/queue.c.o
LOAD _build/nrf52832_xxaa/stream_buffer.c.o
LOAD _build/nrf52832_xxaa/tasks.c.o
LOAD _build/nrf52832_xxaa/timers.c.o
LOAD _build/nrf52832_xxaa/app_button.c.o
LOAD _build/nrf52832_xxaa/app_error.c.o
LOAD _build/nrf52832_xxaa/app_error_handler_gcc.c.o
LOAD _build/nrf52832_xxaa/app_error_weak.c.o
LOAD _build/nrf52832_xxaa/app_timer_freertos.c.o
LOAD _build/nrf52832_xxaa/app_util_platform.c.o
LOAD _build/nrf52832_xxaa/nrf_assert.c.o
LOAD _build/nrf52832_xxaa/nrf_strerror.c.o
LOAD _build/nrf52832_xxaa/nrf_drv_clock.c.o
LOAD _build/nrf52832_xxaa/nrf_nvic.c.o
LOAD _build/nrf52832_xxaa/nrf_soc.c.o
LOAD _build/nrf52832_xxaa/nrfx_clock.c.o
LOAD _build/nrf52832_xxaa/nrfx_gpiote.c.o
LOAD _build/nrf52832_xxaa/nrfx_power_clock.c.o
LOAD _build/nrf52832_xxaa/bsp.c.o
LOAD _build/nrf52832_xxaa/main.c.o
LOAD _build/nrf52832_xxaa/system_nrf52.c.o
LOAD /usr/local/gcc-arm-none-eabi-6-2017-q2-update/bin/../lib/gcc/arm-none-eabi/6.3.1/../../../../arm-none-eabi/lib/thumb/v7e-m/fpv4-sp/hard/libc_nano.a
LOAD /usr/local/gcc-arm-none-eabi-6-2017-q2-update/bin/../lib/gcc/arm-none-eabi/6.3.1/../../../../arm-none-eabi/lib/thumb/v7e-m/fpv4-sp/hard/libnosys.a
LOAD /usr/local/gcc-arm-none-eabi-6-2017-q2-update/bin/../lib/gcc/arm-none-eabi/6.3.1/../../../../arm-none-eabi/lib/thumb/v7e-m/fpv4-sp/hard/libm.a
START GROUP
LOAD /usr/local/gcc-arm-none-eabi-6-2017-q2-update/bin/../lib/gcc/arm-none-eabi/6.3.1/thumb/v7e-m/fpv4-sp/hard/libgcc.a
LOAD /usr/local/gcc-arm-none-eabi-6-2017-q2-update/bin/../lib/gcc/arm-none-eabi/6.3.1/../../../../arm-none-eabi/lib/thumb/v7e-m/fpv4-sp/hard/libg_nano.a
LOAD /usr/local/gcc-arm-none-eabi-6-2017-q2-update/bin/../lib/gcc/arm-none-eabi/6.3.1/../../../../arm-none-eabi/lib/thumb/v7e-m/fpv4-sp/hard/libc_nano.a
END GROUP
START GROUP
LOAD /usr/local/gcc-arm-none-eabi-6-2017-q2-update/bin/../lib/gcc/arm-none-eabi/6.3.1/thumb/v7e-m/fpv4-sp/hard/libgcc.a
LOAD /usr/local/gcc-arm-none-eabi-6-2017-q2-update/bin/../lib/gcc/arm-none-eabi/6.3.1/../../../../arm-none-eabi/lib/thumb/v7e-m/fpv4-sp/hard/libc_nano.a
END GROUP
LOAD /usr/local/gcc-arm-none-eabi-6-2017-q2-update/bin/../lib/gcc/arm-none-eabi/6.3.1/thumb/v7e-m/fpv4-sp/hard/crtend.o
LOAD /usr/local/gcc-arm-none-eabi-6-2017-q2-update/bin/../lib/gcc/arm-none-eabi/6.3.1/thumb/v7e-m/fpv4-sp/hard/crtn.o
START GROUP
LOAD /usr/local/gcc-arm-none-eabi-6-2017-q2-update/bin/../lib/gcc/arm-none-eabi/6.3.1/thumb/v7e-m/fpv4-sp/hard/libgcc.a
LOAD /usr/local/gcc-arm-none-eabi-6-2017-q2-update/bin/../lib/gcc/arm-none-eabi/6.3.1/../../../../arm-none-eabi/lib/thumb/v7e-m/fpv4-sp/hard/libc.a
LOAD /usr/local/gcc-arm-none-eabi-6-2017-q2-update/bin/../lib/gcc/arm-none-eabi/6.3.1/../../../../arm-none-eabi/lib/thumb/v7e-m/fpv4-sp/hard/libnosys.a
END GROUP

.igot.plt       0x0000000020000070        0x0 load address 0x0000000000002ea8
 .igot.plt      0x0000000020000070        0x0 /usr/local/gcc-arm-none-eabi-6-2017-q2-update/bin/../lib/gcc/arm-none-eabi/6.3.1/thumb/v7e-m/fpv4-sp/hard/crtbegin.o
                0x0000000020000070                . = ALIGN (0x4)

.mem_section_dummy_ram

.log_dynamic_data
                0x0000000020000070        0x0
                [!provide]                        PROVIDE (__start_log_dynamic_data, .)
 *(SORT(.log_dynamic_data*))
                [!provide]                        PROVIDE (__stop_log_dynamic_data, .)

.bss            0x0000000020000070     0x11ec load address 0x0000000000002ea8
                0x0000000020000070                . = ALIGN (0x4)
                0x0000000020000070                __bss_start__ = .
 *(.bss*)
 .bss           0x0000000020000070       0x1c /usr/local/gcc-arm-none-eabi-6-2017-q2-update/bin/../lib/gcc/arm-none-eabi/6.3.1/thumb/v7e-m/fpv4-sp/hard/crtbegin.o
 .bss.pucAlignedHeap.8306
                0x000000002000008c        0x4 _build/nrf52832_xxaa/heap_1.c.o
 .bss.ucHeap    0x0000000020000090     0x1000 _build/nrf52832_xxaa/heap_1.c.o
 .bss.xNextFreeByte
                0x0000000020001090        0x4 _build/nrf52832_xxaa/heap_1.c.o
 .bss.uxCriticalNesting
                0x0000000020001094        0x4 _build/nrf52832_xxaa/port_cmsis.c.o
 .bss.pxCurrentTCB
                0x0000000020001098        0x4 _build/nrf52832_xxaa/tasks.c.o
                0x0000000020001098                pxCurrentTCB
 .bss.pxDelayedTaskList
                0x000000002000109c        0x4 _build/nrf52832_xxaa/tasks.c.o
 .bss.pxOverflowDelayedTaskList
                0x00000000200010a0        0x4 _build/nrf52832_xxaa/tasks.c.o
 .bss.pxReadyTasksLists
                0x00000000200010a4       0x3c _build/nrf52832_xxaa/tasks.c.o
 .bss.uxCurrentNumberOfTasks
                0x00000000200010e0        0x4 _build/nrf52832_xxaa/tasks.c.o
 .bss.uxDeletedTasksWaitingCleanUp
                0x00000000200010e4        0x4 _build/nrf52832_xxaa/tasks.c.o
 .bss.uxPendedTicks
                0x00000000200010e8        0x4 _build/nrf52832_xxaa/tasks.c.o
 .bss.uxSchedulerSuspended
                0x00000000200010ec        0x4 _build/nrf52832_xxaa/tasks.c.o
 .bss.uxTaskNumber
                0x00000000200010f0        0x4 _build/nrf52832_xxaa/tasks.c.o
 .bss.uxTopReadyPriority
                0x00000000200010f4        0x4 _build/nrf52832_xxaa/tasks.c.o
 .bss.xDelayedTaskList1
                0x00000000200010f8       0x14 _build/nrf52832_xxaa/tasks.c.o
 .bss.xDelayedTaskList2
                0x000000002000110c       0x14 _build/nrf52832_xxaa/tasks.c.o
 .bss.xIdleTaskHandle
                0x0000000020001120        0x4 _build/nrf52832_xxaa/tasks.c.o
 .bss.xNextTaskUnblockTime
                0x0000000020001124        0x4 _build/nrf52832_xxaa/tasks.c.o
 .bss.xNumOfOverflows
                0x0000000020001128        0x4 _build/nrf52832_xxaa/tasks.c.o
 .bss.xPendingReadyList
                0x000000002000112c       0x14 _build/nrf52832_xxaa/tasks.c.o
 .bss.xSchedulerRunning
                0x0000000020001140        0x4 _build/nrf52832_xxaa/tasks.c.o
 .bss.xSuspendedTaskList
                0x0000000020001144       0x14 _build/nrf52832_xxaa/tasks.c.o
 .bss.xTasksWaitingTermination
                0x0000000020001158       0x14 _build/nrf52832_xxaa/tasks.c.o
 .bss.xTickCount
                0x000000002000116c        0x4 _build/nrf52832_xxaa/tasks.c.o
 .bss.xYieldPending
                0x0000000020001170        0x4 _build/nrf52832_xxaa/tasks.c.o
 .bss.pxCurrentTimerList
                0x0000000020001174        0x4 _build/nrf52832_xxaa/timers.c.o
 .bss.pxOverflowTimerList
                0x0000000020001178        0x4 _build/nrf52832_xxaa/timers.c.o
 .bss.xActiveTimerList1
                0x000000002000117c       0x14 _build/nrf52832_xxaa/timers.c.o
 .bss.xActiveTimerList2
                0x0000000020001190       0x14 _build/nrf52832_xxaa/timers.c.o
 .bss.xLastTime.8598
                0x00000000200011a4        0x4 _build/nrf52832_xxaa/timers.c.o
 .bss.xTimerQueue
                0x00000000200011a8        0x4 _build/nrf52832_xxaa/timers.c.o
 .bss.xTimerTaskHandle
                0x00000000200011ac        0x4 _build/nrf52832_xxaa/timers.c.o
 .bss.m_in_critical_region
                0x00000000200011b0        0x4 _build/nrf52832_xxaa/app_util_platform.c.o
 .bss.m_clock_cb
                0x00000000200011b4       0x24 _build/nrf52832_xxaa/nrf_drv_clock.c.o
 .bss.m_clock_cb
                0x00000000200011d8        0x8 _build/nrf52832_xxaa/nrfx_clock.c.o
 .bss.m_cb      0x00000000200011e0       0x5c _build/nrf52832_xxaa/nrfx_gpiote.c.o
 *(COMMON)
 COMMON         0x000000002000123c       0x10 _build/nrf52832_xxaa/queue.c.o
                0x000000002000123c                xQueueRegistry
 COMMON         0x000000002000124c       0x10 _build/nrf52832_xxaa/main.c.o
                0x000000002000124c                led_toggle_timer_handle
                0x0000000020001250                led1_toggle_task_handle
                0x0000000020001254                led2_toggle_task_handle
                0x0000000020001258                led0_toggle_task_handle
                0x000000002000125c                . = ALIGN (0x4)
                0x000000002000125c                __bss_end__ = .

.heap           0x0000000020001260     0x2000
                0x0000000020001260                __HeapBase = .
                0x0000000020001260                __end__ = .
                [!provide]                        PROVIDE (end, .)
 *(.heap*)
 .heap          0x0000000020001260     0x2000 _build/nrf52832_xxaa/gcc_startup_nrf52.S.o
                0x0000000020003260                __HeapLimit = .

.stack_dummy    0x0000000020001260     0x2000
 *(.stack*)
 .stack         0x0000000020001260     0x2000 _build/nrf52832_xxaa/gcc_startup_nrf52.S.o
                0x0000000020010000                __StackTop = (ORIGIN (RAM) + LENGTH (RAM))
                0x000000002000e000                __StackLimit = (__StackTop - SIZEOF (.stack_dummy))
                0x0000000020010000                PROVIDE (__stack, __StackTop)
                0x0000000000000001                ASSERT ((__StackLimit >= __HeapLimit), region RAM overflowed with stack)
                0x0000000000000070                DataInitFlashUsed = (__bss_start__ - __data_start__)
                0x0000000000002e38                CodeFlashUsed = (__etext - ORIGIN (FLASH))
                0x0000000000002ea8                TotalFlashUsed = (CodeFlashUsed + DataInitFlashUsed)
                0x0000000000000001                ASSERT ((TotalFlashUsed <= LENGTH (FLASH)), region FLASH overflowed with .data and user data)
OUTPUT(_build/nrf52832_xxaa.out elf32-littlearm)

.ARM.attributes
                0x0000000000000000       0x30
 .ARM.attributes
                0x0000000000000000       0x22 /usr/local/gcc-arm-none-eabi-6-2017-q2-update/bin/../lib/gcc/arm-none-eabi/6.3.1/thumb/v7e-m/fpv4-sp/hard/crti.o
 .ARM.attributes
                0x0000000000000022       0x34 /usr/local/gcc-arm-none-eabi-6-2017-q2-update/bin/../lib/gcc/arm-none-eabi/6.3.1/thumb/v7e-m/fpv4-sp/hard/crtbegin.o
 .ARM.attributes
                0x0000000000000056       0x20 /usr/local/gcc-arm-none-eabi-6-2017-q2-update/bin/../lib/gcc/arm-none-eabi/6.3.1/../../../../arm-none-eabi/lib/thumb/v7e-m/fpv4-sp/hard/crt0.o
 .ARM.attributes
                0x0000000000000076       0x20 _build/nrf52832_xxaa/gcc_startup_nrf52.S.o
 .ARM.attributes
                0x0000000000000096       0x39 _build/nrf52832_xxaa/boards.c.o
 .ARM.attributes
                0x00000000000000cf       0x39 _build/nrf52832_xxaa/heap_1.c.o
 .ARM.attributes
                0x0000000000000108       0x39 _build/nrf52832_xxaa/list.c.o
 .ARM.attributes
                0x0000000000000141       0x39 _build/nrf52832_xxaa/port.c.o
 .ARM.attributes
                0x000000000000017a       0x39 _build/nrf52832_xxaa/port_cmsis.c.o
 .ARM.attributes
                0x00000000000001b3       0x39 _build/nrf52832_xxaa/port_cmsis_systick.c.o
 .ARM.attributes
                0x00000000000001ec       0x39 _build/nrf52832_xxaa/queue.c.o
 .ARM.attributes
                0x0000000000000225       0x39 _build/nrf52832_xxaa/tasks.c.o
 .ARM.attributes
                0x000000000000025e       0x39 _build/nrf52832_xxaa/timers.c.o
 .ARM.attributes
                0x0000000000000297       0x39 _build/nrf52832_xxaa/app_error.c.o
 .ARM.attributes
                0x00000000000002d0       0x39 _build/nrf52832_xxaa/app_error_weak.c.o
 .ARM.attributes
                0x0000000000000309       0x39 _build/nrf52832_xxaa/app_util_platform.c.o
 .ARM.attributes
                0x0000000000000342       0x39 _build/nrf52832_xxaa/nrf_drv_clock.c.o
 .ARM.attributes
                0x000000000000037b       0x39 _build/nrf52832_xxaa/nrfx_clock.c.o
 .ARM.attributes
                0x00000000000003b4       0x39 _build/nrf52832_xxaa/nrfx_gpiote.c.o
 .ARM.attributes
                0x00000000000003ed       0x39 _build/nrf52832_xxaa/main.c.o
 .ARM.attributes
                0x0000000000000426       0x39 _build/nrf52832_xxaa/system_nrf52.c.o
 .ARM.attributes
                0x000000000000045f       0x34 /usr/local/gcc-arm-none-eabi-6-2017-q2-update/bin/../lib/gcc/arm-none-eabi/6.3.1/../../../../arm-none-eabi/lib/thumb/v7e-m/fpv4-sp/hard/libc_nano.a(lib_a-exit.o)
 .ARM.attributes
                0x0000000000000493       0x34 /usr/local/gcc-arm-none-eabi-6-2017-q2-update/bin/../lib/gcc/arm-none-eabi/6.3.1/../../../../arm-none-eabi/lib/thumb/v7e-m/fpv4-sp/hard/libc_nano.a(lib_a-impure.o)
 .ARM.attributes
                0x00000000000004c7       0x34 /usr/local/gcc-arm-none-eabi-6-2017-q2-update/bin/../lib/gcc/arm-none-eabi/6.3.1/../../../../arm-none-eabi/lib/thumb/v7e-m/fpv4-sp/hard/libc_nano.a(lib_a-init.o)
 .ARM.attributes
                0x00000000000004fb       0x34 /usr/local/gcc-arm-none-eabi-6-2017-q2-update/bin/../lib/gcc/arm-none-eabi/6.3.1/../../../../arm-none-eabi/lib/thumb/v7e-m/fpv4-sp/hard/libc_nano.a(lib_a-memcpy-stub.o)
 .ARM.attributes
                0x000000000000052f       0x34 /usr/local/gcc-arm-none-eabi-6-2017-q2-update/bin/../lib/gcc/arm-none-eabi/6.3.1/../../../../arm-none-eabi/lib/thumb/v7e-m/fpv4-sp/hard/libc_nano.a(lib_a-memset.o)
 .ARM.attributes
                0x0000000000000563       0x34 /usr/local/gcc-arm-none-eabi-6-2017-q2-update/bin/../lib/gcc/arm-none-eabi/6.3.1/../../../../arm-none-eabi/lib/thumb/v7e-m/fpv4-sp/hard/libnosys.a(_exit.o)
 .ARM.attributes
                0x0000000000000597       0x34 /usr/local/gcc-arm-none-eabi-6-2017-q2-update/bin/../lib/gcc/arm-none-eabi/6.3.1/thumb/v7e-m/fpv4-sp/hard/crtend.o
 .ARM.attributes
                0x00000000000005cb       0x22 /usr/local/gcc-arm-none-eabi-6-2017-q2-update/bin/../lib/gcc/arm-none-eabi/6.3.1/thumb/v7e-m/fpv4-sp/hard/crtn.o

.comment        0x0000000000000000       0x7f
 .comment       0x0000000000000000       0x7f _build/nrf52832_xxaa/boards.c.o
                                         0x80 (size before relaxing)
 .comment       0x000000000000007f       0x80 _build/nrf52832_xxaa/heap_1.c.o
 .comment       0x000000000000007f       0x80 _build/nrf52832_xxaa/list.c.o
 .comment       0x000000000000007f       0x80 _build/nrf52832_xxaa/port.c.o
 .comment       0x000000000000007f       0x80 _build/nrf52832_xxaa/port_cmsis.c.o
 .comment       0x000000000000007f       0x80 _build/nrf52832_xxaa/port_cmsis_systick.c.o
 .comment       0x000000000000007f       0x80 _build/nrf52832_xxaa/queue.c.o
 .comment       0x000000000000007f       0x80 _build/nrf52832_xxaa/tasks.c.o
 .comment       0x000000000000007f       0x80 _build/nrf52832_xxaa/timers.c.o
 .comment       0x000000000000007f       0x80 _build/nrf52832_xxaa/app_error.c.o
 .comment       0x000000000000007f       0x80 _build/nrf52832_xxaa/app_error_weak.c.o
 .comment       0x000000000000007f       0x80 _build/nrf52832_xxaa/app_util_platform.c.o
 .comment       0x000000000000007f       0x80 _build/nrf52832_xxaa/nrf_drv_clock.c.o
 .comment       0x000000000000007f       0x80 _build/nrf52832_xxaa/nrfx_clock.c.o
 .comment       0x000000000000007f       0x80 _build/nrf52832_xxaa/nrfx_gpiote.c.o
 .comment       0x000000000000007f       0x80 _build/nrf52832_xxaa/main.c.o
 .comment       0x000000000000007f       0x80 _build/nrf52832_xxaa/system_nrf52.c.o

.debug_line     0x0000000000000000     0xa098
 .debug_line    0x0000000000000000       0x86 _build/nrf52832_xxaa/gcc_startup_nrf52.S.o
 .debug_line    0x0000000000000086      0x7e8 _build/nrf52832_xxaa/boards.c.o
 .debug_line    0x000000000000086e      0x6ad _build/nrf52832_xxaa/heap_1.c.o
 .debug_line    0x0000000000000f1b      0x6b0 _build/nrf52832_xxaa/list.c.o
 .debug_line    0x00000000000015cb      0x625 _build/nrf52832_xxaa/port.c.o
 .debug_line    0x0000000000001bf0      0x6a6 _build/nrf52832_xxaa/port_cmsis.c.o
 .debug_line    0x0000000000002296      0xb22 _build/nrf52832_xxaa/port_cmsis_systick.c.o
 .debug_line    0x0000000000002db8      0xf47 _build/nrf52832_xxaa/queue.c.o
 .debug_line    0x0000000000003cff     0x12d7 _build/nrf52832_xxaa/tasks.c.o
 .debug_line    0x0000000000004fd6      0x8f6 _build/nrf52832_xxaa/timers.c.o
 .debug_line    0x00000000000058cc      0x4bf _build/nrf52832_xxaa/app_error.c.o
 .debug_line    0x0000000000005d8b      0x77b _build/nrf52832_xxaa/app_error_weak.c.o
 .debug_line    0x0000000000006506      0x54d _build/nrf52832_xxaa/app_util_platform.c.o
 .debug_line    0x0000000000006a53      0xaae _build/nrf52832_xxaa/nrf_drv_clock.c.o
 .debug_line    0x0000000000007501      0xba0 _build/nrf52832_xxaa/nrfx_clock.c.o
 .debug_line    0x00000000000080a1     0x121f _build/nrf52832_xxaa/nrfx_gpiote.c.o
 .debug_line    0x00000000000092c0      0x987 _build/nrf52832_xxaa/main.c.o
 .debug_line    0x0000000000009c47      0x451 _build/nrf52832_xxaa/system_nrf52.c.o

.debug_info     0x0000000000000000    0x19573
 .debug_info    0x0000000000000000       0xba _build/nrf52832_xxaa/gcc_startup_nrf52.S.o
 .debug_info    0x00000000000000ba     0x127b _build/nrf52832_xxaa/boards.c.o
 .debug_info    0x0000000000001335      0xa2b _build/nrf52832_xxaa/heap_1.c.o
 .debug_info    0x0000000000001d60      0xb1a _build/nrf52832_xxaa/list.c.o
 .debug_info    0x000000000000287a      0x940 _build/nrf52832_xxaa/port.c.o
 .debug_info    0x00000000000031ba     0x1091 _build/nrf52832_xxaa/port_cmsis.c.o
 .debug_info    0x000000000000424b     0x17b0 _build/nrf52832_xxaa/port_cmsis_systick.c.o
 .debug_info    0x00000000000059fb     0x31d4 _build/nrf52832_xxaa/queue.c.o
 .debug_info    0x0000000000008bcf     0x3765 _build/nrf52832_xxaa/tasks.c.o
 .debug_info    0x000000000000c334     0x1e59 _build/nrf52832_xxaa/timers.c.o
 .debug_info    0x000000000000e18d      0xaf2 _build/nrf52832_xxaa/app_error.c.o
 .debug_info    0x000000000000ec7f      0xc4d _build/nrf52832_xxaa/app_error_weak.c.o
 .debug_info    0x000000000000f8cc      0xfaa _build/nrf52832_xxaa/app_util_platform.c.o
 .debug_info    0x0000000000010876     0x17cc _build/nrf52832_xxaa/nrf_drv_clock.c.o
 .debug_info    0x0000000000012042     0x1d75 _build/nrf52832_xxaa/nrfx_clock.c.o
 .debug_info    0x0000000000013db7     0x3855 _build/nrf52832_xxaa/nrfx_gpiote.c.o
 .debug_info    0x000000000001760c      0xe46 _build/nrf52832_xxaa/main.c.o
 .debug_info    0x0000000000018452     0x1121 _build/nrf52832_xxaa/system_nrf52.c.o

.debug_abbrev   0x0000000000000000     0x38f0
 .debug_abbrev  0x0000000000000000       0x14 _build/nrf52832_xxaa/gcc_startup_nrf52.S.o
 .debug_abbrev  0x0000000000000014      0x393 _build/nrf52832_xxaa/boards.c.o
 .debug_abbrev  0x00000000000003a7      0x262 _build/nrf52832_xxaa/heap_1.c.o
 .debug_abbrev  0x0000000000000609      0x223 _build/nrf52832_xxaa/list.c.o
 .debug_abbrev  0x000000000000082c      0x1b1 _build/nrf52832_xxaa/port.c.o
 .debug_abbrev  0x00000000000009dd      0x36b _build/nrf52832_xxaa/port_cmsis.c.o
 .debug_abbrev  0x0000000000000d48      0x3f8 _build/nrf52832_xxaa/port_cmsis_systick.c.o
 .debug_abbrev  0x0000000000001140      0x45b _build/nrf52832_xxaa/queue.c.o
 .debug_abbrev  0x000000000000159b      0x4d5 _build/nrf52832_xxaa/tasks.c.o
 .debug_abbrev  0x0000000000001a70      0x3f8 _build/nrf52832_xxaa/timers.c.o
 .debug_abbrev  0x0000000000001e68      0x235 _build/nrf52832_xxaa/app_error.c.o
 .debug_abbrev  0x000000000000209d      0x252 _build/nrf52832_xxaa/app_error_weak.c.o
 .debug_abbrev  0x00000000000022ef      0x324 _build/nrf52832_xxaa/app_util_platform.c.o
 .debug_abbrev  0x0000000000002613      0x4e3 _build/nrf52832_xxaa/nrf_drv_clock.c.o
 .debug_abbrev  0x0000000000002af6      0x4bb _build/nrf52832_xxaa/nrfx_clock.c.o
 .debug_abbrev  0x0000000000002fb1      0x4ea _build/nrf52832_xxaa/nrfx_gpiote.c.o
 .debug_abbrev  0x000000000000349b      0x273 _build/nrf52832_xxaa/main.c.o
 .debug_abbrev  0x000000000000370e      0x1e2 _build/nrf52832_xxaa/system_nrf52.c.o

.debug_aranges  0x0000000000000000      0x760
 .debug_aranges
                0x0000000000000000       0x20 _build/nrf52832_xxaa/gcc_startup_nrf52.S.o
 .debug_aranges
                0x0000000000000020       0x60 _build/nrf52832_xxaa/boards.c.o
 .debug_aranges
                0x0000000000000080       0x38 _build/nrf52832_xxaa/heap_1.c.o
 .debug_aranges
                0x00000000000000b8       0x40 _build/nrf52832_xxaa/list.c.o
 .debug_aranges
                0x00000000000000f8       0x30 _build/nrf52832_xxaa/port.c.o
 .debug_aranges
                0x0000000000000128       0x48 _build/nrf52832_xxaa/port_cmsis.c.o
 .debug_aranges
                0x0000000000000170       0x30 _build/nrf52832_xxaa/port_cmsis_systick.c.o
 .debug_aranges
                0x00000000000001a0       0xd8 _build/nrf52832_xxaa/queue.c.o
 .debug_aranges
                0x0000000000000278      0x190 _build/nrf52832_xxaa/tasks.c.o
 .debug_aranges
                0x0000000000000408       0x80 _build/nrf52832_xxaa/timers.c.o
 .debug_aranges
                0x0000000000000488       0x28 _build/nrf52832_xxaa/app_error.c.o
 .debug_aranges
                0x00000000000004b0       0x20 _build/nrf52832_xxaa/app_error_weak.c.o
 .debug_aranges
                0x00000000000004d0       0x48 _build/nrf52832_xxaa/app_util_platform.c.o
 .debug_aranges
                0x0000000000000518       0x88 _build/nrf52832_xxaa/nrf_drv_clock.c.o
 .debug_aranges
                0x00000000000005a0       0x80 _build/nrf52832_xxaa/nrfx_clock.c.o
 .debug_aranges
                0x0000000000000620       0xd8 _build/nrf52832_xxaa/nrfx_gpiote.c.o
 .debug_aranges
                0x00000000000006f8       0x40 _build/nrf52832_xxaa/main.c.o
 .debug_aranges
                0x0000000000000738       0x28 _build/nrf52832_xxaa/system_nrf52.c.o

.debug_loc      0x0000000000000000     0x92b5
 .debug_loc     0x0000000000000000      0x682 _build/nrf52832_xxaa/boards.c.o
 .debug_loc     0x0000000000000682       0xae _build/nrf52832_xxaa/heap_1.c.o
 .debug_loc     0x0000000000000730       0x70 _build/nrf52832_xxaa/list.c.o
 .debug_loc     0x00000000000007a0       0xa5 _build/nrf52832_xxaa/port_cmsis.c.o
 .debug_loc     0x0000000000000845      0x545 _build/nrf52832_xxaa/port_cmsis_systick.c.o
 .debug_loc     0x0000000000000d8a     0x1b60 _build/nrf52832_xxaa/queue.c.o
 .debug_loc     0x00000000000028ea     0x276d _build/nrf52832_xxaa/tasks.c.o
 .debug_loc     0x0000000000005057      0xe72 _build/nrf52832_xxaa/timers.c.o
 .debug_loc     0x0000000000005ec9       0xca _build/nrf52832_xxaa/app_error.c.o
 .debug_loc     0x0000000000005f93       0x42 _build/nrf52832_xxaa/app_error_weak.c.o
 .debug_loc     0x0000000000005fd5       0xae _build/nrf52832_xxaa/app_util_platform.c.o
 .debug_loc     0x0000000000006083      0x4b1 _build/nrf52832_xxaa/nrf_drv_clock.c.o
 .debug_loc     0x0000000000006534      0x3e7 _build/nrf52832_xxaa/nrfx_clock.c.o
 .debug_loc     0x000000000000691b     0x28f8 _build/nrf52832_xxaa/nrfx_gpiote.c.o
 .debug_loc     0x0000000000009213       0xa2 _build/nrf52832_xxaa/main.c.o

.debug_ranges   0x0000000000000000     0x22e8
 .debug_ranges  0x0000000000000000      0x128 _build/nrf52832_xxaa/boards.c.o
 .debug_ranges  0x0000000000000128       0x28 _build/nrf52832_xxaa/heap_1.c.o
 .debug_ranges  0x0000000000000150       0x30 _build/nrf52832_xxaa/list.c.o
 .debug_ranges  0x0000000000000180       0x20 _build/nrf52832_xxaa/port.c.o
 .debug_ranges  0x00000000000001a0       0x50 _build/nrf52832_xxaa/port_cmsis.c.o
 .debug_ranges  0x00000000000001f0      0x258 _build/nrf52832_xxaa/port_cmsis_systick.c.o
 .debug_ranges  0x0000000000000448      0x3e8 _build/nrf52832_xxaa/queue.c.o
 .debug_ranges  0x0000000000000830      0x670 _build/nrf52832_xxaa/tasks.c.o
 .debug_ranges  0x0000000000000ea0      0x240 _build/nrf52832_xxaa/timers.c.o
 .debug_ranges  0x00000000000010e0       0x18 _build/nrf52832_xxaa/app_error.c.o
 .debug_ranges  0x00000000000010f8       0x10 _build/nrf52832_xxaa/app_error_weak.c.o
 .debug_ranges  0x0000000000001108       0x50 _build/nrf52832_xxaa/app_util_platform.c.o
 .debug_ranges  0x0000000000001158      0x1a8 _build/nrf52832_xxaa/nrf_drv_clock.c.o
 .debug_ranges  0x0000000000001300      0x358 _build/nrf52832_xxaa/nrfx_clock.c.o
 .debug_ranges  0x0000000000001658      0xae8 _build/nrf52832_xxaa/nrfx_gpiote.c.o
 .debug_ranges  0x0000000000002140       0x48 _build/nrf52832_xxaa/main.c.o
 .debug_ranges  0x0000000000002188      0x160 _build/nrf52832_xxaa/system_nrf52.c.o

.debug_macro    0x0000000000000000    0x16385
 .debug_macro   0x0000000000000000      0x327 _build/nrf52832_xxaa/boards.c.o
 .debug_macro   0x0000000000000327      0x8d4 _build/nrf52832_xxaa/boards.c.o
 .debug_macro   0x0000000000000bfb      0x65a _build/nrf52832_xxaa/boards.c.o
 .debug_macro   0x0000000000001255       0x22 _build/nrf52832_xxaa/boards.c.o
 .debug_macro   0x0000000000001277       0x4f _build/nrf52832_xxaa/boards.c.o
 .debug_macro   0x00000000000012c6       0x51 _build/nrf52832_xxaa/boards.c.o
 .debug_macro   0x0000000000001317       0xef _build/nrf52832_xxaa/boards.c.o
 .debug_macro   0x0000000000001406       0x6a _build/nrf52832_xxaa/boards.c.o
 .debug_macro   0x0000000000001470      0x1df _build/nrf52832_xxaa/boards.c.o
 .debug_macro   0x000000000000164f      0x16d _build/nrf52832_xxaa/boards.c.o
 .debug_macro   0x00000000000017bc       0x22 _build/nrf52832_xxaa/boards.c.o
 .debug_macro   0x00000000000017de       0x22 _build/nrf52832_xxaa/boards.c.o
 .debug_macro   0x0000000000001800       0x2d _build/nrf52832_xxaa/boards.c.o
 .debug_macro   0x000000000000182d       0x3b _build/nrf52832_xxaa/boards.c.o
 .debug_macro   0x0000000000001868       0x50 _build/nrf52832_xxaa/boards.c.o
 .debug_macro   0x00000000000018b8      0xe66 _build/nrf52832_xxaa/boards.c.o
 .debug_macro   0x000000000000271e      0x392 _build/nrf52832_xxaa/boards.c.o
 .debug_macro   0x0000000000002ab0     0xccbe _build/nrf52832_xxaa/boards.c.o
 .debug_macro   0x000000000000f76e     0x1313 _build/nrf52832_xxaa/boards.c.o
 .debug_macro   0x0000000000010a81       0x82 _build/nrf52832_xxaa/boards.c.o
 .debug_macro   0x0000000000010b03       0x22 _build/nrf52832_xxaa/boards.c.o
 .debug_macro   0x0000000000010b25      0x3a3 _build/nrf52832_xxaa/boards.c.o
 .debug_macro   0x0000000000010ec8       0x36 _build/nrf52832_xxaa/boards.c.o
 .debug_macro   0x0000000000010efe       0xd5 _build/nrf52832_xxaa/boards.c.o
 .debug_macro   0x0000000000010fd3      0x125 _build/nrf52832_xxaa/boards.c.o
 .debug_macro   0x00000000000110f8       0x16 _build/nrf52832_xxaa/boards.c.o
 .debug_macro   0x000000000001110e      0x16d _build/nrf52832_xxaa/boards.c.o
 .debug_macro   0x000000000001127b      0x4e4 _build/nrf52832_xxaa/boards.c.o
 .debug_macro   0x000000000001175f       0x3f _build/nrf52832_xxaa/boards.c.o
 .debug_macro   0x000000000001179e       0x58 _build/nrf52832_xxaa/boards.c.o
 .debug_macro   0x00000000000117f6       0x35 _build/nrf52832_xxaa/boards.c.o
 .debug_macro   0x000000000001182b       0x9c _build/nrf52832_xxaa/boards.c.o
 .debug_macro   0x00000000000118c7       0x16 _build/nrf52832_xxaa/boards.c.o
 .debug_macro   0x00000000000118dd       0x35 _build/nrf52832_xxaa/boards.c.o
 .debug_macro   0x0000000000011912      0x353 _build/nrf52832_xxaa/boards.c.o
 .debug_macro   0x0000000000011c65       0x10 _build/nrf52832_xxaa/boards.c.o
 .debug_macro   0x0000000000011c75       0x58 _build/nrf52832_xxaa/boards.c.o
 .debug_macro   0x0000000000011ccd       0x1f _build/nrf52832_xxaa/boards.c.o
 .debug_macro   0x0000000000011cec       0x43 _build/nrf52832_xxaa/boards.c.o
 .debug_macro   0x0000000000011d2f       0x20 _build/nrf52832_xxaa/boards.c.o
 .debug_macro   0x0000000000011d4f      0x187 _build/nrf52832_xxaa/boards.c.o
 .debug_macro   0x0000000000011ed6       0x10 _build/nrf52832_xxaa/boards.c.o
 .debug_macro   0x0000000000011ee6       0xb6 _build/nrf52832_xxaa/boards.c.o
 .debug_macro   0x0000000000011f9c       0x16 _build/nrf52832_xxaa/boards.c.o
 .debug_macro   0x0000000000011fb2      0x145 _build/nrf52832_xxaa/boards.c.o
 .debug_macro   0x00000000000120f7       0x8e _build/nrf52832_xxaa/boards.c.o
 .debug_macro   0x0000000000012185       0xa7 _build/nrf52832_xxaa/boards.c.o
 .debug_macro   0x000000000001222c       0x49 _build/nrf52832_xxaa/boards.c.o
 .debug_macro   0x0000000000012275       0x8c _build/nrf52832_xxaa/boards.c.o
 .debug_macro   0x0000000000012301       0x19 _build/nrf52832_xxaa/boards.c.o
 .debug_macro   0x000000000001231a       0x16 _build/nrf52832_xxaa/boards.c.o
 .debug_macro   0x0000000000012330       0x7b _build/nrf52832_xxaa/boards.c.o
 .debug_macro   0x00000000000123ab       0x64 _build/nrf52832_xxaa/boards.c.o
 .debug_macro   0x000000000001240f       0x20 _build/nrf52832_xxaa/boards.c.o
 .debug_macro   0x000000000001242f       0x16 _build/nrf52832_xxaa/boards.c.o
 .debug_macro   0x0000000000012445       0xe2 _build/nrf52832_xxaa/boards.c.o
 .debug_macro   0x0000000000012527      0x16d _build/nrf52832_xxaa/boards.c.o
 .debug_macro   0x0000000000012694      0x302 _build/nrf52832_xxaa/heap_1.c.o
 .debug_macro   0x0000000000012996      0x2e1 _build/nrf52832_xxaa/list.c.o
 .debug_macro   0x0000000000012c77      0x2d1 _build/nrf52832_xxaa/port.c.o
 .debug_macro   0x0000000000012f48      0x2fb _build/nrf52832_xxaa/port_cmsis.c.o
 .debug_macro   0x0000000000013243      0x436 _build/nrf52832_xxaa/port_cmsis_systick.c.o
 .debug_macro   0x0000000000013679       0x16 _build/nrf52832_xxaa/port_cmsis_systick.c.o
 .debug_macro   0x000000000001368f       0x22 _build/nrf52832_xxaa/port_cmsis_systick.c.o
 .debug_macro   0x00000000000136b1       0x54 _build/nrf52832_xxaa/port_cmsis_systick.c.o
 .debug_macro   0x0000000000013705       0x31 _build/nrf52832_xxaa/port_cmsis_systick.c.o
 .debug_macro   0x0000000000013736       0x16 _build/nrf52832_xxaa/port_cmsis_systick.c.o
 .debug_macro   0x000000000001374c       0x49 _build/nrf52832_xxaa/port_cmsis_systick.c.o
 .debug_macro   0x0000000000013795      0x17d _build/nrf52832_xxaa/port_cmsis_systick.c.o
 .debug_macro   0x0000000000013912       0x9a _build/nrf52832_xxaa/port_cmsis_systick.c.o
 .debug_macro   0x00000000000139ac       0x5a _build/nrf52832_xxaa/port_cmsis_systick.c.o
 .debug_macro   0x0000000000013a06       0x28 _build/nrf52832_xxaa/port_cmsis_systick.c.o
 .debug_macro   0x0000000000013a2e       0x16 _build/nrf52832_xxaa/port_cmsis_systick.c.o
 .debug_macro   0x0000000000013a44       0x10 _build/nrf52832_xxaa/port_cmsis_systick.c.o
 .debug_macro   0x0000000000013a54      0x353 _build/nrf52832_xxaa/queue.c.o
 .debug_macro   0x0000000000013da7       0x86 _build/nrf52832_xxaa/queue.c.o
 .debug_macro   0x0000000000013e2d      0x3bb _build/nrf52832_xxaa/tasks.c.o
 .debug_macro   0x00000000000141e8       0x10 _build/nrf52832_xxaa/tasks.c.o
 .debug_macro   0x00000000000141f8      0x324 _build/nrf52832_xxaa/timers.c.o
 .debug_macro   0x000000000001451c      0x220 _build/nrf52832_xxaa/app_error.c.o
 .debug_macro   0x000000000001473c       0x35 _build/nrf52832_xxaa/app_error.c.o
 .debug_macro   0x0000000000014771       0x97 _build/nrf52832_xxaa/app_error.c.o
 .debug_macro   0x0000000000014808       0xf6 _build/nrf52832_xxaa/app_error.c.o
 .debug_macro   0x00000000000148fe      0x359 _build/nrf52832_xxaa/app_error_weak.c.o
 .debug_macro   0x0000000000014c57       0x28 _build/nrf52832_xxaa/app_error_weak.c.o
 .debug_macro   0x0000000000014c7f       0x92 _build/nrf52832_xxaa/app_error_weak.c.o
 .debug_macro   0x0000000000014d11       0x98 _build/nrf52832_xxaa/app_error_weak.c.o
 .debug_macro   0x0000000000014da9       0x10 _build/nrf52832_xxaa/app_error_weak.c.o
 .debug_macro   0x0000000000014db9       0x1c _build/nrf52832_xxaa/app_error_weak.c.o
 .debug_macro   0x0000000000014dd5      0x236 _build/nrf52832_xxaa/app_util_platform.c.o
 .debug_macro   0x000000000001500b      0x3e8 _build/nrf52832_xxaa/nrf_drv_clock.c.o
 .debug_macro   0x00000000000153f3       0x37 _build/nrf52832_xxaa/nrf_drv_clock.c.o
 .debug_macro   0x000000000001542a       0x10 _build/nrf52832_xxaa/nrf_drv_clock.c.o
 .debug_macro   0x000000000001543a      0x177 _build/nrf52832_xxaa/nrf_drv_clock.c.o
 .debug_macro   0x00000000000155b1      0x405 _build/nrf52832_xxaa/nrfx_clock.c.o
 .debug_macro   0x00000000000159b6       0x1c _build/nrf52832_xxaa/nrfx_clock.c.o
 .debug_macro   0x00000000000159d2       0x42 _build/nrf52832_xxaa/nrfx_clock.c.o
 .debug_macro   0x0000000000015a14      0x3fe _build/nrf52832_xxaa/nrfx_gpiote.c.o
 .debug_macro   0x0000000000015e12       0x1c _build/nrf52832_xxaa/nrfx_gpiote.c.o
 .debug_macro   0x0000000000015e2e       0x16 _build/nrf52832_xxaa/nrfx_gpiote.c.o
 .debug_macro   0x0000000000015e44      0x40b _build/nrf52832_xxaa/main.c.o
 .debug_macro   0x000000000001624f       0x45 _build/nrf52832_xxaa/main.c.o
 .debug_macro   0x0000000000016294       0xf1 _build/nrf52832_xxaa/system_nrf52.c.o

.debug_str      0x0000000000000000    0x77425
 .debug_str     0x0000000000000000    0x68a61 _build/nrf52832_xxaa/boards.c.o
                                      0x698a6 (size before relaxing)
 .debug_str     0x0000000000068a61     0x3d85 _build/nrf52832_xxaa/heap_1.c.o
                                      0x6879f (size before relaxing)
 .debug_str     0x000000000006c7e6      0x154 _build/nrf52832_xxaa/list.c.o
                                      0x681db (size before relaxing)
 .debug_str     0x000000000006c93a       0x52 _build/nrf52832_xxaa/port.c.o
                                      0x685ed (size before relaxing)
 .debug_str     0x000000000006c98c      0x501 _build/nrf52832_xxaa/port_cmsis.c.o
                                      0x68bd3 (size before relaxing)
 .debug_str     0x000000000006ce8d     0x3067 _build/nrf52832_xxaa/port_cmsis_systick.c.o
                                      0x6f8b9 (size before relaxing)
 .debug_str     0x000000000006fef4     0x100e _build/nrf52832_xxaa/queue.c.o
                                      0x698dd (size before relaxing)
 .debug_str     0x0000000000070f02     0x1979 _build/nrf52832_xxaa/tasks.c.o
                                      0x6a578 (size before relaxing)
 .debug_str     0x000000000007287b      0x4e9 _build/nrf52832_xxaa/timers.c.o
                                      0x69d72 (size before relaxing)
 .debug_str     0x0000000000072d64      0x104 _build/nrf52832_xxaa/app_error.c.o
                                      0x602ef (size before relaxing)
 .debug_str     0x0000000000072e68     0x10cb _build/nrf52832_xxaa/app_error_weak.c.o
                                      0x6a031 (size before relaxing)
 .debug_str     0x0000000000073f33      0x1f0 _build/nrf52832_xxaa/app_util_platform.c.o
                                      0x60ae1 (size before relaxing)
 .debug_str     0x0000000000074123      0x9c7 _build/nrf52832_xxaa/nrf_drv_clock.c.o
                                      0x6bdd6 (size before relaxing)
 .debug_str     0x0000000000074aea      0x856 _build/nrf52832_xxaa/nrfx_clock.c.o
                                      0x6c536 (size before relaxing)
 .debug_str     0x0000000000075340     0x18d9 _build/nrf52832_xxaa/nrfx_gpiote.c.o
                                      0x6d63f (size before relaxing)
 .debug_str     0x0000000000076c19      0x4ad _build/nrf52832_xxaa/main.c.o
                                      0x6ddd4 (size before relaxing)
 .debug_str     0x00000000000770c6      0x35f _build/nrf52832_xxaa/system_nrf52.c.o
                                      0x5bd4c (size before relaxing)

.debug_frame    0x0000000000000000     0x14dc
 .debug_frame   0x0000000000000000       0xc4 _build/nrf52832_xxaa/boards.c.o
 .debug_frame   0x00000000000000c4       0x5c _build/nrf52832_xxaa/heap_1.c.o
 .debug_frame   0x0000000000000120       0x70 _build/nrf52832_xxaa/list.c.o
 .debug_frame   0x0000000000000190       0x40 _build/nrf52832_xxaa/port.c.o
 .debug_frame   0x00000000000001d0       0x84 _build/nrf52832_xxaa/port_cmsis.c.o
 .debug_frame   0x0000000000000254       0x80 _build/nrf52832_xxaa/port_cmsis_systick.c.o
 .debug_frame   0x00000000000002d4      0x304 _build/nrf52832_xxaa/queue.c.o
 .debug_frame   0x00000000000005d8      0x5ac _build/nrf52832_xxaa/tasks.c.o
 .debug_frame   0x0000000000000b84      0x198 _build/nrf52832_xxaa/timers.c.o
 .debug_frame   0x0000000000000d1c       0x54 _build/nrf52832_xxaa/app_error.c.o
 .debug_frame   0x0000000000000d70       0x20 _build/nrf52832_xxaa/app_error_weak.c.o
 .debug_frame   0x0000000000000d90       0x70 _build/nrf52832_xxaa/app_util_platform.c.o
 .debug_frame   0x0000000000000e00      0x1c0 _build/nrf52832_xxaa/nrf_drv_clock.c.o
 .debug_frame   0x0000000000000fc0      0x12c _build/nrf52832_xxaa/nrfx_clock.c.o
 .debug_frame   0x00000000000010ec      0x268 _build/nrf52832_xxaa/nrfx_gpiote.c.o
 .debug_frame   0x0000000000001354       0x84 _build/nrf52832_xxaa/main.c.o
 .debug_frame   0x00000000000013d8       0x48 _build/nrf52832_xxaa/system_nrf52.c.o
 .debug_frame   0x0000000000001420       0x28 /usr/local/gcc-arm-none-eabi-6-2017-q2-update/bin/../lib/gcc/arm-none-eabi/6.3.1/../../../../arm-none-eabi/lib/thumb/v7e-m/fpv4-sp/hard/libc_nano.a(lib_a-exit.o)
 .debug_frame   0x0000000000001448       0x2c /usr/local/gcc-arm-none-eabi-6-2017-q2-update/bin/../lib/gcc/arm-none-eabi/6.3.1/../../../../arm-none-eabi/lib/thumb/v7e-m/fpv4-sp/hard/libc_nano.a(lib_a-init.o)
 .debug_frame   0x0000000000001474       0x28 /usr/local/gcc-arm-none-eabi-6-2017-q2-update/bin/../lib/gcc/arm-none-eabi/6.3.1/../../../../arm-none-eabi/lib/thumb/v7e-m/fpv4-sp/hard/libc_nano.a(lib_a-memcpy-stub.o)
 .debug_frame   0x000000000000149c       0x20 /usr/local/gcc-arm-none-eabi-6-2017-q2-update/bin/../lib/gcc/arm-none-eabi/6.3.1/../../../../arm-none-eabi/lib/thumb/v7e-m/fpv4-sp/hard/libc_nano.a(lib_a-memset.o)
 .debug_frame   0x00000000000014bc       0x20 /usr/local/gcc-arm-none-eabi-6-2017-q2-update/bin/../lib/gcc/arm-none-eabi/6.3.1/../../../../arm-none-eabi/lib/thumb/v7e-m/fpv4-sp/hard/libnosys.a(_exit.o)
