Archive member included to satisfy reference by file (symbol)

/usr/local/gcc-arm-none-eabi-6-2017-q2-update/bin/../lib/gcc/arm-none-eabi/6.3.1/../../../../arm-none-eabi/lib/thumb/v7e-m/fpv4-sp/hard/libc_nano.a(lib_a-exit.o)
                              /usr/local/gcc-arm-none-eabi-6-2017-q2-update/bin/../lib/gcc/arm-none-eabi/6.3.1/../../../../arm-none-eabi/lib/thumb/v7e-m/fpv4-sp/hard/crt0.o (exit)
/usr/local/gcc-arm-none-eabi-6-2017-q2-update/bin/../lib/gcc/arm-none-eabi/6.3.1/../../../../arm-none-eabi/lib/thumb/v7e-m/fpv4-sp/hard/libc_nano.a(lib_a-impure.o)
                              /usr/local/gcc-arm-none-eabi-6-2017-q2-update/bin/../lib/gcc/arm-none-eabi/6.3.1/../../../../arm-none-eabi/lib/thumb/v7e-m/fpv4-sp/hard/libc_nano.a(lib_a-exit.o) (_global_impure_ptr)
/usr/local/gcc-arm-none-eabi-6-2017-q2-update/bin/../lib/gcc/arm-none-eabi/6.3.1/../../../../arm-none-eabi/lib/thumb/v7e-m/fpv4-sp/hard/libc_nano.a(lib_a-init.o)
                              /usr/local/gcc-arm-none-eabi-6-2017-q2-update/bin/../lib/gcc/arm-none-eabi/6.3.1/../../../../arm-none-eabi/lib/thumb/v7e-m/fpv4-sp/hard/crt0.o (__libc_init_array)
/usr/local/gcc-arm-none-eabi-6-2017-q2-update/bin/../lib/gcc/arm-none-eabi/6.3.1/../../../../arm-none-eabi/lib/thumb/v7e-m/fpv4-sp/hard/libc_nano.a(lib_a-memcpy-stub.o)
                              _build/nrf52840_xxaa/queue.c.o (memcpy)
/usr/local/gcc-arm-none-eabi-6-2017-q2-update/bin/../lib/gcc/arm-none-eabi/6.3.1/../../../../arm-none-eabi/lib/thumb/v7e-m/fpv4-sp/hard/libc_nano.a(lib_a-memset.o)
                              /usr/local/gcc-arm-none-eabi-6-2017-q2-update/bin/../lib/gcc/arm-none-eabi/6.3.1/../../../../arm-none-eabi/lib/thumb/v7e-m/fpv4-sp/hard/crt0.o (memset)
/usr/local/gcc-arm-none-eabi-6-2017-q2-update/bin/../lib/gcc/arm-none-eabi/6.3.1/../../../../arm-none-eabi/lib/thumb/v7e-m/fpv4-sp/hard/libnosys.a(_exit.o)
                              /usr/local/gcc-arm-none-eabi-6-2017-q2-update/bin/../lib/gcc/arm-none-eabi/6.3.1/../../../../arm-none-eabi/lib/thumb/v7e-m/fpv4-sp/hard/libc_nano.a(lib_a-exit.o) (_exit)

Allocating common symbols
Common symbol       size              file

led_toggle_timer_handle
                    0x4               _build/nrf52840_xxaa/main.c.o
led1_toggle_task_handle
                    0x4               _build/nrf52840_xxaa/main.c.o
xQueueRegistry      0x10              _build/nrf52840_xxaa/queue.c.o
led2_toggle_task_handle
                    0x4               _build/nrf52840_xxaa/main.c.o
led0_toggle_task_handle
                    0x4               _build/nrf52840_xxaa/main.c.o

Discarded input sections

 .text          0x0000000000000000        0x0 /usr/local/gcc-arm-none-eabi-6-2017-q2-update/bin/../lib/gcc/arm-none-eabi/6.3.1/thumb/v7e-m/fpv4-sp/hard/crti.o
 .data          0x0000000000000000        0x0 /usr/local/gcc-arm-none-eabi-6-2017-q2-update/bin/../lib/gcc/arm-none-eabi/6.3.1/thumb/v7e-m/fpv4-sp/hard/crti.o
 .bss           0x0000000000000000        0x0 /usr/local/gcc-arm-none-eabi-6-2017-q2-update/bin/../lib/gcc/arm-none-eabi/6.3.1/thumb/v7e-m/fpv4-sp/hard/crti.o
 .data          0x0000000000000000        0x4 /usr/local/gcc-arm-none-eabi-6-2017-q2-update/bin/../lib/gcc/arm-none-eabi/6.3.1/thumb/v7e-m/fpv4-sp/hard/crtbegin.o
 .data          0x0000000000000000        0x0 /usr/local/gcc-arm-none-eabi-6-2017-q2-update/bin/../lib/gcc/arm-none-eabi/6.3.1/../../../../arm-none-eabi/lib/thumb/v7e-m/fpv4-sp/hard/crt0.o
 .bss           0x0000000000000000        0x0 /usr/local/gcc-arm-none-eabi-6-2017-q2-update/bin/../lib/gcc/arm-none-eabi/6.3.1/../../../../arm-none-eabi/lib/thumb/v7e-m/fpv4-sp/hard/crt0.o
 .ARM.extab     0x0000000000000000        0x0 /usr/local/gcc-arm-none-eabi-6-2017-q2-update/bin/../lib/gcc/arm-none-eabi/6.3.1/../../../../arm-none-eabi/lib/thumb/v7e-m/fpv4-sp/hard/crt0.o
 .data          0x0000000000000000        0x0 _build/nrf52840_xxaa/gcc_startup_nrf52840.S.o
 .bss           0x0000000000000000        0x0 _build/nrf52840_xxaa/gcc_startup_nrf52840.S.o
 .group         0x0000000000000000        0x8 _build/nrf52840_xxaa/boards.c.o
 .group         0x0000000000000000        0x8 _build/nrf52840_xxaa/boards.c.o
 .group         0x0000000000000000        0x8 _build/nrf52840_xxaa/boards.c.o
 .group         0x0000000000000000        0x8 _build/nrf52840_xxaa/boards.c.o
 .group         0x0000000000000000        0x8 _build/nrf52840_xxaa/boards.c.o
 .group         0x0000000000000000        0x8 _build/nrf52840_xxaa/boards.c.o
 .group         0x0000000000000000        0x8 _build/nrf52840_xxaa/boards.c.o
 .group         0x0000000000000000        0x8 _build/nrf52840_xxaa/boards.c.o
 .group         0x0000000000000000        0x8 _build/nrf52840_xxaa/boards.c.o
 .group         0x0000000000000000        0x8 _build/nrf52840_xxaa/boards.c.o
 .group         0x0000000000000000        0x8 _build/nrf52840_xxaa/boards.c.o
 .group         0x0000000000000000        0x8 _build/nrf52840_xxaa/boards.c.o
[...]
Memory Configuration

Name             Origin             Length             Attributes
FLASH            0x0000000000000000 0x0000000000100000 xr
RAM              0x0000000020000000 0x0000000000040000 xrw
*default*        0x0000000000000000 0xffffffffffffffff

Linker script and memory map


.text           0x0000000000000000     0x2ba4
 *(.isr_vector)
 .isr_vector    0x0000000000000000      0x200 _build/nrf52840_xxaa/gcc_startup_nrf52840.S.o
                0x0000000000000000                __isr_vector
 *(.text*)
 .text          0x0000000000000200       0x6c /usr/local/gcc-arm-none-eabi-6-2017-q2-update/bin/../lib/gcc/arm-none-eabi/6.3.1/thumb/v7e-m/fpv4-sp/hard/crtbegin.o
 .text          0x000000000000026c       0x74 /usr/local/gcc-arm-none-eabi-6-2017-q2-update/bin/../lib/gcc/arm-none-eabi/6.3.1/../../../../arm-none-eabi/lib/thumb/v7e-m/fpv4-sp/hard/crt0.o
                0x000000000000026c                _mainCRTStartup
                0x000000000000026c                _start
 .text          0x00000000000002e0       0x3c _build/nrf52840_xxaa/gcc_startup_nrf52840.S.o
                0x00000000000002e0                Reset_Handler
                0x0000000000000308                NMI_Handler
                0x000000000000030a                HardFault_Handler
                0x000000000000030c                MemoryManagement_Handler
                0x000000000000030e                BusFault_Handler
                0x0000000000000310                UsageFault_Handler
                0x0000000000000314                DebugMon_Handler
                0x0000000000000318                SysTick_Handler
                0x000000000000031a                TIMER2_IRQHandler
                0x000000000000031a                RTC0_IRQHandler
                0x000000000000031a                SWI0_EGU0_IRQHandler
                0x000000000000031a                SWI2_EGU2_IRQHandler
                0x000000000000031a                PWM1_IRQHandler
                0x000000000000031a                RADIO_IRQHandler
                0x000000000000031a                PDM_IRQHandler
                0x000000000000031a                TEMP_IRQHandler
                0x000000000000031a                QDEC_IRQHandler
                0x000000000000031a                TIMER3_IRQHandler
                0x000000000000031a                PWM3_IRQHandler
                0x000000000000031a                FPU_IRQHandler
                0x000000000000031a                USBD_IRQHandler
                0x000000000000031a                SPIM0_SPIS0_TWIM0_TWIS0_SPI0_TWI0_IRQHandler
                0x000000000000031a                UARTE0_UART0_IRQHandler
                0x000000000000031a                TIMER4_IRQHandler
                0x000000000000031a                CRYPTOCELL_IRQHandler
                0x000000000000031a                I2S_IRQHandler
                0x000000000000031a                SWI4_EGU4_IRQHandler
                0x000000000000031a                TIMER0_IRQHandler
                0x000000000000031a                UARTE1_IRQHandler
                0x000000000000031a                TIMER1_IRQHandler
                0x000000000000031a                SPIM3_IRQHandler
                0x000000000000031a                PWM2_IRQHandler
                0x000000000000031a                ECB_IRQHandler
                0x000000000000031a                SPIM1_SPIS1_TWIM1_TWIS1_SPI1_TWI1_IRQHandler
                0x000000000000031a                Default_Handler
                0x000000000000031a                SAADC_IRQHandler
                0x000000000000031a                CCM_AAR_IRQHandler
                0x000000000000031a                WDT_IRQHandler
                0x000000000000031a                SWI5_EGU5_IRQHandler
                0x000000000000031a                RNG_IRQHandler
                0x000000000000031a                RTC2_IRQHandler
                0x000000000000031a                PWM0_IRQHandler
                0x000000000000031a                SWI3_EGU3_IRQHandler
                0x000000000000031a                SWI1_EGU1_IRQHandler
                0x000000000000031a                SPIM2_SPIS2_SPI2_IRQHandler
                0x000000000000031a                NFCT_IRQHandler
                0x000000000000031a                MWU_IRQHandler
                0x000000000000031a                QSPI_IRQHandler
                0x000000000000031a                COMP_LPCOMP_IRQHandler
 .text.bsp_board_led_invert
                0x000000000000031c       0x34 _build/nrf52840_xxaa/boards.c.o
                0x000000000000031c                bsp_board_led_invert
 .text.bsp_board_init
                0x0000000000000350       0x5c _build/nrf52840_xxaa/boards.c.o
                0x0000000000000350                bsp_board_init
 .text.pvPortMalloc
                0x00000000000003ac       0x58 _build/nrf52840_xxaa/heap_1.c.o
                0x00000000000003ac                pvPortMalloc
 .text.vPortFree
                0x0000000000000404        0x4 _build/nrf52840_xxaa/heap_1.c.o
                0x0000000000000404                vPortFree
 .text.vListInitialise
                0x0000000000000408       0x18 _build/nrf52840_xxaa/list.c.o
                0x0000000000000408                vListInitialise
 .text.vListInitialiseItem
                0x0000000000000420        0x8 _build/nrf52840_xxaa/list.c.o
                0x0000000000000420                vListInitialiseItem
 .text.vListInsertEnd
                0x0000000000000428       0x18 _build/nrf52840_xxaa/list.c.o
                0x0000000000000428                vListInsertEnd
 .text.vListInsert
                0x0000000000000440       0x34 _build/nrf52840_xxaa/list.c.o
                0x0000000000000440                vListInsert
 .text.uxListRemove
                0x0000000000000474       0x28 _build/nrf52840_xxaa/list.c.o
                0x0000000000000474                uxListRemove
 .text.vPortStartFirstTask
                0x000000000000049c       0x1c _build/nrf52840_xxaa/port.c.o
                0x000000000000049c                vPortStartFirstTask
 .text.SVC_Handler
                0x00000000000004b8       0x20 _build/nrf52840_xxaa/port.c.o
                0x00000000000004b8                SVC_Handler
 .text.PendSV_Handler
                0x00000000000004d8       0x60 _build/nrf52840_xxaa/port.c.o
                0x00000000000004d8                PendSV_Handler
 .text.prvTaskExitError
                0x0000000000000538        0x8 _build/nrf52840_xxaa/port_cmsis.c.o
 .text.pxPortInitialiseStack
                0x0000000000000540       0x2c _build/nrf52840_xxaa/port_cmsis.c.o
                0x0000000000000540                pxPortInitialiseStack
 .text.xPortStartScheduler
                0x000000000000056c       0x4c _build/nrf52840_xxaa/port_cmsis.c.o
                0x000000000000056c                xPortStartScheduler
 .text.vPortEnterCritical
                0x00000000000005b8       0x14 _build/nrf52840_xxaa/port_cmsis.c.o
                0x00000000000005b8                vPortEnterCritical
 .text.vPortExitCritical
                0x00000000000005cc       0x14 _build/nrf52840_xxaa/port_cmsis.c.o
                0x00000000000005cc                vPortExitCritical
 .text.RTC1_IRQHandler
                0x00000000000005e0       0x88 _build/nrf52840_xxaa/port_cmsis_systick.c.o
                0x00000000000005e0                RTC1_IRQHandler
 .text.vPortSetupTimerInterrupt
                0x0000000000000668       0x40 _build/nrf52840_xxaa/port_cmsis_systick.c.o
                0x0000000000000668                vPortSetupTimerInterrupt
 .text.vPortSuppressTicksAndSleep
                0x00000000000006a8       0xc0 _build/nrf52840_xxaa/port_cmsis_systick.c.o
                0x00000000000006a8                vPortSuppressTicksAndSleep
 .text.xQueueGenericCreate
                0x0000000000000768       0x64 _build/nrf52840_xxaa/queue.c.o
                0x0000000000000768                xQueueGenericCreate
 .text.xQueueGenericSend
                0x00000000000007cc      0x388 _build/nrf52840_xxaa/queue.c.o
                0x00000000000007cc                xQueueGenericSend
 .text.xQueueGenericSendFromISR
                0x0000000000000b54       0xf4 _build/nrf52840_xxaa/queue.c.o
                0x0000000000000b54                xQueueGenericSendFromISR
 .text.xQueueReceive
                0x0000000000000c48      0x314 _build/nrf52840_xxaa/queue.c.o
                0x0000000000000c48                xQueueReceive
 .text.vQueueAddToRegistry
                0x0000000000000f5c       0x24 _build/nrf52840_xxaa/queue.c.o
                0x0000000000000f5c                vQueueAddToRegistry
 .text.vQueueWaitForMessageRestricted
                0x0000000000000f80       0xcc _build/nrf52840_xxaa/queue.c.o
                0x0000000000000f80                vQueueWaitForMessageRestricted
 .text.xTaskCreate
                0x000000000000104c      0x1ec _build/nrf52840_xxaa/tasks.c.o
                0x000000000000104c                xTaskCreate
 .text.vTaskStartScheduler
                0x0000000000001238      0x1d8 _build/nrf52840_xxaa/tasks.c.o
                0x0000000000001238                vTaskStartScheduler
 .text.vTaskSuspendAll
                0x0000000000001410       0x10 _build/nrf52840_xxaa/tasks.c.o
                0x0000000000001410                vTaskSuspendAll
 .text.xTaskGetTickCount
                0x0000000000001420        0xc _build/nrf52840_xxaa/tasks.c.o
                0x0000000000001420                xTaskGetTickCount
 .text.vTaskStepTick
                0x000000000000142c       0x10 _build/nrf52840_xxaa/tasks.c.o
                0x000000000000142c                vTaskStepTick
 .text.xTaskIncrementTick
                0x000000000000143c      0x128 _build/nrf52840_xxaa/tasks.c.o
                0x000000000000143c                xTaskIncrementTick
 .text.xTaskResumeAll
                0x0000000000001564      0x11c _build/nrf52840_xxaa/tasks.c.o
                0x0000000000001564                xTaskResumeAll
 .text.vTaskDelay
                0x0000000000001680       0x9c _build/nrf52840_xxaa/tasks.c.o
                0x0000000000001680                vTaskDelay
 .text.prvIdleTask
                0x000000000000171c       0xf0 _build/nrf52840_xxaa/tasks.c.o
 .text.vTaskSwitchContext
                0x000000000000180c       0x58 _build/nrf52840_xxaa/tasks.c.o
                0x000000000000180c                vTaskSwitchContext
 .text.vTaskPlaceOnEventList
                0x0000000000001864       0x90 _build/nrf52840_xxaa/tasks.c.o
                0x0000000000001864                vTaskPlaceOnEventList
 .text.vTaskPlaceOnEventListRestricted
                0x00000000000018f4       0xa8 _build/nrf52840_xxaa/tasks.c.o
                0x00000000000018f4                vTaskPlaceOnEventListRestricted
 .text.xTaskRemoveFromEventList
                0x000000000000199c       0xa0 _build/nrf52840_xxaa/tasks.c.o
                0x000000000000199c                xTaskRemoveFromEventList
 .text.vTaskInternalSetTimeOutState
                0x0000000000001a3c       0x18 _build/nrf52840_xxaa/tasks.c.o
                0x0000000000001a3c                vTaskInternalSetTimeOutState
 .text.xTaskCheckForTimeOut
                0x0000000000001a54       0x70 _build/nrf52840_xxaa/tasks.c.o
                0x0000000000001a54                xTaskCheckForTimeOut
 .text.vTaskMissedYield
                0x0000000000001ac4        0xc _build/nrf52840_xxaa/tasks.c.o
                0x0000000000001ac4                vTaskMissedYield
 .text.eTaskConfirmSleepModeStatus
                0x0000000000001ad0       0x34 _build/nrf52840_xxaa/tasks.c.o
                0x0000000000001ad0                eTaskConfirmSleepModeStatus
 .text.xTaskGetSchedulerState
                0x0000000000001b04       0x20 _build/nrf52840_xxaa/tasks.c.o
                0x0000000000001b04                xTaskGetSchedulerState
 .text.xTaskPriorityDisinherit
                0x0000000000001b24       0x84 _build/nrf52840_xxaa/tasks.c.o
                0x0000000000001b24                xTaskPriorityDisinherit
 .text.xTimerCreateTimerTask
                0x0000000000001ba8       0x84 _build/nrf52840_xxaa/timers.c.o
                0x0000000000001ba8                xTimerCreateTimerTask
 .text.xTimerCreate
                0x0000000000001c2c       0x9c _build/nrf52840_xxaa/timers.c.o
                0x0000000000001c2c                xTimerCreate
 .text.xTimerGenericCommand
                0x0000000000001cc8       0x58 _build/nrf52840_xxaa/timers.c.o
                0x0000000000001cc8                xTimerGenericCommand
 .text.prvTimerTask
                0x0000000000001d20      0x2bc _build/nrf52840_xxaa/timers.c.o
 .text.app_error_handler_bare
                0x0000000000001fdc       0x20 _build/nrf52840_xxaa/app_error.c.o
                0x0000000000001fdc                app_error_handler_bare
 .text.app_error_fault_handler
                0x0000000000001ffc       0x34 _build/nrf52840_xxaa/app_error_weak.c.o
                0x0000000000001ffc                app_error_fault_handler
 .text.app_util_critical_region_enter
                0x0000000000002030       0x10 _build/nrf52840_xxaa/app_util_platform.c.o
                0x0000000000002030                app_util_critical_region_enter
 .text.app_util_critical_region_exit
                0x0000000000002040       0x14 _build/nrf52840_xxaa/app_util_platform.c.o
                0x0000000000002040                app_util_critical_region_exit
 .text.clock_irq_handler
                0x0000000000002054       0x40 _build/nrf52840_xxaa/nrf_drv_clock.c.o
 .text.nrf_drv_clock_init
                0x0000000000002094       0x38 _build/nrf52840_xxaa/nrf_drv_clock.c.o
                0x0000000000002094                nrf_drv_clock_init
 .text.nrf_drv_clock_lfclk_request
                0x00000000000020cc       0x5c _build/nrf52840_xxaa/nrf_drv_clock.c.o
                0x00000000000020cc                nrf_drv_clock_lfclk_request
 .text.nrfx_clock_init
                0x0000000000002128       0x1c _build/nrf52840_xxaa/nrfx_clock.c.o
                0x0000000000002128                nrfx_clock_init
 .text.nrfx_clock_enable
                0x0000000000002144       0x28 _build/nrf52840_xxaa/nrfx_clock.c.o
                0x0000000000002144                nrfx_clock_enable
 .text.nrfx_clock_lfclk_start
                0x000000000000216c       0x30 _build/nrf52840_xxaa/nrfx_clock.c.o
                0x000000000000216c                nrfx_clock_lfclk_start
 .text.POWER_CLOCK_IRQHandler
                0x000000000000219c       0x60 _build/nrf52840_xxaa/nrfx_clock.c.o
                0x000000000000219c                POWER_CLOCK_IRQHandler
 .text.GPIOTE_IRQHandler
                0x00000000000021fc      0x5f4 _build/nrf52840_xxaa/nrfx_gpiote.c.o
                0x00000000000021fc                GPIOTE_IRQHandler
 .text.led_toggle_timer_callback
                0x00000000000027f0        0x8 _build/nrf52840_xxaa/main.c.o
 .text.led2_toggle_task_function
                0x00000000000027f8       0x14 _build/nrf52840_xxaa/main.c.o
 .text.led1_toggle_task_function
                0x000000000000280c       0x14 _build/nrf52840_xxaa/main.c.o
 .text.led0_toggle_task_function
                0x0000000000002820       0x10 _build/nrf52840_xxaa/main.c.o
 .text.startup.main
                0x0000000000002830       0xc0 _build/nrf52840_xxaa/main.c.o
                0x0000000000002830                main
 .text.SystemInit
                0x00000000000028f0      0x1c4 _build/nrf52840_xxaa/system_nrf52840.c.o
                0x00000000000028f0                SystemInit
 .text.exit     0x0000000000002ab4       0x28 /usr/local/gcc-arm-none-eabi-6-2017-q2-update/bin/../lib/gcc/arm-none-eabi/6.3.1/../../../../arm-none-eabi/lib/thumb/v7e-m/fpv4-sp/hard/libc_nano.a(lib_a-exit.o)
                0x0000000000002ab4                exit
 .text.__libc_init_array
                0x0000000000002adc       0x48 /usr/local/gcc-arm-none-eabi-6-2017-q2-update/bin/../lib/gcc/arm-none-eabi/6.3.1/../../../../arm-none-eabi/lib/thumb/v7e-m/fpv4-sp/hard/libc_nano.a(lib_a-init.o)
                0x0000000000002adc                __libc_init_array
 .text.memcpy   0x0000000000002b24       0x16 /usr/local/gcc-arm-none-eabi-6-2017-q2-update/bin/../lib/gcc/arm-none-eabi/6.3.1/../../../../arm-none-eabi/lib/thumb/v7e-m/fpv4-sp/hard/libc_nano.a(lib_a-memcpy-stub.o)
                0x0000000000002b24                memcpy
 .text.memset   0x0000000000002b3a       0x10 /usr/local/gcc-arm-none-eabi-6-2017-q2-update/bin/../lib/gcc/arm-none-eabi/6.3.1/../../../../arm-none-eabi/lib/thumb/v7e-m/fpv4-sp/hard/libc_nano.a(lib_a-memset.o)
                0x0000000000002b3a                memset
 *fill*         0x0000000000002b4a        0x2 
 .text._exit    0x0000000000002b4c        0x4 /usr/local/gcc-arm-none-eabi-6-2017-q2-update/bin/../lib/gcc/arm-none-eabi/6.3.1/../../../../arm-none-eabi/lib/thumb/v7e-m/fpv4-sp/hard/libnosys.a(_exit.o)
                0x0000000000002b4c                _exit
 *(.init)
 .init          0x0000000000002b50        0x4 /usr/local/gcc-arm-none-eabi-6-2017-q2-update/bin/../lib/gcc/arm-none-eabi/6.3.1/thumb/v7e-m/fpv4-sp/hard/crti.o
                0x0000000000002b50                _init
 .init          0x0000000000002b54        0x8 /usr/local/gcc-arm-none-eabi-6-2017-q2-update/bin/../lib/gcc/arm-none-eabi/6.3.1/thumb/v7e-m/fpv4-sp/hard/crtn.o
 *(.fini)
 .fini          0x0000000000002b5c        0x4 /usr/local/gcc-arm-none-eabi-6-2017-q2-update/bin/../lib/gcc/arm-none-eabi/6.3.1/thumb/v7e-m/fpv4-sp/hard/crti.o
                0x0000000000002b5c                _fini
 .fini          0x0000000000002b60        0x8 /usr/local/gcc-arm-none-eabi-6-2017-q2-update/bin/../lib/gcc/arm-none-eabi/6.3.1/thumb/v7e-m/fpv4-sp/hard/crtn.o
 *crtbegin.o(.ctors)
 *crtbegin?.o(.ctors)
 *(EXCLUDE_FILE(*crtend.o *crtend?.o) .ctors)
 *(SORT(.ctors.*))
 *(.ctors)
 *crtbegin.o(.dtors)
 *crtbegin?.o(.dtors)
 *(EXCLUDE_FILE(*crtend.o *crtend?.o) .dtors)
 *(SORT(.dtors.*))
 *(.dtors)
 *(.rodata*)
 .rodata.m_board_led_list
                0x0000000000002b68        0x4 _build/nrf52840_xxaa/boards.c.o
 .rodata.xTimerCreateTimerTask.str1.4
                0x0000000000002b6c       0x10 _build/nrf52840_xxaa/timers.c.o
 .rodata.main.str1.4
                0x0000000000002b7c       0x20 _build/nrf52840_xxaa/main.c.o
                                         0x1d (size before relaxing)
 .rodata._global_impure_ptr
                0x0000000000002b9c        0x4 /usr/local/gcc-arm-none-eabi-6-2017-q2-update/bin/../lib/gcc/arm-none-eabi/6.3.1/../../../../arm-none-eabi/lib/thumb/v7e-m/fpv4-sp/hard/libc_nano.a(lib_a-impure.o)
                0x0000000000002b9c                _global_impure_ptr
 *(.eh_frame*)
 .eh_frame      0x0000000000002ba0        0x0 /usr/local/gcc-arm-none-eabi-6-2017-q2-update/bin/../lib/gcc/arm-none-eabi/6.3.1/thumb/v7e-m/fpv4-sp/hard/crtbegin.o
 .eh_frame      0x0000000000002ba0        0x4 /usr/local/gcc-arm-none-eabi-6-2017-q2-update/bin/../lib/gcc/arm-none-eabi/6.3.1/thumb/v7e-m/fpv4-sp/hard/crtend.o

.glue_7         0x0000000000002ba4        0x0
 .glue_7        0x0000000000002ba4        0x0 linker stubs

.glue_7t        0x0000000000002ba4        0x0
 .glue_7t       0x0000000000002ba4        0x0 linker stubs

.vfp11_veneer   0x0000000000002ba4        0x0
 .vfp11_veneer  0x0000000000002ba4        0x0 linker stubs

.v4_bx          0x0000000000002ba4        0x0
 .v4_bx         0x0000000000002ba4        0x0 linker stubs

.iplt           0x0000000000002ba4        0x0
 .iplt          0x0000000000002ba4        0x0 /usr/local/gcc-arm-none-eabi-6-2017-q2-update/bin/../lib/gcc/arm-none-eabi/6.3.1/thumb/v7e-m/fpv4-sp/hard/crtbegin.o

.mem_section_dummy_rom

.log_const_data
                0x0000000000002ba4        0x0
                [!provide]                        PROVIDE (__start_log_const_data, .)
 *(SORT(.log_const_data*))
                [!provide]                        PROVIDE (__stop_log_const_data, .)

.nrf_balloc     0x0000000000002ba4        0x0
                [!provide]                        PROVIDE (__start_nrf_balloc, .)
 *(.nrf_balloc)
                [!provide]                        PROVIDE (__stop_nrf_balloc, .)

.ARM.extab
 *(.ARM.extab* .gnu.linkonce.armextab.*)
                0x0000000000002ba4                __exidx_start = .

.ARM.exidx      0x0000000000002ba4        0x8
 *(.ARM.exidx* .gnu.linkonce.armexidx.*)
 .ARM.exidx     0x0000000000002ba4        0x8 /usr/local/gcc-arm-none-eabi-6-2017-q2-update/bin/../lib/gcc/arm-none-eabi/6.3.1/../../../../arm-none-eabi/lib/thumb/v7e-m/fpv4-sp/hard/crt0.o
                0x0000000000002bac                __exidx_end = .
                0x0000000000002bac                __etext = .

.rel.dyn        0x0000000000002bac        0x0
 .rel.iplt      0x0000000000002bac        0x0 /usr/local/gcc-arm-none-eabi-6-2017-q2-update/bin/../lib/gcc/arm-none-eabi/6.3.1/thumb/v7e-m/fpv4-sp/hard/crtbegin.o

.data           0x0000000020000000       0x70 load address 0x0000000000002bac
                0x0000000020000000                __data_start__ = .
 *(vtable)
 *(.data*)
 .data.SystemCoreClock
                0x0000000020000000        0x4 _build/nrf52840_xxaa/system_nrf52840.c.o
                0x0000000020000000                SystemCoreClock
 .data.impure_data
                0x0000000020000004       0x60 /usr/local/gcc-arm-none-eabi-6-2017-q2-update/bin/../lib/gcc/arm-none-eabi/6.3.1/../../../../arm-none-eabi/lib/thumb/v7e-m/fpv4-sp/hard/libc_nano.a(lib_a-impure.o)
                0x0000000020000064                . = ALIGN (0x4)
                0x0000000020000064                PROVIDE (__preinit_array_start, .)
 *(.preinit_array)
                0x0000000020000064                PROVIDE (__preinit_array_end, .)
                0x0000000020000064                . = ALIGN (0x4)
                0x0000000020000064                PROVIDE (__init_array_start, .)
 *(SORT(.init_array.*))
 *(.init_array)
 .init_array    0x0000000020000064        0x4 /usr/local/gcc-arm-none-eabi-6-2017-q2-update/bin/../lib/gcc/arm-none-eabi/6.3.1/thumb/v7e-m/fpv4-sp/hard/crtbegin.o
                0x0000000020000068                PROVIDE (__init_array_end, .)
                0x0000000020000068                . = ALIGN (0x4)
                [!provide]                        PROVIDE (__fini_array_start, .)
 *(SORT(.fini_array.*))
 *(.fini_array)
 .fini_array    0x0000000020000068        0x4 /usr/local/gcc-arm-none-eabi-6-2017-q2-update/bin/../lib/gcc/arm-none-eabi/6.3.1/thumb/v7e-m/fpv4-sp/hard/crtbegin.o
                [!provide]                        PROVIDE (__fini_array_end, .)
 *(.jcr*)
 .jcr           0x000000002000006c        0x0 /usr/local/gcc-arm-none-eabi-6-2017-q2-update/bin/../lib/gcc/arm-none-eabi/6.3.1/thumb/v7e-m/fpv4-sp/hard/crtbegin.o
 .jcr           0x000000002000006c        0x4 /usr/local/gcc-arm-none-eabi-6-2017-q2-update/bin/../lib/gcc/arm-none-eabi/6.3.1/thumb/v7e-m/fpv4-sp/hard/crtend.o
                0x0000000020000070                . = ALIGN (0x4)
                0x0000000020000070                __data_end__ = .
LOAD /usr/local/gcc-arm-none-eabi-6-2017-q2-update/bin/../lib/gcc/arm-none-eabi/6.3.1/thumb/v7e-m/fpv4-sp/hard/crti.o
LOAD /usr/local/gcc-arm-none-eabi-6-2017-q2-update/bin/../lib/gcc/arm-none-eabi/6.3.1/thumb/v7e-m/fpv4-sp/hard/crtbegin.o
LOAD /usr/local/gcc-arm-none-eabi-6-2017-q2-update/bin/../lib/gcc/arm-none-eabi/6.3.1/../../../../arm-none-eabi/lib/thumb/v7e-m/fpv4-sp/hard/crt0.o
LOAD _build/nrf52840_xxaa/gcc_startup_nrf52840.S.o
LOAD _build/nrf52840_xxaa/boards.c.o
LOAD _build/nrf52840_xxaa/croutine.c.o
LOAD _build/nrf52840_xxaa/event_groups.c.o
LOAD _build/nrf52840_xxaa/heap_1.c.o
LOAD _build/nrf52840_xxaa/list.c.o
LOAD _build/nrf52840_xxaa/port.c.o
LOAD _build/nrf52840_xxaa/port_cmsis.c.o
LOAD _build/nrf52840_xxaa/port_cmsis_systick.c.o
LOAD _build/nrf52840_xxaa/queue.c.o
LOAD _build/nrf52840_xxaa/stream_buffer.c.o
LOAD _build/nrf52840_xxaa/tasks.c.o
LOAD _build/nrf52840_xxaa/timers.c.o
LOAD _build/nrf52840_xxaa/app_button.c.o
LOAD _build/nrf52840_xxaa/app_error.c.o
LOAD _build/nrf52840_xxaa/app_error_handler_gcc.c.o
LOAD _build/nrf52840_xxaa/app_error_weak.c.o
LOAD _build/nrf52840_xxaa/app_timer_freertos.c.o
LOAD _build/nrf52840_xxaa/app_util_platform.c.o
LOAD _build/nrf52840_xxaa/nrf_assert.c.o
LOAD _build/nrf52840_xxaa/nrf_strerror.c.o
LOAD _build/nrf52840_xxaa/nrf_drv_clock.c.o
LOAD _build/nrf52840_xxaa/nrf_nvic.c.o
LOAD _build/nrf52840_xxaa/nrf_soc.c.o
LOAD _build/nrf52840_xxaa/nrfx_clock.c.o
LOAD _build/nrf52840_xxaa/nrfx_gpiote.c.o
LOAD _build/nrf52840_xxaa/nrfx_power_clock.c.o
LOAD _build/nrf52840_xxaa/bsp.c.o
LOAD _build/nrf52840_xxaa/main.c.o
LOAD _build/nrf52840_xxaa/system_nrf52840.c.o
LOAD /usr/local/gcc-arm-none-eabi-6-2017-q2-update/bin/../lib/gcc/arm-none-eabi/6.3.1/../../../../arm-none-eabi/lib/thumb/v7e-m/fpv4-sp/hard/libc_nano.a
LOAD /usr/local/gcc-arm-none-eabi-6-2017-q2-update/bin/../lib/gcc/arm-none-eabi/6.3.1/../../../../arm-none-eabi/lib/thumb/v7e-m/fpv4-sp/hard/libnosys.a
LOAD /usr/local/gcc-arm-none-eabi-6-2017-q2-update/bin/../lib/gcc/arm-none-eabi/6.3.1/../../../../arm-none-eabi/lib/thumb/v7e-m/fpv4-sp/hard/libm.a
START GROUP
LOAD /usr/local/gcc-arm-none-eabi-6-2017-q2-update/bin/../lib/gcc/arm-none-eabi/6.3.1/thumb/v7e-m/fpv4-sp/hard/libgcc.a
LOAD /usr/local/gcc-arm-none-eabi-6-2017-q2-update/bin/../lib/gcc/arm-none-eabi/6.3.1/../../../../arm-none-eabi/lib/thumb/v7e-m/fpv4-sp/hard/libg_nano.a
LOAD /usr/local/gcc-arm-none-eabi-6-2017-q2-update/bin/../lib/gcc/arm-none-eabi/6.3.1/../../../../arm-none-eabi/lib/thumb/v7e-m/fpv4-sp/hard/libc_nano.a
END GROUP
START GROUP
LOAD /usr/local/gcc-arm-none-eabi-6-2017-q2-update/bin/../lib/gcc/arm-none-eabi/6.3.1/thumb/v7e-m/fpv4-sp/hard/libgcc.a
LOAD /usr/local/gcc-arm-none-eabi-6-2017-q2-update/bin/../lib/gcc/arm-none-eabi/6.3.1/../../../../arm-none-eabi/lib/thumb/v7e-m/fpv4-sp/hard/libc_nano.a
END GROUP
LOAD /usr/local/gcc-arm-none-eabi-6-2017-q2-update/bin/../lib/gcc/arm-none-eabi/6.3.1/thumb/v7e-m/fpv4-sp/hard/crtend.o
LOAD /usr/local/gcc-arm-none-eabi-6-2017-q2-update/bin/../lib/gcc/arm-none-eabi/6.3.1/thumb/v7e-m/fpv4-sp/hard/crtn.o
START GROUP
LOAD /usr/local/gcc-arm-none-eabi-6-2017-q2-update/bin/../lib/gcc/arm-none-eabi/6.3.1/thumb/v7e-m/fpv4-sp/hard/libgcc.a
LOAD /usr/local/gcc-arm-none-eabi-6-2017-q2-update/bin/../lib/gcc/arm-none-eabi/6.3.1/../../../../arm-none-eabi/lib/thumb/v7e-m/fpv4-sp/hard/libc.a
LOAD /usr/local/gcc-arm-none-eabi-6-2017-q2-update/bin/../lib/gcc/arm-none-eabi/6.3.1/../../../../arm-none-eabi/lib/thumb/v7e-m/fpv4-sp/hard/libnosys.a
END GROUP

.igot.plt       0x0000000020000070        0x0 load address 0x0000000000002c1c
 .igot.plt      0x0000000020000070        0x0 /usr/local/gcc-arm-none-eabi-6-2017-q2-update/bin/../lib/gcc/arm-none-eabi/6.3.1/thumb/v7e-m/fpv4-sp/hard/crtbegin.o
                0x0000000020000070                . = ALIGN (0x4)

.mem_section_dummy_ram

.log_dynamic_data
                0x0000000020000070        0x0
                [!provide]                        PROVIDE (__start_log_dynamic_data, .)
 *(SORT(.log_dynamic_data*))
                [!provide]                        PROVIDE (__stop_log_dynamic_data, .)

.bss            0x0000000020000070     0x11ec load address 0x0000000000002c1c
                0x0000000020000070                . = ALIGN (0x4)
                0x0000000020000070                __bss_start__ = .
 *(.bss*)
 .bss           0x0000000020000070       0x1c /usr/local/gcc-arm-none-eabi-6-2017-q2-update/bin/../lib/gcc/arm-none-eabi/6.3.1/thumb/v7e-m/fpv4-sp/hard/crtbegin.o
 .bss.pucAlignedHeap.8562
                0x000000002000008c        0x4 _build/nrf52840_xxaa/heap_1.c.o
 .bss.ucHeap    0x0000000020000090     0x1000 _build/nrf52840_xxaa/heap_1.c.o
 .bss.xNextFreeByte
                0x0000000020001090        0x4 _build/nrf52840_xxaa/heap_1.c.o
 .bss.uxCriticalNesting
                0x0000000020001094        0x4 _build/nrf52840_xxaa/port_cmsis.c.o
 .bss.pxCurrentTCB
                0x0000000020001098        0x4 _build/nrf52840_xxaa/tasks.c.o
                0x0000000020001098                pxCurrentTCB
 .bss.pxDelayedTaskList
                0x000000002000109c        0x4 _build/nrf52840_xxaa/tasks.c.o
 .bss.pxOverflowDelayedTaskList
                0x00000000200010a0        0x4 _build/nrf52840_xxaa/tasks.c.o
 .bss.pxReadyTasksLists
                0x00000000200010a4       0x3c _build/nrf52840_xxaa/tasks.c.o
 .bss.uxCurrentNumberOfTasks
                0x00000000200010e0        0x4 _build/nrf52840_xxaa/tasks.c.o
 .bss.uxDeletedTasksWaitingCleanUp
                0x00000000200010e4        0x4 _build/nrf52840_xxaa/tasks.c.o
 .bss.uxPendedTicks
                0x00000000200010e8        0x4 _build/nrf52840_xxaa/tasks.c.o
 .bss.uxSchedulerSuspended
                0x00000000200010ec        0x4 _build/nrf52840_xxaa/tasks.c.o
 .bss.uxTaskNumber
                0x00000000200010f0        0x4 _build/nrf52840_xxaa/tasks.c.o
 .bss.uxTopReadyPriority
                0x00000000200010f4        0x4 _build/nrf52840_xxaa/tasks.c.o
 .bss.xDelayedTaskList1
                0x00000000200010f8       0x14 _build/nrf52840_xxaa/tasks.c.o
 .bss.xDelayedTaskList2
                0x000000002000110c       0x14 _build/nrf52840_xxaa/tasks.c.o
 .bss.xIdleTaskHandle
                0x0000000020001120        0x4 _build/nrf52840_xxaa/tasks.c.o
 .bss.xNextTaskUnblockTime
                0x0000000020001124        0x4 _build/nrf52840_xxaa/tasks.c.o
 .bss.xNumOfOverflows
                0x0000000020001128        0x4 _build/nrf52840_xxaa/tasks.c.o
 .bss.xPendingReadyList
                0x000000002000112c       0x14 _build/nrf52840_xxaa/tasks.c.o
 .bss.xSchedulerRunning
                0x0000000020001140        0x4 _build/nrf52840_xxaa/tasks.c.o
 .bss.xSuspendedTaskList
                0x0000000020001144       0x14 _build/nrf52840_xxaa/tasks.c.o
 .bss.xTasksWaitingTermination
                0x0000000020001158       0x14 _build/nrf52840_xxaa/tasks.c.o
 .bss.xTickCount
                0x000000002000116c        0x4 _build/nrf52840_xxaa/tasks.c.o
 .bss.xYieldPending
                0x0000000020001170        0x4 _build/nrf52840_xxaa/tasks.c.o
 .bss.pxCurrentTimerList
                0x0000000020001174        0x4 _build/nrf52840_xxaa/timers.c.o
 .bss.pxOverflowTimerList
                0x0000000020001178        0x4 _build/nrf52840_xxaa/timers.c.o
 .bss.xActiveTimerList1
                0x000000002000117c       0x14 _build/nrf52840_xxaa/timers.c.o
 .bss.xActiveTimerList2
                0x0000000020001190       0x14 _build/nrf52840_xxaa/timers.c.o
 .bss.xLastTime.8854
                0x00000000200011a4        0x4 _build/nrf52840_xxaa/timers.c.o
 .bss.xTimerQueue
                0x00000000200011a8        0x4 _build/nrf52840_xxaa/timers.c.o
 .bss.xTimerTaskHandle
                0x00000000200011ac        0x4 _build/nrf52840_xxaa/timers.c.o
 .bss.m_in_critical_region
                0x00000000200011b0        0x4 _build/nrf52840_xxaa/app_util_platform.c.o
 .bss.m_clock_cb
                0x00000000200011b4       0x14 _build/nrf52840_xxaa/nrf_drv_clock.c.o
 .bss.m_clock_cb
                0x00000000200011c8        0x8 _build/nrf52840_xxaa/nrfx_clock.c.o
 .bss.m_cb      0x00000000200011d0       0x6c _build/nrf52840_xxaa/nrfx_gpiote.c.o
 *(COMMON)
 COMMON         0x000000002000123c       0x10 _build/nrf52840_xxaa/queue.c.o
                0x000000002000123c                xQueueRegistry
 COMMON         0x000000002000124c       0x10 _build/nrf52840_xxaa/main.c.o
                0x000000002000124c                led_toggle_timer_handle
                0x0000000020001250                led1_toggle_task_handle
                0x0000000020001254                led2_toggle_task_handle
                0x0000000020001258                led0_toggle_task_handle
                0x000000002000125c                . = ALIGN (0x4)
                0x000000002000125c                __bss_end__ = .

.heap           0x0000000020001260     0x2000
                0x0000000020001260                __HeapBase = .
                0x0000000020001260                __end__ = .
                [!provide]                        PROVIDE (end, .)
 *(.heap*)
 .heap          0x0000000020001260     0x2000 _build/nrf52840_xxaa/gcc_startup_nrf52840.S.o
                0x0000000020003260                __HeapLimit = .

.stack_dummy    0x0000000020001260     0x2000
 *(.stack*)
 .stack         0x0000000020001260     0x2000 _build/nrf52840_xxaa/gcc_startup_nrf52840.S.o
                0x0000000020040000                __StackTop = (ORIGIN (RAM) + LENGTH (RAM))
                0x000000002003e000                __StackLimit = (__StackTop - SIZEOF (.stack_dummy))
                0x0000000020040000                PROVIDE (__stack, __StackTop)
                0x0000000000000001                ASSERT ((__StackLimit >= __HeapLimit), region RAM overflowed with stack)
                0x0000000000000070                DataInitFlashUsed = (__bss_start__ - __data_start__)
                0x0000000000002bac                CodeFlashUsed = (__etext - ORIGIN (FLASH))
                0x0000000000002c1c                TotalFlashUsed = (CodeFlashUsed + DataInitFlashUsed)
                0x0000000000000001                ASSERT ((TotalFlashUsed <= LENGTH (FLASH)), region FLASH overflowed with .data and user data)
OUTPUT(_build/nrf52840_xxaa.out elf32-littlearm)

.ARM.attributes
                0x0000000000000000       0x30
 .ARM.attributes
                0x0000000000000000       0x22 /usr/local/gcc-arm-none-eabi-6-2017-q2-update/bin/../lib/gcc/arm-none-eabi/6.3.1/thumb/v7e-m/fpv4-sp/hard/crti.o
 .ARM.attributes
                0x0000000000000022       0x34 /usr/local/gcc-arm-none-eabi-6-2017-q2-update/bin/../lib/gcc/arm-none-eabi/6.3.1/thumb/v7e-m/fpv4-sp/hard/crtbegin.o
 .ARM.attributes
                0x0000000000000056       0x20 /usr/local/gcc-arm-none-eabi-6-2017-q2-update/bin/../lib/gcc/arm-none-eabi/6.3.1/../../../../arm-none-eabi/lib/thumb/v7e-m/fpv4-sp/hard/crt0.o
 .ARM.attributes
                0x0000000000000076       0x20 _build/nrf52840_xxaa/gcc_startup_nrf52840.S.o
 .ARM.attributes
                0x0000000000000096       0x39 _build/nrf52840_xxaa/boards.c.o
 .ARM.attributes
                0x00000000000000cf       0x39 _build/nrf52840_xxaa/heap_1.c.o
 .ARM.attributes
                0x0000000000000108       0x39 _build/nrf52840_xxaa/list.c.o
 .ARM.attributes
                0x0000000000000141       0x39 _build/nrf52840_xxaa/port.c.o
 .ARM.attributes
                0x000000000000017a       0x39 _build/nrf52840_xxaa/port_cmsis.c.o
 .ARM.attributes
                0x00000000000001b3       0x39 _build/nrf52840_xxaa/port_cmsis_systick.c.o
 .ARM.attributes
                0x00000000000001ec       0x39 _build/nrf52840_xxaa/queue.c.o
 .ARM.attributes
                0x0000000000000225       0x39 _build/nrf52840_xxaa/tasks.c.o
 .ARM.attributes
                0x000000000000025e       0x39 _build/nrf52840_xxaa/timers.c.o
 .ARM.attributes
                0x0000000000000297       0x39 _build/nrf52840_xxaa/app_error.c.o
 .ARM.attributes
                0x00000000000002d0       0x39 _build/nrf52840_xxaa/app_error_weak.c.o
 .ARM.attributes
                0x0000000000000309       0x39 _build/nrf52840_xxaa/app_util_platform.c.o
 .ARM.attributes
                0x0000000000000342       0x39 _build/nrf52840_xxaa/nrf_drv_clock.c.o
 .ARM.attributes
                0x000000000000037b       0x39 _build/nrf52840_xxaa/nrfx_clock.c.o
 .ARM.attributes
                0x00000000000003b4       0x39 _build/nrf52840_xxaa/nrfx_gpiote.c.o
 .ARM.attributes
                0x00000000000003ed       0x39 _build/nrf52840_xxaa/main.c.o
 .ARM.attributes
                0x0000000000000426       0x39 _build/nrf52840_xxaa/system_nrf52840.c.o
 .ARM.attributes
                0x000000000000045f       0x34 /usr/local/gcc-arm-none-eabi-6-2017-q2-update/bin/../lib/gcc/arm-none-eabi/6.3.1/../../../../arm-none-eabi/lib/thumb/v7e-m/fpv4-sp/hard/libc_nano.a(lib_a-exit.o)
 .ARM.attributes
                0x0000000000000493       0x34 /usr/local/gcc-arm-none-eabi-6-2017-q2-update/bin/../lib/gcc/arm-none-eabi/6.3.1/../../../../arm-none-eabi/lib/thumb/v7e-m/fpv4-sp/hard/libc_nano.a(lib_a-impure.o)
 .ARM.attributes
                0x00000000000004c7       0x34 /usr/local/gcc-arm-none-eabi-6-2017-q2-update/bin/../lib/gcc/arm-none-eabi/6.3.1/../../../../arm-none-eabi/lib/thumb/v7e-m/fpv4-sp/hard/libc_nano.a(lib_a-init.o)
 .ARM.attributes
                0x00000000000004fb       0x34 /usr/local/gcc-arm-none-eabi-6-2017-q2-update/bin/../lib/gcc/arm-none-eabi/6.3.1/../../../../arm-none-eabi/lib/thumb/v7e-m/fpv4-sp/hard/libc_nano.a(lib_a-memcpy-stub.o)
 .ARM.attributes
                0x000000000000052f       0x34 /usr/local/gcc-arm-none-eabi-6-2017-q2-update/bin/../lib/gcc/arm-none-eabi/6.3.1/../../../../arm-none-eabi/lib/thumb/v7e-m/fpv4-sp/hard/libc_nano.a(lib_a-memset.o)
 .ARM.attributes
                0x0000000000000563       0x34 /usr/local/gcc-arm-none-eabi-6-2017-q2-update/bin/../lib/gcc/arm-none-eabi/6.3.1/../../../../arm-none-eabi/lib/thumb/v7e-m/fpv4-sp/hard/libnosys.a(_exit.o)
 .ARM.attributes
                0x0000000000000597       0x34 /usr/local/gcc-arm-none-eabi-6-2017-q2-update/bin/../lib/gcc/arm-none-eabi/6.3.1/thumb/v7e-m/fpv4-sp/hard/crtend.o
 .ARM.attributes
                0x00000000000005cb       0x22 /usr/local/gcc-arm-none-eabi-6-2017-q2-update/bin/../lib/gcc/arm-none-eabi/6.3.1/thumb/v7e-m/fpv4-sp/hard/crtn.o

.comment        0x0000000000000000       0x7f
 .comment       0x0000000000000000       0x7f _build/nrf52840_xxaa/boards.c.o
                                         0x80 (size before relaxing)
 .comment       0x000000000000007f       0x80 _build/nrf52840_xxaa/heap_1.c.o
 .comment       0x000000000000007f       0x80 _build/nrf52840_xxaa/list.c.o
 .comment       0x000000000000007f       0x80 _build/nrf52840_xxaa/port.c.o
 .comment       0x000000000000007f       0x80 _build/nrf52840_xxaa/port_cmsis.c.o
 .comment       0x000000000000007f       0x80 _build/nrf52840_xxaa/port_cmsis_systick.c.o
 .comment       0x000000000000007f       0x80 _build/nrf52840_xxaa/queue.c.o
 .comment       0x000000000000007f       0x80 _build/nrf52840_xxaa/tasks.c.o
 .comment       0x000000000000007f       0x80 _build/nrf52840_xxaa/timers.c.o
 .comment       0x000000000000007f       0x80 _build/nrf52840_xxaa/app_error.c.o
 .comment       0x000000000000007f       0x80 _build/nrf52840_xxaa/app_error_weak.c.o
 .comment       0x000000000000007f       0x80 _build/nrf52840_xxaa/app_util_platform.c.o
 .comment       0x000000000000007f       0x80 _build/nrf52840_xxaa/nrf_drv_clock.c.o
 .comment       0x000000000000007f       0x80 _build/nrf52840_xxaa/nrfx_clock.c.o
 .comment       0x000000000000007f       0x80 _build/nrf52840_xxaa/nrfx_gpiote.c.o
 .comment       0x000000000000007f       0x80 _build/nrf52840_xxaa/main.c.o
 .comment       0x000000000000007f       0x80 _build/nrf52840_xxaa/system_nrf52840.c.o

.debug_line     0x0000000000000000     0xa140
 .debug_line    0x0000000000000000       0x89 _build/nrf52840_xxaa/gcc_startup_nrf52840.S.o
 .debug_line    0x0000000000000089      0x84c _build/nrf52840_xxaa/boards.c.o
 .debug_line    0x00000000000008d5      0x6b9 _build/nrf52840_xxaa/heap_1.c.o
 .debug_line    0x0000000000000f8e      0x6bc _build/nrf52840_xxaa/list.c.o
 .debug_line    0x000000000000164a      0x631 _build/nrf52840_xxaa/port.c.o
 .debug_line    0x0000000000001c7b      0x6b2 _build/nrf52840_xxaa/port_cmsis.c.o
 .debug_line    0x000000000000232d      0xb2e _build/nrf52840_xxaa/port_cmsis_systick.c.o
 .debug_line    0x0000000000002e5b      0xf53 _build/nrf52840_xxaa/queue.c.o
 .debug_line    0x0000000000003dae     0x12e3 _build/nrf52840_xxaa/tasks.c.o
 .debug_line    0x0000000000005091      0x902 _build/nrf52840_xxaa/timers.c.o
 .debug_line    0x0000000000005993      0x4cb _build/nrf52840_xxaa/app_error.c.o
 .debug_line    0x0000000000005e5e      0x787 _build/nrf52840_xxaa/app_error_weak.c.o
 .debug_line    0x00000000000065e5      0x559 _build/nrf52840_xxaa/app_util_platform.c.o
 .debug_line    0x0000000000006b3e      0x9f8 _build/nrf52840_xxaa/nrf_drv_clock.c.o
 .debug_line    0x0000000000007536      0xacb _build/nrf52840_xxaa/nrfx_clock.c.o
 .debug_line    0x0000000000008001     0x13d8 _build/nrf52840_xxaa/nrfx_gpiote.c.o
 .debug_line    0x00000000000093d9      0x997 _build/nrf52840_xxaa/main.c.o
 .debug_line    0x0000000000009d70      0x3d0 _build/nrf52840_xxaa/system_nrf52840.c.o

.debug_info     0x0000000000000000    0x196f9
 .debug_info    0x0000000000000000       0xc1 _build/nrf52840_xxaa/gcc_startup_nrf52840.S.o
 .debug_info    0x00000000000000c1     0x154a _build/nrf52840_xxaa/boards.c.o
 .debug_info    0x000000000000160b      0xa2b _build/nrf52840_xxaa/heap_1.c.o
 .debug_info    0x0000000000002036      0xb1a _build/nrf52840_xxaa/list.c.o
 .debug_info    0x0000000000002b50      0x940 _build/nrf52840_xxaa/port.c.o
 .debug_info    0x0000000000003490     0x10b5 _build/nrf52840_xxaa/port_cmsis.c.o
 .debug_info    0x0000000000004545     0x17d4 _build/nrf52840_xxaa/port_cmsis_systick.c.o
 .debug_info    0x0000000000005d19     0x31d4 _build/nrf52840_xxaa/queue.c.o
 .debug_info    0x0000000000008eed     0x3765 _build/nrf52840_xxaa/tasks.c.o
 .debug_info    0x000000000000c652     0x1e59 _build/nrf52840_xxaa/timers.c.o
 .debug_info    0x000000000000e4ab      0xaf2 _build/nrf52840_xxaa/app_error.c.o
 .debug_info    0x000000000000ef9d      0xc4d _build/nrf52840_xxaa/app_error_weak.c.o
 .debug_info    0x000000000000fbea      0xfce _build/nrf52840_xxaa/app_util_platform.c.o
 .debug_info    0x0000000000010bb8     0x149c _build/nrf52840_xxaa/nrf_drv_clock.c.o
 .debug_info    0x0000000000012054     0x1a32 _build/nrf52840_xxaa/nrfx_clock.c.o
 .debug_info    0x0000000000013a86     0x3aa5 _build/nrf52840_xxaa/nrfx_gpiote.c.o
 .debug_info    0x000000000001752b      0xe46 _build/nrf52840_xxaa/main.c.o
 .debug_info    0x0000000000018371     0x1388 _build/nrf52840_xxaa/system_nrf52840.c.o

.debug_abbrev   0x0000000000000000     0x38a9
 .debug_abbrev  0x0000000000000000       0x14 _build/nrf52840_xxaa/gcc_startup_nrf52840.S.o
 .debug_abbrev  0x0000000000000014      0x3c6 _build/nrf52840_xxaa/boards.c.o
 .debug_abbrev  0x00000000000003da      0x262 _build/nrf52840_xxaa/heap_1.c.o
 .debug_abbrev  0x000000000000063c      0x223 _build/nrf52840_xxaa/list.c.o
 .debug_abbrev  0x000000000000085f      0x1b1 _build/nrf52840_xxaa/port.c.o
 .debug_abbrev  0x0000000000000a10      0x36b _build/nrf52840_xxaa/port_cmsis.c.o
 .debug_abbrev  0x0000000000000d7b      0x3f8 _build/nrf52840_xxaa/port_cmsis_systick.c.o
 .debug_abbrev  0x0000000000001173      0x45b _build/nrf52840_xxaa/queue.c.o
 .debug_abbrev  0x00000000000015ce      0x4d5 _build/nrf52840_xxaa/tasks.c.o
 .debug_abbrev  0x0000000000001aa3      0x3f8 _build/nrf52840_xxaa/timers.c.o
 .debug_abbrev  0x0000000000001e9b      0x235 _build/nrf52840_xxaa/app_error.c.o
 .debug_abbrev  0x00000000000020d0      0x252 _build/nrf52840_xxaa/app_error_weak.c.o
 .debug_abbrev  0x0000000000002322      0x324 _build/nrf52840_xxaa/app_util_platform.c.o
 .debug_abbrev  0x0000000000002646      0x4a4 _build/nrf52840_xxaa/nrf_drv_clock.c.o
 .debug_abbrev  0x0000000000002aea      0x477 _build/nrf52840_xxaa/nrfx_clock.c.o
 .debug_abbrev  0x0000000000002f61      0x4ea _build/nrf52840_xxaa/nrfx_gpiote.c.o
 .debug_abbrev  0x000000000000344b      0x273 _build/nrf52840_xxaa/main.c.o
 .debug_abbrev  0x00000000000036be      0x1eb _build/nrf52840_xxaa/system_nrf52840.c.o

.debug_aranges  0x0000000000000000      0x768
 .debug_aranges
                0x0000000000000000       0x20 _build/nrf52840_xxaa/gcc_startup_nrf52840.S.o
 .debug_aranges
                0x0000000000000020       0x78 _build/nrf52840_xxaa/boards.c.o
 .debug_aranges
                0x0000000000000098       0x38 _build/nrf52840_xxaa/heap_1.c.o
 .debug_aranges
                0x00000000000000d0       0x40 _build/nrf52840_xxaa/list.c.o
 .debug_aranges
                0x0000000000000110       0x30 _build/nrf52840_xxaa/port.c.o
 .debug_aranges
                0x0000000000000140       0x48 _build/nrf52840_xxaa/port_cmsis.c.o
 .debug_aranges
                0x0000000000000188       0x30 _build/nrf52840_xxaa/port_cmsis_systick.c.o
 .debug_aranges
                0x00000000000001b8       0xd8 _build/nrf52840_xxaa/queue.c.o
 .debug_aranges
                0x0000000000000290      0x190 _build/nrf52840_xxaa/tasks.c.o
 .debug_aranges
                0x0000000000000420       0x80 _build/nrf52840_xxaa/timers.c.o
 .debug_aranges
                0x00000000000004a0       0x28 _build/nrf52840_xxaa/app_error.c.o
 .debug_aranges
                0x00000000000004c8       0x20 _build/nrf52840_xxaa/app_error_weak.c.o
 .debug_aranges
                0x00000000000004e8       0x48 _build/nrf52840_xxaa/app_util_platform.c.o
 .debug_aranges
                0x0000000000000530       0x80 _build/nrf52840_xxaa/nrf_drv_clock.c.o
 .debug_aranges
                0x00000000000005b0       0x78 _build/nrf52840_xxaa/nrfx_clock.c.o
 .debug_aranges
                0x0000000000000628       0xd8 _build/nrf52840_xxaa/nrfx_gpiote.c.o
 .debug_aranges
                0x0000000000000700       0x40 _build/nrf52840_xxaa/main.c.o
 .debug_aranges
                0x0000000000000740       0x28 _build/nrf52840_xxaa/system_nrf52840.c.o

.debug_loc      0x0000000000000000     0x976e
 .debug_loc     0x0000000000000000      0x867 _build/nrf52840_xxaa/boards.c.o
 .debug_loc     0x0000000000000867       0xae _build/nrf52840_xxaa/heap_1.c.o
 .debug_loc     0x0000000000000915       0x70 _build/nrf52840_xxaa/list.c.o
 .debug_loc     0x0000000000000985       0xa5 _build/nrf52840_xxaa/port_cmsis.c.o
 .debug_loc     0x0000000000000a2a      0x545 _build/nrf52840_xxaa/port_cmsis_systick.c.o
 .debug_loc     0x0000000000000f6f     0x1b60 _build/nrf52840_xxaa/queue.c.o
 .debug_loc     0x0000000000002acf     0x276d _build/nrf52840_xxaa/tasks.c.o
 .debug_loc     0x000000000000523c      0xe72 _build/nrf52840_xxaa/timers.c.o
 .debug_loc     0x00000000000060ae       0xca _build/nrf52840_xxaa/app_error.c.o
 .debug_loc     0x0000000000006178       0x42 _build/nrf52840_xxaa/app_error_weak.c.o
 .debug_loc     0x00000000000061ba       0xae _build/nrf52840_xxaa/app_util_platform.c.o
 .debug_loc     0x0000000000006268      0x2c2 _build/nrf52840_xxaa/nrf_drv_clock.c.o
 .debug_loc     0x000000000000652a      0x2f0 _build/nrf52840_xxaa/nrfx_clock.c.o
 .debug_loc     0x000000000000681a     0x2eb2 _build/nrf52840_xxaa/nrfx_gpiote.c.o
 .debug_loc     0x00000000000096cc       0xa2 _build/nrf52840_xxaa/main.c.o

.debug_ranges   0x0000000000000000     0x21c0
 .debug_ranges  0x0000000000000000       0xc8 _build/nrf52840_xxaa/boards.c.o
 .debug_ranges  0x00000000000000c8       0x28 _build/nrf52840_xxaa/heap_1.c.o
 .debug_ranges  0x00000000000000f0       0x30 _build/nrf52840_xxaa/list.c.o
 .debug_ranges  0x0000000000000120       0x20 _build/nrf52840_xxaa/port.c.o
 .debug_ranges  0x0000000000000140       0x50 _build/nrf52840_xxaa/port_cmsis.c.o
 .debug_ranges  0x0000000000000190      0x258 _build/nrf52840_xxaa/port_cmsis_systick.c.o
 .debug_ranges  0x00000000000003e8      0x3e8 _build/nrf52840_xxaa/queue.c.o
 .debug_ranges  0x00000000000007d0      0x670 _build/nrf52840_xxaa/tasks.c.o
 .debug_ranges  0x0000000000000e40      0x240 _build/nrf52840_xxaa/timers.c.o
 .debug_ranges  0x0000000000001080       0x18 _build/nrf52840_xxaa/app_error.c.o
 .debug_ranges  0x0000000000001098       0x10 _build/nrf52840_xxaa/app_error_weak.c.o
 .debug_ranges  0x00000000000010a8       0x50 _build/nrf52840_xxaa/app_util_platform.c.o
 .debug_ranges  0x00000000000010f8       0xf0 _build/nrf52840_xxaa/nrf_drv_clock.c.o
 .debug_ranges  0x00000000000011e8      0x270 _build/nrf52840_xxaa/nrfx_clock.c.o
 .debug_ranges  0x0000000000001458      0xce0 _build/nrf52840_xxaa/nrfx_gpiote.c.o
 .debug_ranges  0x0000000000002138       0x48 _build/nrf52840_xxaa/main.c.o
 .debug_ranges  0x0000000000002180       0x40 _build/nrf52840_xxaa/system_nrf52840.c.o

.debug_macro    0x0000000000000000    0x18ec5
 .debug_macro   0x0000000000000000      0x327 _build/nrf52840_xxaa/boards.c.o
 .debug_macro   0x0000000000000327      0x8c8 _build/nrf52840_xxaa/boards.c.o
 .debug_macro   0x0000000000000bef      0x65a _build/nrf52840_xxaa/boards.c.o
 .debug_macro   0x0000000000001249       0x22 _build/nrf52840_xxaa/boards.c.o
 .debug_macro   0x000000000000126b       0x4f _build/nrf52840_xxaa/boards.c.o
 .debug_macro   0x00000000000012ba       0x51 _build/nrf52840_xxaa/boards.c.o
 .debug_macro   0x000000000000130b       0xef _build/nrf52840_xxaa/boards.c.o
 .debug_macro   0x00000000000013fa       0x6a _build/nrf52840_xxaa/boards.c.o
 .debug_macro   0x0000000000001464      0x1df _build/nrf52840_xxaa/boards.c.o
 .debug_macro   0x0000000000001643      0x16d _build/nrf52840_xxaa/boards.c.o
 .debug_macro   0x00000000000017b0       0x22 _build/nrf52840_xxaa/boards.c.o
 .debug_macro   0x00000000000017d2       0x22 _build/nrf52840_xxaa/boards.c.o
 .debug_macro   0x00000000000017f4       0x2d _build/nrf52840_xxaa/boards.c.o
 .debug_macro   0x0000000000001821       0x3b _build/nrf52840_xxaa/boards.c.o
 .debug_macro   0x000000000000185c       0x50 _build/nrf52840_xxaa/boards.c.o
 .debug_macro   0x00000000000018ac      0xe66 _build/nrf52840_xxaa/boards.c.o
 .debug_macro   0x0000000000002712      0x402 _build/nrf52840_xxaa/boards.c.o
 .debug_macro   0x0000000000002b14     0xfe8b _build/nrf52840_xxaa/boards.c.o
 .debug_macro   0x000000000001299f      0xa4c _build/nrf52840_xxaa/boards.c.o
 .debug_macro   0x00000000000133eb       0xb2 _build/nrf52840_xxaa/boards.c.o
 .debug_macro   0x000000000001349d       0x22 _build/nrf52840_xxaa/boards.c.o
 .debug_macro   0x00000000000134bf      0x419 _build/nrf52840_xxaa/boards.c.o
 .debug_macro   0x00000000000138d8       0x36 _build/nrf52840_xxaa/boards.c.o
 .debug_macro   0x000000000001390e       0xd5 _build/nrf52840_xxaa/boards.c.o
 .debug_macro   0x00000000000139e3      0x141 _build/nrf52840_xxaa/boards.c.o
 .debug_macro   0x0000000000013b24       0x16 _build/nrf52840_xxaa/boards.c.o
 .debug_macro   0x0000000000013b3a      0x16d _build/nrf52840_xxaa/boards.c.o
 .debug_macro   0x0000000000013ca7      0x4e4 _build/nrf52840_xxaa/boards.c.o
 .debug_macro   0x000000000001418b       0x3f _build/nrf52840_xxaa/boards.c.o
 .debug_macro   0x00000000000141ca       0x58 _build/nrf52840_xxaa/boards.c.o
 .debug_macro   0x0000000000014222       0x35 _build/nrf52840_xxaa/boards.c.o
 .debug_macro   0x0000000000014257       0x9c _build/nrf52840_xxaa/boards.c.o
 .debug_macro   0x00000000000142f3       0x16 _build/nrf52840_xxaa/boards.c.o
 .debug_macro   0x0000000000014309       0x35 _build/nrf52840_xxaa/boards.c.o
 .debug_macro   0x000000000001433e      0x353 _build/nrf52840_xxaa/boards.c.o
 .debug_macro   0x0000000000014691       0x10 _build/nrf52840_xxaa/boards.c.o
 .debug_macro   0x00000000000146a1       0x58 _build/nrf52840_xxaa/boards.c.o
 .debug_macro   0x00000000000146f9       0x1f _build/nrf52840_xxaa/boards.c.o
 .debug_macro   0x0000000000014718       0x43 _build/nrf52840_xxaa/boards.c.o
 .debug_macro   0x000000000001475b       0x20 _build/nrf52840_xxaa/boards.c.o
 .debug_macro   0x000000000001477b      0x187 _build/nrf52840_xxaa/boards.c.o
 .debug_macro   0x0000000000014902       0x10 _build/nrf52840_xxaa/boards.c.o
 .debug_macro   0x0000000000014912       0xb6 _build/nrf52840_xxaa/boards.c.o
 .debug_macro   0x00000000000149c8       0x16 _build/nrf52840_xxaa/boards.c.o
 .debug_macro   0x00000000000149de      0x145 _build/nrf52840_xxaa/boards.c.o
 .debug_macro   0x0000000000014b23       0x8e _build/nrf52840_xxaa/boards.c.o
 .debug_macro   0x0000000000014bb1       0xa7 _build/nrf52840_xxaa/boards.c.o
 .debug_macro   0x0000000000014c58       0x49 _build/nrf52840_xxaa/boards.c.o
 .debug_macro   0x0000000000014ca1       0x8c _build/nrf52840_xxaa/boards.c.o
 .debug_macro   0x0000000000014d2d       0x19 _build/nrf52840_xxaa/boards.c.o
 .debug_macro   0x0000000000014d46       0x16 _build/nrf52840_xxaa/boards.c.o
 .debug_macro   0x0000000000014d5c       0x7b _build/nrf52840_xxaa/boards.c.o
 .debug_macro   0x0000000000014dd7       0x64 _build/nrf52840_xxaa/boards.c.o
 .debug_macro   0x0000000000014e3b       0x20 _build/nrf52840_xxaa/boards.c.o
 .debug_macro   0x0000000000014e5b       0x16 _build/nrf52840_xxaa/boards.c.o
 .debug_macro   0x0000000000014e71      0x208 _build/nrf52840_xxaa/boards.c.o
 .debug_macro   0x0000000000015079      0x16d _build/nrf52840_xxaa/boards.c.o
 .debug_macro   0x00000000000151e6      0x302 _build/nrf52840_xxaa/heap_1.c.o
 .debug_macro   0x00000000000154e8      0x2e1 _build/nrf52840_xxaa/list.c.o
 .debug_macro   0x00000000000157c9      0x2d1 _build/nrf52840_xxaa/port.c.o
 .debug_macro   0x0000000000015a9a      0x2fb _build/nrf52840_xxaa/port_cmsis.c.o
 .debug_macro   0x0000000000015d95      0x436 _build/nrf52840_xxaa/port_cmsis_systick.c.o
 .debug_macro   0x00000000000161cb       0x16 _build/nrf52840_xxaa/port_cmsis_systick.c.o
 .debug_macro   0x00000000000161e1       0x22 _build/nrf52840_xxaa/port_cmsis_systick.c.o
 .debug_macro   0x0000000000016203       0x54 _build/nrf52840_xxaa/port_cmsis_systick.c.o
 .debug_macro   0x0000000000016257       0x31 _build/nrf52840_xxaa/port_cmsis_systick.c.o
 .debug_macro   0x0000000000016288       0x16 _build/nrf52840_xxaa/port_cmsis_systick.c.o
 .debug_macro   0x000000000001629e       0x49 _build/nrf52840_xxaa/port_cmsis_systick.c.o
 .debug_macro   0x00000000000162e7      0x17d _build/nrf52840_xxaa/port_cmsis_systick.c.o
 .debug_macro   0x0000000000016464       0x9a _build/nrf52840_xxaa/port_cmsis_systick.c.o
 .debug_macro   0x00000000000164fe       0x5a _build/nrf52840_xxaa/port_cmsis_systick.c.o
 .debug_macro   0x0000000000016558       0x28 _build/nrf52840_xxaa/port_cmsis_systick.c.o
 .debug_macro   0x0000000000016580       0x16 _build/nrf52840_xxaa/port_cmsis_systick.c.o
 .debug_macro   0x0000000000016596       0x10 _build/nrf52840_xxaa/port_cmsis_systick.c.o
 .debug_macro   0x00000000000165a6      0x353 _build/nrf52840_xxaa/queue.c.o
 .debug_macro   0x00000000000168f9       0x86 _build/nrf52840_xxaa/queue.c.o
 .debug_macro   0x000000000001697f      0x3bb _build/nrf52840_xxaa/tasks.c.o
 .debug_macro   0x0000000000016d3a       0x10 _build/nrf52840_xxaa/tasks.c.o
 .debug_macro   0x0000000000016d4a      0x324 _build/nrf52840_xxaa/timers.c.o
 .debug_macro   0x000000000001706e      0x220 _build/nrf52840_xxaa/app_error.c.o
 .debug_macro   0x000000000001728e       0x35 _build/nrf52840_xxaa/app_error.c.o
 .debug_macro   0x00000000000172c3       0x97 _build/nrf52840_xxaa/app_error.c.o
 .debug_macro   0x000000000001735a       0xf6 _build/nrf52840_xxaa/app_error.c.o
 .debug_macro   0x0000000000017450      0x359 _build/nrf52840_xxaa/app_error_weak.c.o
 .debug_macro   0x00000000000177a9       0x28 _build/nrf52840_xxaa/app_error_weak.c.o
 .debug_macro   0x00000000000177d1       0x92 _build/nrf52840_xxaa/app_error_weak.c.o
 .debug_macro   0x0000000000017863       0x98 _build/nrf52840_xxaa/app_error_weak.c.o
 .debug_macro   0x00000000000178fb       0x10 _build/nrf52840_xxaa/app_error_weak.c.o
 .debug_macro   0x000000000001790b       0x1c _build/nrf52840_xxaa/app_error_weak.c.o
 .debug_macro   0x0000000000017927      0x236 _build/nrf52840_xxaa/app_util_platform.c.o
 .debug_macro   0x0000000000017b5d      0x3e8 _build/nrf52840_xxaa/nrf_drv_clock.c.o
 .debug_macro   0x0000000000017f45       0x37 _build/nrf52840_xxaa/nrf_drv_clock.c.o
 .debug_macro   0x0000000000017f7c       0x10 _build/nrf52840_xxaa/nrf_drv_clock.c.o
 .debug_macro   0x0000000000017f8c      0x177 _build/nrf52840_xxaa/nrf_drv_clock.c.o
 .debug_macro   0x0000000000018103      0x3f3 _build/nrf52840_xxaa/nrfx_clock.c.o
 .debug_macro   0x00000000000184f6       0x1c _build/nrf52840_xxaa/nrfx_clock.c.o
 .debug_macro   0x0000000000018512       0x42 _build/nrf52840_xxaa/nrfx_clock.c.o
 .debug_macro   0x0000000000018554      0x3fe _build/nrf52840_xxaa/nrfx_gpiote.c.o
 .debug_macro   0x0000000000018952       0x1c _build/nrf52840_xxaa/nrfx_gpiote.c.o
 .debug_macro   0x000000000001896e       0x16 _build/nrf52840_xxaa/nrfx_gpiote.c.o
 .debug_macro   0x0000000000018984      0x40b _build/nrf52840_xxaa/main.c.o
 .debug_macro   0x0000000000018d8f       0x45 _build/nrf52840_xxaa/main.c.o
 .debug_macro   0x0000000000018dd4       0xf1 _build/nrf52840_xxaa/system_nrf52840.c.o

.debug_str      0x0000000000000000    0x895aa
 .debug_str     0x0000000000000000    0x7ac55 _build/nrf52840_xxaa/boards.c.o
                                      0x7bd6d (size before relaxing)
 .debug_str     0x000000000007ac55     0x3d85 _build/nrf52840_xxaa/heap_1.c.o
                                      0x7a1f2 (size before relaxing)
 .debug_str     0x000000000007e9da      0x154 _build/nrf52840_xxaa/list.c.o
                                      0x79c2e (size before relaxing)
 .debug_str     0x000000000007eb2e       0x52 _build/nrf52840_xxaa/port.c.o
                                      0x7a040 (size before relaxing)
 .debug_str     0x000000000007eb80      0x546 _build/nrf52840_xxaa/port_cmsis.c.o
                                      0x7a66b (size before relaxing)
 .debug_str     0x000000000007f0c6     0x3067 _build/nrf52840_xxaa/port_cmsis_systick.c.o
                                      0x8157b (size before relaxing)
 .debug_str     0x000000000008212d     0x100e _build/nrf52840_xxaa/queue.c.o
                                      0x7b330 (size before relaxing)
 .debug_str     0x000000000008313b     0x1979 _build/nrf52840_xxaa/tasks.c.o
                                      0x7bfcb (size before relaxing)
 .debug_str     0x0000000000084ab4      0x4e9 _build/nrf52840_xxaa/timers.c.o
                                      0x7b7c5 (size before relaxing)
 .debug_str     0x0000000000084f9d      0x104 _build/nrf52840_xxaa/app_error.c.o
                                      0x71d42 (size before relaxing)
 .debug_str     0x00000000000850a1     0x10cb _build/nrf52840_xxaa/app_error_weak.c.o
                                      0x7ba84 (size before relaxing)
 .debug_str     0x000000000008616c      0x1f0 _build/nrf52840_xxaa/app_util_platform.c.o
                                      0x72579 (size before relaxing)
 .debug_str     0x000000000008635c      0x8f5 _build/nrf52840_xxaa/nrf_drv_clock.c.o
                                      0x7d97b (size before relaxing)
 .debug_str     0x0000000000086c51      0x73a _build/nrf52840_xxaa/nrfx_clock.c.o
                                      0x7e04b (size before relaxing)
 .debug_str     0x000000000008738b     0x18ad _build/nrf52840_xxaa/nrfx_gpiote.c.o
                                      0x7f32f (size before relaxing)
 .debug_str     0x0000000000088c38      0x4ad _build/nrf52840_xxaa/main.c.o
                                      0x801ce (size before relaxing)
 .debug_str     0x00000000000890e5      0x4c5 _build/nrf52840_xxaa/system_nrf52840.c.o
                                      0x6d94e (size before relaxing)

.debug_frame    0x0000000000000000     0x1498
 .debug_frame   0x0000000000000000       0xfc _build/nrf52840_xxaa/boards.c.o
 .debug_frame   0x00000000000000fc       0x5c _build/nrf52840_xxaa/heap_1.c.o
 .debug_frame   0x0000000000000158       0x70 _build/nrf52840_xxaa/list.c.o
 .debug_frame   0x00000000000001c8       0x40 _build/nrf52840_xxaa/port.c.o
 .debug_frame   0x0000000000000208       0x84 _build/nrf52840_xxaa/port_cmsis.c.o
 .debug_frame   0x000000000000028c       0x80 _build/nrf52840_xxaa/port_cmsis_systick.c.o
 .debug_frame   0x000000000000030c      0x304 _build/nrf52840_xxaa/queue.c.o
 .debug_frame   0x0000000000000610      0x5ac _build/nrf52840_xxaa/tasks.c.o
 .debug_frame   0x0000000000000bbc      0x198 _build/nrf52840_xxaa/timers.c.o
 .debug_frame   0x0000000000000d54       0x54 _build/nrf52840_xxaa/app_error.c.o
 .debug_frame   0x0000000000000da8       0x20 _build/nrf52840_xxaa/app_error_weak.c.o
 .debug_frame   0x0000000000000dc8       0x70 _build/nrf52840_xxaa/app_util_platform.c.o
 .debug_frame   0x0000000000000e38      0x160 _build/nrf52840_xxaa/nrf_drv_clock.c.o
 .debug_frame   0x0000000000000f98      0x118 _build/nrf52840_xxaa/nrfx_clock.c.o
 .debug_frame   0x00000000000010b0      0x268 _build/nrf52840_xxaa/nrfx_gpiote.c.o
 .debug_frame   0x0000000000001318       0x84 _build/nrf52840_xxaa/main.c.o
 .debug_frame   0x000000000000139c       0x40 _build/nrf52840_xxaa/system_nrf52840.c.o
 .debug_frame   0x00000000000013dc       0x28 /usr/local/gcc-arm-none-eabi-6-2017-q2-update/bin/../lib/gcc/arm-none-eabi/6.3.1/../../../../arm-none-eabi/lib/thumb/v7e-m/fpv4-sp/hard/libc_nano.a(lib_a-exit.o)
 .debug_frame   0x0000000000001404       0x2c /usr/local/gcc-arm-none-eabi-6-2017-q2-update/bin/../lib/gcc/arm-none-eabi/6.3.1/../../../../arm-none-eabi/lib/thumb/v7e-m/fpv4-sp/hard/libc_nano.a(lib_a-init.o)
 .debug_frame   0x0000000000001430       0x28 /usr/local/gcc-arm-none-eabi-6-2017-q2-update/bin/../lib/gcc/arm-none-eabi/6.3.1/../../../../arm-none-eabi/lib/thumb/v7e-m/fpv4-sp/hard/libc_nano.a(lib_a-memcpy-stub.o)
 .debug_frame   0x0000000000001458       0x20 /usr/local/gcc-arm-none-eabi-6-2017-q2-update/bin/../lib/gcc/arm-none-eabi/6.3.1/../../../../arm-none-eabi/lib/thumb/v7e-m/fpv4-sp/hard/libc_nano.a(lib_a-memset.o)
 .debug_frame   0x0000000000001478       0x20 /usr/local/gcc-arm-none-eabi-6-2017-q2-update/bin/../lib/gcc/arm-none-eabi/6.3.1/../../../../arm-none-eabi/lib/thumb/v7e-m/fpv4-sp/hard/libnosys.a(_exit.o)
